11-21 22:48:49.613 I/chatty  (  901): uid=1000(system) Binder:901_9 expire 35 lines
11-21 22:49:43.477 I/chatty  (  901): uid=1000(system) Binder:901_D expire 21 lines
11-21 22:50:20.972 I/chatty  (  901): uid=1000(system) batterystats-wo expire 2 lines
11-21 22:50:21.016 I/chatty  (  901): uid=1000(system) android.bg expire 1 line
11-21 22:50:29.704 I/chatty  (  901): uid=1000(system) Binder:901_8 expire 39 lines
11-21 22:50:40.549 I/chatty  (  901): uid=1000(system) Binder:901_1B expire 20 lines
11-21 22:51:29.905 I/chatty  (  901): uid=1000(system) Binder:901_C expire 25 lines
11-21 22:51:46.229 I/chatty  (  901): uid=1000(system) Binder:901_1F expire 1 line
11-21 22:51:46.230 I/chatty  (  901): uid=1000(system) ConnectivitySer expire 2 lines
11-21 22:51:49.276 I/chatty  (  901): uid=1000(system) ActivityManager expire 1 line
11-21 22:52:01.934 I/chatty  (  901): uid=1000(system) Binder:901_7 expire 16 lines
11-21 22:52:33.086 I/chatty  (  901): uid=1000(system) Binder:901_C expire 33 lines
11-21 22:52:36.110 I/chatty  (  901): uid=1000(system) OemGestureButto expire 4 lines
11-21 22:52:36.273 I/chatty  (  901): uid=1000(system) Binder:901_9 expire 30 lines
11-21 22:52:44.603 I/chatty  (  901): uid=1000(system) AlarmManager expire 10 lines
11-21 22:52:44.668 I/chatty  (  901): uid=1000(system) NetworkPolicy expire 14 lines
11-21 22:52:44.669 I/chatty  (  901): uid=1000(system) ActivityManager expire 31 lines
11-21 22:52:48.284 I/chatty  (  901): uid=1000 system_server expire 21 lines
11-21 22:52:51.638 I/chatty  (  901): uid=1000(system) Binder:901_14 expire 20 lines
11-21 22:53:07.853 I/chatty  (  901): uid=1000(system) Binder:901_8 expire 12 lines
11-21 22:54:38.085 I/chatty  (  901): uid=1000(system) ConnectivitySer expire 1 line
11-21 22:54:41.147 I/chatty  (  901): uid=1000(system) ActivityManager expire 1 line
11-21 22:54:46.215 I/chatty  (  901): uid=1000(system) Binder:901_6 expire 12 lines
11-21 22:54:53.969 I/chatty  (  901): uid=1000(system) Binder:901_F expire 8 lines
11-21 22:55:21.095 I/chatty  (  901): uid=1000(system) batterystats-wo expire 3 lines
11-21 22:55:21.115 I/chatty  (  901): uid=1000(system) android.bg expire 1 line
11-21 22:55:27.989 I/chatty  (  901): uid=1000(system) ramboost expire 5 lines
11-21 22:55:35.159 W/ViewRootImpl[HomeActivity](32611): Dropping event due to no window focus: MotionEvent { action=ACTION_MOVE, actionButton=0, id[0]=0, x[0]=537.0, y[0]=2166.0, toolType[0]=TOOL_TYPE_FINGER, buttonState=0, metaState=0, flags=0x1, edgeFlags=0x0, pointerCount=1, historySize=3, eventTime=76273945, downTime=76273772, deviceId=6, source=0x1002 }
11-21 22:55:35.159 W/ViewRootImpl[HomeActivity](32611): Cancelling event due to no window focus: MotionEvent { action=ACTION_CANCEL, actionButton=0, id[0]=0, x[0]=537.0, y[0]=2166.0, toolType[0]=TOOL_TYPE_FINGER, buttonState=0, metaState=0, flags=0x1, edgeFlags=0x0, pointerCount=1, historySize=0, eventTime=76273953, downTime=76273772, deviceId=6, source=0x1002 }
11-21 22:55:35.160 I/chatty  (32611): uid=10122(com.whatsapp) identical 3 lines
11-21 22:55:35.160 W/ViewRootImpl[HomeActivity](32611): Cancelling event due to no window focus: MotionEvent { action=ACTION_CANCEL, actionButton=0, id[0]=0, x[0]=537.0, y[0]=2166.0, toolType[0]=TOOL_TYPE_FINGER, buttonState=0, metaState=0, flags=0x1, edgeFlags=0x0, pointerCount=1, historySize=0, eventTime=76273953, downTime=76273772, deviceId=6, source=0x1002 }
11-21 22:55:35.438 I/chatty  (  901): uid=1000(system) ActivityManager expire 4 lines
11-21 22:55:35.462 I/chatty  (  901): uid=1000(system) Binder:901_1B expire 1 line
11-21 22:55:35.464 I/chatty  (  901): uid=1000(system) Binder:901_18 expire 2 lines
11-21 22:55:35.939 I/chatty  (  901): uid=1000 system_server expire 25 lines
11-21 22:55:35.940 I/chatty  (  901): uid=1000(system) OIMC expire 8 lines
11-21 22:55:36.838 W/ViewRootImpl[HomeActivity](32611): Dropping event due to no window focus: MotionEvent { action=ACTION_MOVE, actionButton=0, id[0]=0, x[0]=596.10455, y[0]=2137.954, toolType[0]=TOOL_TYPE_FINGER, buttonState=0, metaState=0, flags=0x1, edgeFlags=0x0, pointerCount=1, historySize=2, eventTime=76275681, downTime=76275515, deviceId=6, source=0x1002 }
11-21 22:55:36.855 W/ViewRootImpl[HomeActivity](32611): Dropping event due to no window focus: MotionEvent { action=ACTION_MOVE, actionButton=0, id[0]=0, x[0]=598.0805, y[0]=2125.517, toolType[0]=TOOL_TYPE_FINGER, buttonState=0, metaState=0, flags=0x1, edgeFlags=0x0, pointerCount=1, historySize=2, eventTime=76275698, downTime=76275515, deviceId=6, source=0x1002 }
11-21 22:55:36.872 W/ViewRootImpl[HomeActivity](32611): Dropping event due to no window focus: MotionEvent { action=ACTION_MOVE, actionButton=0, id[0]=0, x[0]=600.03314, y[0]=2116.8674, toolType[0]=TOOL_TYPE_FINGER, buttonState=0, metaState=0, flags=0x1, edgeFlags=0x0, pointerCount=1, historySize=2, eventTime=76275715, downTime=76275515, deviceId=6, source=0x1002 }
11-21 22:55:36.888 W/ViewRootImpl[HomeActivity](32611): Dropping event due to no window focus: MotionEvent { action=ACTION_MOVE, actionButton=0, id[0]=0, x[0]=600.0, y[0]=2109.0261, toolType[0]=TOOL_TYPE_FINGER, buttonState=0, metaState=0, flags=0x1, edgeFlags=0x0, pointerCount=1, historySize=1, eventTime=76275731, downTime=76275515, deviceId=6, source=0x1002 }
11-21 22:55:36.905 W/ViewRootImpl[HomeActivity](32611): Dropping event due to no window focus: MotionEvent { action=ACTION_MOVE, actionButton=0, id[0]=0, x[0]=601.0, y[0]=2102.2612, toolType[0]=TOOL_TYPE_FINGER, buttonState=0, metaState=0, flags=0x1, edgeFlags=0x0, pointerCount=1, historySize=2, eventTime=76275748, downTime=76275515, deviceId=6, source=0x1002 }
11-21 22:55:36.921 W/ViewRootImpl[HomeActivity](32611): Dropping event due to no window focus: MotionEvent { action=ACTION_MOVE, actionButton=0, id[0]=0, x[0]=601.86993, y[0]=2095.3901, toolType[0]=TOOL_TYPE_FINGER, buttonState=0, metaState=0, flags=0x1, edgeFlags=0x0, pointerCount=1, historySize=2, eventTime=76275765, downTime=76275515, deviceId=6, source=0x1002 }
11-21 22:55:36.938 W/ViewRootImpl[HomeActivity](32611): Dropping event due to no window focus: MotionEvent { action=ACTION_MOVE, actionButton=0, id[0]=0, x[0]=602.0, y[0]=2087.5889, toolType[0]=TOOL_TYPE_FINGER, buttonState=0, metaState=0, flags=0x1, edgeFlags=0x0, pointerCount=1, historySize=2, eventTime=76275781, downTime=76275515, deviceId=6, source=0x1002 }
11-21 22:55:36.955 W/ViewRootImpl[HomeActivity](32611): Dropping event due to no window focus: MotionEvent { action=ACTION_MOVE, actionButton=0, id[0]=0, x[0]=602.0, y[0]=2082.3264, toolType[0]=TOOL_TYPE_FINGER, buttonState=0, metaState=0, flags=0x1, edgeFlags=0x0, pointerCount=1, historySize=2, eventTime=76275798, downTime=76275515, deviceId=6, source=0x1002 }
11-21 22:55:36.971 W/ViewRootImpl[HomeActivity](32611): Dropping event due to no window focus: MotionEvent { action=ACTION_MOVE, actionButton=0, id[0]=0, x[0]=602.0, y[0]=2077.4011, toolType[0]=TOOL_TYPE_FINGER, buttonState=0, metaState=0, flags=0x1, edgeFlags=0x0, pointerCount=1, historySize=2, eventTime=76275815, downTime=76275515, deviceId=6, source=0x1002 }
11-21 22:55:36.988 W/ViewRootImpl[HomeActivity](32611): Dropping event due to no window focus: MotionEvent { action=ACTION_MOVE, actionButton=0, id[0]=0, x[0]=602.0, y[0]=2073.4824, toolType[0]=TOOL_TYPE_FINGER, buttonState=0, metaState=0, flags=0x1, edgeFlags=0x0, pointerCount=1, historySize=2, eventTime=76275831, downTime=76275515, deviceId=6, source=0x1002 }
11-21 22:55:37.005 W/ViewRootImpl[HomeActivity](32611): Dropping event due to no window focus: MotionEvent { action=ACTION_MOVE, actionButton=0, id[0]=0, x[0]=601.0, y[0]=2070.5896, toolType[0]=TOOL_TYPE_FINGER, buttonState=0, metaState=0, flags=0x1, edgeFlags=0x0, pointerCount=1, historySize=2, eventTime=76275848, downTime=76275515, deviceId=6, source=0x1002 }
11-21 22:55:37.021 W/ViewRootImpl[HomeActivity](32611): Dropping event due to no window focus: MotionEvent { action=ACTION_MOVE, actionButton=0, id[0]=0, x[0]=601.0, y[0]=2067.6475, toolType[0]=TOOL_TYPE_FINGER, buttonState=0, metaState=0, flags=0x1, edgeFlags=0x0, pointerCount=1, historySize=2, eventTime=76275864, downTime=76275515, deviceId=6, source=0x1002 }
11-21 22:55:37.038 W/ViewRootImpl[HomeActivity](32611): Dropping event due to no window focus: MotionEvent { action=ACTION_MOVE, actionButton=0, id[0]=0, x[0]=600.37976, y[0]=2064.7595, toolType[0]=TOOL_TYPE_FINGER, buttonState=0, metaState=0, flags=0x1, edgeFlags=0x0, pointerCount=1, historySize=2, eventTime=76275881, downTime=76275515, deviceId=6, source=0x1002 }
11-21 22:55:37.054 W/ViewRootImpl[HomeActivity](32611): Dropping event due to no window focus: MotionEvent { action=ACTION_MOVE, actionButton=0, id[0]=0, x[0]=599.42914, y[0]=2061.4292, toolType[0]=TOOL_TYPE_FINGER, buttonState=0, metaState=0, flags=0x1, edgeFlags=0x0, pointerCount=1, historySize=2, eventTime=76275898, downTime=76275515, deviceId=6, source=0x1002 }
11-21 22:55:37.071 W/ViewRootImpl[HomeActivity](32611): Dropping event due to no window focus: MotionEvent { action=ACTION_MOVE, actionButton=0, id[0]=0, x[0]=599.0, y[0]=2058.477, toolType[0]=TOOL_TYPE_FINGER, buttonState=0, metaState=0, flags=0x1, edgeFlags=0x0, pointerCount=1, historySize=2, eventTime=76275914, downTime=76275515, deviceId=6, source=0x1002 }
11-21 22:55:37.088 W/ViewRootImpl[HomeActivity](32611): Dropping event due to no window focus: MotionEvent { action=ACTION_MOVE, actionButton=0, id[0]=0, x[0]=599.0, y[0]=2055.5217, toolType[0]=TOOL_TYPE_FINGER, buttonState=0, metaState=0, flags=0x1, edgeFlags=0x0, pointerCount=1, historySize=2, eventTime=76275931, downTime=76275515, deviceId=6, source=0x1002 }
11-21 22:55:37.104 W/ViewRootImpl[HomeActivity](32611): Dropping event due to no window focus: MotionEvent { action=ACTION_MOVE, actionButton=0, id[0]=0, x[0]=597.56244, y[0]=2053.5625, toolType[0]=TOOL_TYPE_FINGER, buttonState=0, metaState=0, flags=0x1, edgeFlags=0x0, pointerCount=1, historySize=2, eventTime=76275948, downTime=76275515, deviceId=6, source=0x1002 }
11-21 22:55:37.121 W/ViewRootImpl[HomeActivity](32611): Dropping event due to no window focus: MotionEvent { action=ACTION_MOVE, actionButton=0, id[0]=0, x[0]=598.0, y[0]=2050.6042, toolType[0]=TOOL_TYPE_FINGER, buttonState=0, metaState=0, flags=0x1, edgeFlags=0x0, pointerCount=1, historySize=2, eventTime=76275964, downTime=76275515, deviceId=6, source=0x1002 }
11-21 22:55:37.138 W/ViewRootImpl[HomeActivity](32611): Dropping event due to no window focus: MotionEvent { action=ACTION_MOVE, actionButton=0, id[0]=0, x[0]=598.0, y[0]=2048.6445, toolType[0]=TOOL_TYPE_FINGER, buttonState=0, metaState=0, flags=0x1, edgeFlags=0x0, pointerCount=1, historySize=2, eventTime=76275981, downTime=76275515, deviceId=6, source=0x1002 }
11-21 22:55:37.154 W/ViewRootImpl[HomeActivity](32611): Dropping event due to no window focus: MotionEvent { action=ACTION_MOVE, actionButton=0, id[0]=0, x[0]=597.0, y[0]=2046.715, toolType[0]=TOOL_TYPE_FINGER, buttonState=0, metaState=0, flags=0x1, edgeFlags=0x0, pointerCount=1, historySize=2, eventTime=76275998, downTime=76275515, deviceId=6, source=0x1002 }
11-21 22:55:37.171 W/ViewRootImpl[HomeActivity](32611): Dropping event due to no window focus: MotionEvent { action=ACTION_MOVE, actionButton=0, id[0]=0, x[0]=597.0, y[0]=2044.7288, toolType[0]=TOOL_TYPE_FINGER, buttonState=0, metaState=0, flags=0x1, edgeFlags=0x0, pointerCount=1, historySize=2, eventTime=76276014, downTime=76275515, deviceId=6, source=0x1002 }
11-21 22:55:37.188 W/ViewRootImpl[HomeActivity](32611): Dropping event due to no window focus: MotionEvent { action=ACTION_MOVE, actionButton=0, id[0]=0, x[0]=597.0, y[0]=2043.8469, toolType[0]=TOOL_TYPE_FINGER, buttonState=0, metaState=0, flags=0x1, edgeFlags=0x0, pointerCount=1, historySize=1, eventTime=76276031, downTime=76275515, deviceId=6, source=0x1002 }
11-21 22:55:37.205 W/ViewRootImpl[HomeActivity](32611): Dropping event due to no window focus: MotionEvent { action=ACTION_MOVE, actionButton=0, id[0]=0, x[0]=596.0, y[0]=2041.7291, toolType[0]=TOOL_TYPE_FINGER, buttonState=0, metaState=0, flags=0x1, edgeFlags=0x0, pointerCount=1, historySize=2, eventTime=76276048, downTime=76275515, deviceId=6, source=0x1002 }
11-21 22:55:37.222 W/ViewRootImpl[HomeActivity](32611): Dropping event due to no window focus: MotionEvent { action=ACTION_MOVE, actionButton=0, id[0]=0, x[0]=594.8914, y[0]=2039.7828, toolType[0]=TOOL_TYPE_FINGER, buttonState=0, metaState=0, flags=0x1, edgeFlags=0x0, pointerCount=1, historySize=1, eventTime=76276065, downTime=76275515, deviceId=6, source=0x1002 }
11-21 22:55:37.238 W/ViewRootImpl[HomeActivity](32611): Dropping event due to no window focus: MotionEvent { action=ACTION_MOVE, actionButton=0, id[0]=0, x[0]=593.87427, y[0]=2037.8743, toolType[0]=TOOL_TYPE_FINGER, buttonState=0, metaState=0, flags=0x1, edgeFlags=0x0, pointerCount=1, historySize=2, eventTime=76276081, downTime=76275515, deviceId=6, source=0x1002 }
11-21 22:55:37.255 W/ViewRootImpl[HomeActivity](32611): Dropping event due to no window focus: MotionEvent { action=ACTION_MOVE, actionButton=0, id[0]=0, x[0]=592.862, y[0]=2034.8619, toolType[0]=TOOL_TYPE_FINGER, buttonState=0, metaState=0, flags=0x1, edgeFlags=0x0, pointerCount=1, historySize=2, eventTime=76276098, downTime=76275515, deviceId=6, source=0x1002 }
11-21 22:55:37.271 W/ViewRootImpl[HomeActivity](32611): Dropping event due to no window focus: MotionEvent { action=ACTION_MOVE, actionButton=0, id[0]=0, x[0]=591.9275, y[0]=2032.9275, toolType[0]=TOOL_TYPE_FINGER, buttonState=0, metaState=0, flags=0x1, edgeFlags=0x0, pointerCount=1, historySize=2, eventTime=76276115, downTime=76275515, deviceId=6, source=0x1002 }
11-21 22:55:37.288 W/ViewRootImpl[HomeActivity](32611): Dropping event due to no window focus: MotionEvent { action=ACTION_MOVE, actionButton=0, id[0]=0, x[0]=592.0, y[0]=2031.5, toolType[0]=TOOL_TYPE_FINGER, buttonState=0, metaState=0, flags=0x1, edgeFlags=0x0, pointerCount=1, historySize=1, eventTime=76276126, downTime=76275515, deviceId=6, source=0x1002 }
11-21 22:55:37.305 W/ViewRootImpl[HomeActivity](32611): Dropping event due to no window focus: MotionEvent { action=ACTION_MOVE, actionButton=0, id[0]=0, x[0]=590.53064, y[0]=2030.5306, toolType[0]=TOOL_TYPE_FINGER, buttonState=0, metaState=0, flags=0x1, edgeFlags=0x0, pointerCount=1, historySize=1, eventTime=76276147, downTime=76275515, deviceId=6, source=0x1002 }
11-21 22:55:37.322 W/ViewRootImpl[HomeActivity](32611): Dropping event due to no window focus: MotionEvent { action=ACTION_MOVE, actionButton=0, id[0]=0, x[0]=591.0, y[0]=2029.5292, toolType[0]=TOOL_TYPE_FINGER, buttonState=0, metaState=0, flags=0x1, edgeFlags=0x0, pointerCount=1, historySize=1, eventTime=76276164, downTime=76275515, deviceId=6, source=0x1002 }
11-21 22:55:37.588 W/ViewRootImpl[HomeActivity](32611): Dropping event due to no window focus: MotionEvent { action=ACTION_MOVE, actionButton=0, id[0]=0, x[0]=588.5814, y[0]=2030.0, toolType[0]=TOOL_TYPE_FINGER, buttonState=0, metaState=0, flags=0x1, edgeFlags=0x0, pointerCount=1, historySize=2, eventTime=76276431, downTime=76275515, deviceId=6, source=0x1002 }
11-21 22:55:37.604 W/ViewRootImpl[HomeActivity](32611): Dropping event due to no window focus: MotionEvent { action=ACTION_MOVE, actionButton=0, id[0]=0, x[0]=587.8194, y[0]=2030.0, toolType[0]=TOOL_TYPE_FINGER, buttonState=0, metaState=0, flags=0x1, edgeFlags=0x0, pointerCount=1, historySize=1, eventTime=76276448, downTime=76275515, deviceId=6, source=0x1002 }
11-21 22:55:37.621 W/ViewRootImpl[HomeActivity](32611): Dropping event due to no window focus: MotionEvent { action=ACTION_MOVE, actionButton=0, id[0]=0, x[0]=586.8406, y[0]=2030.0, toolType[0]=TOOL_TYPE_FINGER, buttonState=0, metaState=0, flags=0x1, edgeFlags=0x0, pointerCount=1, historySize=1, eventTime=76276464, downTime=76275515, deviceId=6, source=0x1002 }
11-21 22:55:37.638 W/ViewRootImpl[HomeActivity](32611): Dropping event due to no window focus: MotionEvent { action=ACTION_MOVE, actionButton=0, id[0]=0, x[0]=585.8706, y[0]=2030.0, toolType[0]=TOOL_TYPE_FINGER, buttonState=0, metaState=0, flags=0x1, edgeFlags=0x0, pointerCount=1, historySize=1, eventTime=76276481, downTime=76275515, deviceId=6, source=0x1002 }
11-21 22:55:37.671 W/ViewRootImpl[HomeActivity](32611): Dropping event due to no window focus: MotionEvent { action=ACTION_MOVE, actionButton=0, id[0]=0, x[0]=585.0, y[0]=2030.0, toolType[0]=TOOL_TYPE_FINGER, buttonState=0, metaState=0, flags=0x1, edgeFlags=0x0, pointerCount=1, historySize=0, eventTime=76276513, downTime=76275515, deviceId=6, source=0x1002 }
11-21 22:55:37.704 W/ViewRootImpl[HomeActivity](32611): Dropping event due to no window focus: MotionEvent { action=ACTION_MOVE, actionButton=0, id[0]=0, x[0]=584.0, y[0]=2030.0, toolType[0]=TOOL_TYPE_FINGER, buttonState=0, metaState=0, flags=0x1, edgeFlags=0x0, pointerCount=1, historySize=0, eventTime=76276547, downTime=76275515, deviceId=6, source=0x1002 }
11-21 22:55:37.724 W/ViewRootImpl[HomeActivity](32611): Cancelling event due to no window focus: MotionEvent { action=ACTION_CANCEL, actionButton=0, id[0]=0, x[0]=584.0, y[0]=2030.0, toolType[0]=TOOL_TYPE_FINGER, buttonState=0, metaState=0, flags=0x1, edgeFlags=0x0, pointerCount=1, historySize=0, eventTime=76276571, downTime=76275515, deviceId=6, source=0x1002 }
11-21 22:55:37.724 W/ViewRootImpl[HomeActivity](32611): Cancelling event due to no window focus: MotionEvent { action=ACTION_CANCEL, actionButton=0, id[0]=0, x[0]=584.0, y[0]=2030.0, toolType[0]=TOOL_TYPE_FINGER, buttonState=0, metaState=0, flags=0x1, edgeFlags=0x0, pointerCount=1, historySize=0, eventTime=76276571, downTime=76275515, deviceId=6, source=0x1002 }
11-21 22:55:38.110 I/chatty  (  901): uid=1000(system) Binder:901_6 expire 6 lines
11-21 22:55:39.577 W/ViewRootImpl[HomeActivity](32611): Dropping event due to no window focus: MotionEvent { action=ACTION_MOVE, actionButton=0, id[0]=0, x[0]=580.003, y[0]=2083.985, toolType[0]=TOOL_TYPE_FINGER, buttonState=0, metaState=0, flags=0x1, edgeFlags=0x0, pointerCount=1, historySize=10, eventTime=76278412, downTime=76278214, deviceId=6, source=0x1002 }
11-21 22:55:39.585 W/ViewRootImpl[HomeActivity](32611): Dropping event due to no window focus: MotionEvent { action=ACTION_MOVE, actionButton=0, id[0]=0, x[0]=581.9453, y[0]=2075.2188, toolType[0]=TOOL_TYPE_FINGER, buttonState=0, metaState=0, flags=0x1, edgeFlags=0x0, pointerCount=1, historySize=1, eventTime=76278429, downTime=76278214, deviceId=6, source=0x1002 }
11-21 22:55:39.602 W/ViewRootImpl[HomeActivity](32611): Dropping event due to no window focus: MotionEvent { action=ACTION_MOVE, actionButton=0, id[0]=0, x[0]=583.0, y[0]=2067.3586, toolType[0]=TOOL_TYPE_FINGER, buttonState=0, metaState=0, flags=0x1, edgeFlags=0x0, pointerCount=1, historySize=2, eventTime=76278445, downTime=76278214, deviceId=6, source=0x1002 }
11-21 22:55:39.619 W/ViewRootImpl[HomeActivity](32611): Dropping event due to no window focus: MotionEvent { action=ACTION_MOVE, actionButton=0, id[0]=0, x[0]=584.84827, y[0]=2061.455, toolType[0]=TOOL_TYPE_FINGER, buttonState=0, metaState=0, flags=0x1, edgeFlags=0x0, pointerCount=1, historySize=2, eventTime=76278462, downTime=76278214, deviceId=6, source=0x1002 }
11-21 22:55:39.635 W/ViewRootImpl[HomeActivity](32611): Dropping event due to no window focus: MotionEvent { action=ACTION_MOVE, actionButton=0, id[0]=0, x[0]=587.59924, y[0]=2054.601, toolType[0]=TOOL_TYPE_FINGER, buttonState=0, metaState=0, flags=0x1, edgeFlags=0x0, pointerCount=1, historySize=2, eventTime=76278479, downTime=76278214, deviceId=6, source=0x1002 }
11-21 22:55:39.652 W/ViewRootImpl[HomeActivity](32611): Dropping event due to no window focus: MotionEvent { action=ACTION_MOVE, actionButton=0, id[0]=0, x[0]=588.7585, y[0]=2049.4832, toolType[0]=TOOL_TYPE_FINGER, buttonState=0, metaState=0, flags=0x1, edgeFlags=0x0, pointerCount=1, historySize=2, eventTime=76278495, downTime=76278214, deviceId=6, source=0x1002 }
11-21 22:55:39.668 W/ViewRootImpl[HomeActivity](32611): Dropping event due to no window focus: MotionEvent { action=ACTION_MOVE, actionButton=0, id[0]=0, x[0]=590.0, y[0]=2045.5688, toolType[0]=TOOL_TYPE_FINGER, buttonState=0, metaState=0, flags=0x1, edgeFlags=0x0, pointerCount=1, historySize=2, eventTime=76278512, downTime=76278214, deviceId=6, source=0x1002 }
11-21 22:55:39.686 W/ViewRootImpl[HomeActivity](32611): Dropping event due to no window focus: MotionEvent { action=ACTION_MOVE, actionButton=0, id[0]=0, x[0]=591.0, y[0]=2042.3049, toolType[0]=TOOL_TYPE_FINGER, buttonState=0, metaState=0, flags=0x1, edgeFlags=0x0, pointerCount=1, historySize=2, eventTime=76278528, downTime=76278214, deviceId=6, source=0x1002 }
11-21 22:55:39.702 W/ViewRootImpl[HomeActivity](32611): Dropping event due to no window focus: MotionEvent { action=ACTION_MOVE, actionButton=0, id[0]=0, x[0]=591.672, y[0]=2040.328, toolType[0]=TOOL_TYPE_FINGER, buttonState=0, metaState=0, flags=0x1, edgeFlags=0x0, pointerCount=1, historySize=2, eventTime=76278545, downTime=76278214, deviceId=6, source=0x1002 }
11-21 22:55:39.718 W/ViewRootImpl[HomeActivity](32611): Dropping event due to no window focus: MotionEvent { action=ACTION_MOVE, actionButton=0, id[0]=0, x[0]=592.0, y[0]=2037.3671, toolType[0]=TOOL_TYPE_FINGER, buttonState=0, metaState=0, flags=0x1, edgeFlags=0x0, pointerCount=1, historySize=2, eventTime=76278562, downTime=76278214, deviceId=6, source=0x1002 }
11-21 22:55:39.735 W/ViewRootImpl[HomeActivity](32611): Dropping event due to no window focus: MotionEvent { action=ACTION_MOVE, actionButton=0, id[0]=0, x[0]=592.0, y[0]=2036.2139, toolType[0]=TOOL_TYPE_FINGER, buttonState=0, metaState=0, flags=0x1, edgeFlags=0x0, pointerCount=1, historySize=1, eventTime=76278578, downTime=76278214, deviceId=6, source=0x1002 }
11-21 22:55:39.752 W/ViewRootImpl[HomeActivity](32611): Dropping event due to no window focus: MotionEvent { action=ACTION_MOVE, actionButton=0, id[0]=0, x[0]=592.0, y[0]=2034.5, toolType[0]=TOOL_TYPE_FINGER, buttonState=0, metaState=0, flags=0x1, edgeFlags=0x0, pointerCount=1, historySize=2, eventTime=76278595, downTime=76278214, deviceId=6, source=0x1002 }
11-21 22:55:39.768 W/ViewRootImpl[HomeActivity](32611): Dropping event due to no window focus: MotionEvent { action=ACTION_MOVE, actionButton=0, id[0]=0, x[0]=592.0, y[0]=2033.7563, toolType[0]=TOOL_TYPE_FINGER, buttonState=0, metaState=0, flags=0x1, edgeFlags=0x0, pointerCount=1, historySize=1, eventTime=76278612, downTime=76278214, deviceId=6, source=0x1002 }
11-21 22:55:39.802 W/ViewRootImpl[HomeActivity](32611): Dropping event due to no window focus: MotionEvent { action=ACTION_MOVE, actionButton=0, id[0]=0, x[0]=592.0, y[0]=2033.0, toolType[0]=TOOL_TYPE_FINGER, buttonState=0, metaState=0, flags=0x1, edgeFlags=0x0, pointerCount=1, historySize=0, eventTime=76278642, downTime=76278214, deviceId=6, source=0x1002 }
11-21 22:55:39.835 W/ViewRootImpl[HomeActivity](32611): Dropping event due to no window focus: MotionEvent { action=ACTION_MOVE, actionButton=0, id[0]=0, x[0]=592.0, y[0]=2032.0, toolType[0]=TOOL_TYPE_FINGER, buttonState=0, metaState=0, flags=0x1, edgeFlags=0x0, pointerCount=1, historySize=0, eventTime=76278667, downTime=76278214, deviceId=6, source=0x1002 }
11-21 22:55:39.868 W/ViewRootImpl[HomeActivity](32611): Dropping event due to no window focus: MotionEvent { action=ACTION_MOVE, actionButton=0, id[0]=0, x[0]=592.0, y[0]=2031.0, toolType[0]=TOOL_TYPE_FINGER, buttonState=0, metaState=0, flags=0x1, edgeFlags=0x0, pointerCount=1, historySize=0, eventTime=76278701, downTime=76278214, deviceId=6, source=0x1002 }
11-21 22:55:39.885 W/ViewRootImpl[HomeActivity](32611): Dropping event due to no window focus: MotionEvent { action=ACTION_MOVE, actionButton=0, id[0]=0, x[0]=592.0, y[0]=2030.0, toolType[0]=TOOL_TYPE_FINGER, buttonState=0, metaState=0, flags=0x1, edgeFlags=0x0, pointerCount=1, historySize=0, eventTime=76278727, downTime=76278214, deviceId=6, source=0x1002 }
11-21 22:55:39.918 W/ViewRootImpl[HomeActivity](32611): Dropping event due to no window focus: MotionEvent { action=ACTION_MOVE, actionButton=0, id[0]=0, x[0]=592.0, y[0]=2029.0, toolType[0]=TOOL_TYPE_FINGER, buttonState=0, metaState=0, flags=0x1, edgeFlags=0x0, pointerCount=1, historySize=0, eventTime=76278761, downTime=76278214, deviceId=6, source=0x1002 }
11-21 22:55:40.001 W/ViewRootImpl[HomeActivity](32611): Dropping event due to no window focus: MotionEvent { action=ACTION_MOVE, actionButton=0, id[0]=0, x[0]=592.0, y[0]=2028.0, toolType[0]=TOOL_TYPE_FINGER, buttonState=0, metaState=0, flags=0x1, edgeFlags=0x0, pointerCount=1, historySize=0, eventTime=76278828, downTime=76278214, deviceId=6, source=0x1002 }
11-21 22:55:40.101 W/ViewRootImpl[HomeActivity](32611): Dropping event due to no window focus: MotionEvent { action=ACTION_MOVE, actionButton=0, id[0]=0, x[0]=591.0, y[0]=2028.0, toolType[0]=TOOL_TYPE_FINGER, buttonState=0, metaState=0, flags=0x1, edgeFlags=0x0, pointerCount=1, historySize=0, eventTime=76278939, downTime=76278214, deviceId=6, source=0x1002 }
11-21 22:55:40.151 W/ViewRootImpl[HomeActivity](32611): Dropping event due to no window focus: MotionEvent { action=ACTION_MOVE, actionButton=0, id[0]=0, x[0]=590.0, y[0]=2028.0, toolType[0]=TOOL_TYPE_FINGER, buttonState=0, metaState=0, flags=0x1, edgeFlags=0x0, pointerCount=1, historySize=0, eventTime=76278990, downTime=76278214, deviceId=6, source=0x1002 }
11-21 22:55:40.184 W/ViewRootImpl[HomeActivity](32611): Dropping event due to no window focus: MotionEvent { action=ACTION_MOVE, actionButton=0, id[0]=0, x[0]=589.0, y[0]=2028.0, toolType[0]=TOOL_TYPE_FINGER, buttonState=0, metaState=0, flags=0x1, edgeFlags=0x0, pointerCount=1, historySize=0, eventTime=76279024, downTime=76278214, deviceId=6, source=0x1002 }
11-21 22:55:40.236 W/ViewRootImpl[HomeActivity](32611): Dropping event due to no window focus: MotionEvent { action=ACTION_MOVE, actionButton=0, id[0]=0, x[0]=588.0, y[0]=2028.0, toolType[0]=TOOL_TYPE_FINGER, buttonState=0, metaState=0, flags=0x1, edgeFlags=0x0, pointerCount=1, historySize=0, eventTime=76279066, downTime=76278214, deviceId=6, source=0x1002 }
11-21 22:55:40.284 W/ViewRootImpl[HomeActivity](32611): Dropping event due to no window focus: MotionEvent { action=ACTION_MOVE, actionButton=0, id[0]=0, x[0]=587.0, y[0]=2028.0, toolType[0]=TOOL_TYPE_FINGER, buttonState=0, metaState=0, flags=0x1, edgeFlags=0x0, pointerCount=1, historySize=0, eventTime=76279117, downTime=76278214, deviceId=6, source=0x1002 }
11-21 22:55:40.334 W/ViewRootImpl[HomeActivity](32611): Dropping event due to no window focus: MotionEvent { action=ACTION_MOVE, actionButton=0, id[0]=0, x[0]=586.0, y[0]=2028.0, toolType[0]=TOOL_TYPE_FINGER, buttonState=0, metaState=0, flags=0x1, edgeFlags=0x0, pointerCount=1, historySize=0, eventTime=76279168, downTime=76278214, deviceId=6, source=0x1002 }
11-21 22:55:40.418 W/ViewRootImpl[HomeActivity](32611): Dropping event due to no window focus: MotionEvent { action=ACTION_MOVE, actionButton=0, id[0]=0, x[0]=585.0, y[0]=2028.0, toolType[0]=TOOL_TYPE_FINGER, buttonState=0, metaState=0, flags=0x1, edgeFlags=0x0, pointerCount=1, historySize=0, eventTime=76279253, downTime=76278214, deviceId=6, source=0x1002 }
11-21 22:55:40.569 W/ViewRootImpl[HomeActivity](32611): Dropping event due to no window focus: MotionEvent { action=ACTION_MOVE, actionButton=0, id[0]=0, x[0]=584.0, y[0]=2028.0, toolType[0]=TOOL_TYPE_FINGER, buttonState=0, metaState=0, flags=0x1, edgeFlags=0x0, pointerCount=1, historySize=0, eventTime=76279402, downTime=76278214, deviceId=6, source=0x1002 }
11-21 22:55:40.734 W/ViewRootImpl[HomeActivity](32611): Dropping event due to no window focus: MotionEvent { action=ACTION_MOVE, actionButton=0, id[0]=0, x[0]=583.0, y[0]=2028.0, toolType[0]=TOOL_TYPE_FINGER, buttonState=0, metaState=0, flags=0x1, edgeFlags=0x0, pointerCount=1, historySize=0, eventTime=76279564, downTime=76278214, deviceId=6, source=0x1002 }
11-21 22:55:40.883 W/ViewRootImpl[HomeActivity](32611): Dropping event due to no window focus: MotionEvent { action=ACTION_MOVE, actionButton=0, id[0]=0, x[0]=583.0, y[0]=2026.5194, toolType[0]=TOOL_TYPE_FINGER, buttonState=0, metaState=0, flags=0x1, edgeFlags=0x0, pointerCount=1, historySize=1, eventTime=76279727, downTime=76278214, deviceId=6, source=0x1002 }
11-21 22:55:40.900 W/ViewRootImpl[HomeActivity](32611): Dropping event due to no window focus: MotionEvent { action=ACTION_MOVE, actionButton=0, id[0]=0, x[0]=583.0, y[0]=2025.5, toolType[0]=TOOL_TYPE_FINGER, buttonState=0, metaState=0, flags=0x1, edgeFlags=0x0, pointerCount=1, historySize=1, eventTime=76279730, downTime=76278214, deviceId=6, source=0x1002 }
11-21 22:55:40.905 W/ViewRootImpl[HomeActivity](32611): Cancelling event due to no window focus: MotionEvent { action=ACTION_CANCEL, actionButton=0, id[0]=0, x[0]=583.0, y[0]=2026.0, toolType[0]=TOOL_TYPE_FINGER, buttonState=0, metaState=0, flags=0x1, edgeFlags=0x0, pointerCount=1, historySize=0, eventTime=76279753, downTime=76278214, deviceId=6, source=0x1002 }
11-21 22:55:40.905 W/ViewRootImpl[HomeActivity](32611): Cancelling event due to no window focus: MotionEvent { action=ACTION_CANCEL, actionButton=0, id[0]=0, x[0]=583.0, y[0]=2026.0, toolType[0]=TOOL_TYPE_FINGER, buttonState=0, metaState=0, flags=0x1, edgeFlags=0x0, pointerCount=1, historySize=0, eventTime=76279753, downTime=76278214, deviceId=6, source=0x1002 }
11-21 22:55:41.752 I/chatty  (  901): uid=1000 system_server expire 33 lines
11-21 22:55:41.753 I/chatty  (  901): uid=1000(system) OIMC expire 10 lines
11-21 22:55:42.573 W/ViewRootImpl[HomeActivity](32611): Dropping event due to no window focus: MotionEvent { action=ACTION_MOVE, actionButton=0, id[0]=0, x[0]=600.0, y[0]=1930.0, toolType[0]=TOOL_TYPE_FINGER, buttonState=0, metaState=0, flags=0x1, edgeFlags=0x0, pointerCount=1, historySize=7, eventTime=76281393, downTime=76281203, deviceId=6, source=0x1002 }
11-21 22:55:42.573 W/ViewRootImpl[HomeActivity](32611): Cancelling event due to no window focus: MotionEvent { action=ACTION_CANCEL, actionButton=0, id[0]=0, x[0]=600.0, y[0]=1930.0, toolType[0]=TOOL_TYPE_FINGER, buttonState=0, metaState=0, flags=0x1, edgeFlags=0x0, pointerCount=1, historySize=0, eventTime=76281409, downTime=76281203, deviceId=6, source=0x1002 }
11-21 22:55:42.573 I/chatty  (32611): uid=10122(com.whatsapp) identical 5 lines
11-21 22:55:42.573 W/ViewRootImpl[HomeActivity](32611): Cancelling event due to no window focus: MotionEvent { action=ACTION_CANCEL, actionButton=0, id[0]=0, x[0]=600.0, y[0]=1930.0, toolType[0]=TOOL_TYPE_FINGER, buttonState=0, metaState=0, flags=0x1, edgeFlags=0x0, pointerCount=1, historySize=0, eventTime=76281409, downTime=76281203, deviceId=6, source=0x1002 }
11-21 22:55:42.970 I/chatty  (  901): uid=1000(system) InputDispatcher expire 1 line
11-21 22:55:43.014 I/chatty  (  901): uid=1000(system) ActivityManager expire 14 lines
11-21 22:55:43.036 I/chatty  (  901): uid=1000(system) Binder:901_1E expire 11 lines
11-21 22:55:43.502 I/chatty  (  901): uid=1000(system) Binder:901_1D expire 11 lines
11-21 22:55:43.512 I/chatty  (  901): uid=1000(system) ramboost expire 14 lines
11-21 22:55:43.544 I/chatty  (  901): uid=1000(system) Binder:901_A expire 14 lines
11-21 22:55:44.606 I/chatty  (  901): uid=1000(system) AlarmManager expire 4 lines
11-21 22:55:44.705 I/chatty  (  901): uid=1000(system) NetworkPolicy expire 6 lines
11-21 22:55:46.082 I/chatty  (  901): uid=1000(system) batterystats-wo expire 8 lines
11-21 22:55:46.095 I/chatty  (  901): uid=1000(system) android.bg expire 8 lines
11-21 22:55:46.106 I/chatty  (  901): uid=1000(system) ActivityManager expire 1 line
11-21 22:55:46.311 W/ViewRootImpl[HomeActivity](32611): Dropping event due to no window focus: MotionEvent { action=ACTION_MOVE, actionButton=0, id[0]=0, x[0]=531.3684, y[0]=2071.5264, toolType[0]=TOOL_TYPE_FINGER, buttonState=0, metaState=0, flags=0x1, edgeFlags=0x0, pointerCount=1, historySize=10, eventTime=76285139, downTime=76284896, deviceId=6, source=0x1002 }
11-21 22:55:46.319 W/ViewRootImpl[HomeActivity](32611): Dropping event due to no window focus: MotionEvent { action=ACTION_MOVE, actionButton=0, id[0]=0, x[0]=536.25214, y[0]=2047.9916, toolType[0]=TOOL_TYPE_FINGER, buttonState=0, metaState=0, flags=0x1, edgeFlags=0x0, pointerCount=1, historySize=2, eventTime=76285156, downTime=76284896, deviceId=6, source=0x1002 }
11-21 22:55:46.329 W/ViewRootImpl[HomeActivity](32611): Dropping event due to no window focus: MotionEvent { action=ACTION_MOVE, actionButton=0, id[0]=0, x[0]=540.13446, y[0]=2026.1737, toolType[0]=TOOL_TYPE_FINGER, buttonState=0, metaState=0, flags=0x1, edgeFlags=0x0, pointerCount=1, historySize=2, eventTime=76285172, downTime=76284896, deviceId=6, source=0x1002 }
11-21 22:55:46.346 W/ViewRootImpl[HomeActivity](32611): Dropping event due to no window focus: MotionEvent { action=ACTION_MOVE, actionButton=0, id[0]=0, x[0]=544.33673, y[0]=2011.6582, toolType[0]=TOOL_TYPE_FINGER, buttonState=0, metaState=0, flags=0x1, edgeFlags=0x0, pointerCount=1, historySize=2, eventTime=76285189, downTime=76284896, deviceId=6, source=0x1002 }
11-21 22:55:46.362 W/ViewRootImpl[HomeActivity](32611): Dropping event due to no window focus: MotionEvent { action=ACTION_MOVE, actionButton=0, id[0]=0, x[0]=545.6334, y[0]=2002.4663, toolType[0]=TOOL_TYPE_FINGER, buttonState=0, metaState=0, flags=0x1, edgeFlags=0x0, pointerCount=1, historySize=2, eventTime=76285206, downTime=76284896, deviceId=6, source=0x1002 }
11-21 22:55:46.379 W/ViewRootImpl[HomeActivity](32611): Dropping event due to no window focus: MotionEvent { action=ACTION_MOVE, actionButton=0, id[0]=0, x[0]=547.60455, y[0]=1996.1863, toolType[0]=TOOL_TYPE_FINGER, buttonState=0, metaState=0, flags=0x1, edgeFlags=0x0, pointerCount=1, historySize=2, eventTime=76285222, downTime=76284896, deviceId=6, source=0x1002 }
11-21 22:55:46.395 W/ViewRootImpl[HomeActivity](32611): Dropping event due to no window focus: MotionEvent { action=ACTION_MOVE, actionButton=0, id[0]=0, x[0]=548.563, y[0]=1990.3109, toolType[0]=TOOL_TYPE_FINGER, buttonState=0, metaState=0, flags=0x1, edgeFlags=0x0, pointerCount=1, historySize=2, eventTime=76285239, downTime=76284896, deviceId=6, source=0x1002 }
11-21 22:55:46.412 W/ViewRootImpl[HomeActivity](32611): Dropping event due to no window focus: MotionEvent { action=ACTION_MOVE, actionButton=0, id[0]=0, x[0]=549.52637, y[0]=1984.9473, toolType[0]=TOOL_TYPE_FINGER, buttonState=0, metaState=0, flags=0x1, edgeFlags=0x0, pointerCount=1, historySize=2, eventTime=76285255, downTime=76284896, deviceId=6, source=0x1002 }
11-21 22:55:46.429 W/ViewRootImpl[HomeActivity](32611): Dropping event due to no window focus: MotionEvent { action=ACTION_MOVE, actionButton=0, id[0]=0, x[0]=550.0, y[0]=1980.9816, toolType[0]=TOOL_TYPE_FINGER, buttonState=0, metaState=0, flags=0x1, edgeFlags=0x0, pointerCount=1, historySize=2, eventTime=76285272, downTime=76284896, deviceId=6, source=0x1002 }
11-21 22:55:46.445 W/ViewRootImpl[HomeActivity](32611): Dropping event due to no window focus: MotionEvent { action=ACTION_MOVE, actionButton=0, id[0]=0, x[0]=551.0, y[0]=1977.0559, toolType[0]=TOOL_TYPE_FINGER, buttonState=0, metaState=0, flags=0x1, edgeFlags=0x0, pointerCount=1, historySize=2, eventTime=76285289, downTime=76284896, deviceId=6, source=0x1002 }
11-21 22:55:46.462 W/ViewRootImpl[HomeActivity](32611): Dropping event due to no window focus: MotionEvent { action=ACTION_MOVE, actionButton=0, id[0]=0, x[0]=551.4275, y[0]=1974.5725, toolType[0]=TOOL_TYPE_FINGER, buttonState=0, metaState=0, flags=0x1, edgeFlags=0x0, pointerCount=1, historySize=2, eventTime=76285305, downTime=76284896, deviceId=6, source=0x1002 }
11-21 22:55:46.479 W/ViewRootImpl[HomeActivity](32611): Dropping event due to no window focus: MotionEvent { action=ACTION_MOVE, actionButton=0, id[0]=0, x[0]=552.0, y[0]=1972.6041, toolType[0]=TOOL_TYPE_FINGER, buttonState=0, metaState=0, flags=0x1, edgeFlags=0x0, pointerCount=1, historySize=2, eventTime=76285322, downTime=76284896, deviceId=6, source=0x1002 }
11-21 22:55:46.495 W/ViewRootImpl[HomeActivity](32611): Dropping event due to no window focus: MotionEvent { action=ACTION_MOVE, actionButton=0, id[0]=0, x[0]=552.0, y[0]=1970.673, toolType[0]=TOOL_TYPE_FINGER, buttonState=0, metaState=0, flags=0x1, edgeFlags=0x0, pointerCount=1, historySize=2, eventTime=76285339, downTime=76284896, deviceId=6, source=0x1002 }
11-21 22:55:46.512 W/ViewRootImpl[HomeActivity](32611): Dropping event due to no window focus: MotionEvent { action=ACTION_MOVE, actionButton=0, id[0]=0, x[0]=552.0, y[0]=1969.8545, toolType[0]=TOOL_TYPE_FINGER, buttonState=0, metaState=0, flags=0x1, edgeFlags=0x0, pointerCount=1, historySize=1, eventTime=76285355, downTime=76284896, deviceId=6, source=0x1002 }
11-21 22:55:46.545 W/ViewRootImpl[HomeActivity](32611): Dropping event due to no window focus: MotionEvent { action=ACTION_MOVE, actionButton=0, id[0]=0, x[0]=552.0, y[0]=1969.0, toolType[0]=TOOL_TYPE_FINGER, buttonState=0, metaState=0, flags=0x1, edgeFlags=0x0, pointerCount=1, historySize=0, eventTime=76285378, downTime=76284896, deviceId=6, source=0x1002 }
11-21 22:55:46.562 W/ViewRootImpl[HomeActivity](32611): Dropping event due to no window focus: MotionEvent { action=ACTION_MOVE, actionButton=0, id[0]=0, x[0]=552.0, y[0]=1968.0, toolType[0]=TOOL_TYPE_FINGER, buttonState=0, metaState=0, flags=0x1, edgeFlags=0x0, pointerCount=1, historySize=0, eventTime=76285404, downTime=76284896, deviceId=6, source=0x1002 }
11-21 22:55:46.679 W/ViewRootImpl[HomeActivity](32611): Dropping event due to no window focus: MotionEvent { action=ACTION_MOVE, actionButton=0, id[0]=0, x[0]=552.0, y[0]=1967.0, toolType[0]=TOOL_TYPE_FINGER, buttonState=0, metaState=0, flags=0x1, edgeFlags=0x0, pointerCount=1, historySize=0, eventTime=76285506, downTime=76284896, deviceId=6, source=0x1002 }
11-21 22:55:46.812 W/ViewRootImpl[HomeActivity](32611): Dropping event due to no window focus: MotionEvent { action=ACTION_MOVE, actionButton=0, id[0]=0, x[0]=551.0, y[0]=1967.0, toolType[0]=TOOL_TYPE_FINGER, buttonState=0, metaState=0, flags=0x1, edgeFlags=0x0, pointerCount=1, historySize=0, eventTime=76285650, downTime=76284896, deviceId=6, source=0x1002 }
11-21 22:55:46.895 W/ViewRootImpl[HomeActivity](32611): Dropping event due to no window focus: MotionEvent { action=ACTION_MOVE, actionButton=0, id[0]=0, x[0]=550.0, y[0]=1967.0, toolType[0]=TOOL_TYPE_FINGER, buttonState=0, metaState=0, flags=0x1, edgeFlags=0x0, pointerCount=1, historySize=0, eventTime=76285735, downTime=76284896, deviceId=6, source=0x1002 }
11-21 22:55:47.045 W/ViewRootImpl[HomeActivity](32611): Dropping event due to no window focus: MotionEvent { action=ACTION_MOVE, actionButton=0, id[0]=0, x[0]=549.0, y[0]=1967.0, toolType[0]=TOOL_TYPE_FINGER, buttonState=0, metaState=0, flags=0x1, edgeFlags=0x0, pointerCount=1, historySize=0, eventTime=76285880, downTime=76284896, deviceId=6, source=0x1002 }
11-21 22:55:47.095 W/ViewRootImpl[HomeActivity](32611): Dropping event due to no window focus: MotionEvent { action=ACTION_MOVE, actionButton=0, id[0]=0, x[0]=548.0484, y[0]=1968.0, toolType[0]=TOOL_TYPE_FINGER, buttonState=0, metaState=0, flags=0x1, edgeFlags=0x0, pointerCount=1, historySize=1, eventTime=76285938, downTime=76284896, deviceId=6, source=0x1002 }
11-21 22:55:47.112 W/ViewRootImpl[HomeActivity](32611): Dropping event due to no window focus: MotionEvent { action=ACTION_MOVE, actionButton=0, id[0]=0, x[0]=547.5305, y[0]=1968.0, toolType[0]=TOOL_TYPE_FINGER, buttonState=0, metaState=0, flags=0x1, edgeFlags=0x0, pointerCount=1, historySize=1, eventTime=76285947, downTime=76284896, deviceId=6, source=0x1002 }
11-21 22:55:47.128 W/ViewRootImpl[HomeActivity](32611): Dropping event due to no window focus: MotionEvent { action=ACTION_MOVE, actionButton=0, id[0]=0, x[0]=548.0, y[0]=1969.0, toolType[0]=TOOL_TYPE_FINGER, buttonState=0, metaState=0, flags=0x1, edgeFlags=0x0, pointerCount=1, historySize=0, eventTime=76285964, downTime=76284896, deviceId=6, source=0x1002 }
11-21 22:55:47.162 W/ViewRootImpl[HomeActivity](32611): Dropping event due to no window focus: MotionEvent { action=ACTION_MOVE, actionButton=0, id[0]=0, x[0]=545.23663, y[0]=1974.0535, toolType[0]=TOOL_TYPE_FINGER, buttonState=0, metaState=0, flags=0x1, edgeFlags=0x0, pointerCount=1, historySize=2, eventTime=76286005, downTime=76284896, deviceId=6, source=0x1002 }
11-21 22:55:47.178 W/ViewRootImpl[HomeActivity](32611): Dropping event due to no window focus: MotionEvent { action=ACTION_MOVE, actionButton=0, id[0]=0, x[0]=536.89746, y[0]=1998.392, toolType[0]=TOOL_TYPE_FINGER, buttonState=0, metaState=0, flags=0x1, edgeFlags=0x0, pointerCount=1, historySize=2, eventTime=76286022, downTime=76284896, deviceId=6, source=0x1002 }
11-21 22:55:47.195 W/ViewRootImpl[HomeActivity](32611): Dropping event due to no window focus: MotionEvent { action=ACTION_MOVE, actionButton=0, id[0]=0, x[0]=531.5, y[0]=2011.5, toolType[0]=TOOL_TYPE_FINGER, buttonState=0, metaState=0, flags=0x1, edgeFlags=0x0, pointerCount=1, historySize=1, eventTime=76286028, downTime=76284896, deviceId=6, source=0x1002 }
11-21 22:55:47.201 W/ViewRootImpl[HomeActivity](32611): Cancelling event due to no window focus: MotionEvent { action=ACTION_CANCEL, actionButton=0, id[0]=0, x[0]=535.0, y[0]=2003.0, toolType[0]=TOOL_TYPE_FINGER, buttonState=0, metaState=0, flags=0x1, edgeFlags=0x0, pointerCount=1, historySize=0, eventTime=76286049, downTime=76284896, deviceId=6, source=0x1002 }
11-21 22:55:47.201 W/ViewRootImpl[HomeActivity](32611): Cancelling event due to no window focus: MotionEvent { action=ACTION_CANCEL, actionButton=0, id[0]=0, x[0]=535.0, y[0]=2003.0, toolType[0]=TOOL_TYPE_FINGER, buttonState=0, metaState=0, flags=0x1, edgeFlags=0x0, pointerCount=1, historySize=0, eventTime=76286049, downTime=76284896, deviceId=6, source=0x1002 }
11-21 22:55:49.037 I/chatty  (  901): uid=1000(system) Binder:901_12 expire 20 lines
11-21 22:56:04.941 I/chatty  (  901): uid=1000(system) OemGestureButto expire 7 lines
11-21 22:56:04.978 W/ViewRootImpl[ViewProfilePhoto](32611): Dropping event due to no window focus: MotionEvent { action=ACTION_MOVE, actionButton=0, id[0]=0, x[0]=923.0698, y[0]=2182.2092, toolType[0]=TOOL_TYPE_FINGER, buttonState=0, metaState=0, flags=0x1, edgeFlags=0x0, pointerCount=1, historySize=3, eventTime=76303821, downTime=76303599, deviceId=6, source=0x1002 }
11-21 22:56:04.992 W/ViewRootImpl[ViewProfilePhoto](32611): Dropping event due to no window focus: MotionEvent { action=ACTION_MOVE, actionButton=0, id[0]=0, x[0]=926.8688, y[0]=2141.1406, toolType[0]=TOOL_TYPE_FINGER, buttonState=0, metaState=0, flags=0x1, edgeFlags=0x0, pointerCount=1, historySize=2, eventTime=76303834, downTime=76303599, deviceId=6, source=0x1002 }
11-21 22:56:05.009 W/ViewRootImpl[ViewProfilePhoto](32611): Cancelling event due to no window focus: MotionEvent { action=ACTION_CANCEL, actionButton=0, id[0]=0, x[0]=926.0, y[0]=2152.0, toolType[0]=TOOL_TYPE_FINGER, buttonState=0, metaState=0, flags=0x1, edgeFlags=0x0, pointerCount=1, historySize=0, eventTime=76303855, downTime=76303599, deviceId=6, source=0x1002 }
11-21 22:56:05.009 W/ViewRootImpl[ViewProfilePhoto](32611): Cancelling event due to no window focus: MotionEvent { action=ACTION_CANCEL, actionButton=0, id[0]=0, x[0]=926.0, y[0]=2152.0, toolType[0]=TOOL_TYPE_FINGER, buttonState=0, metaState=0, flags=0x1, edgeFlags=0x0, pointerCount=1, historySize=0, eventTime=76303855, downTime=76303599, deviceId=6, source=0x1002 }
11-21 22:56:06.883 I/chatty  (  901): uid=1000(system) ramboost expire 10 lines
11-21 22:56:11.829 I/chatty  (  901): uid=1000 system_server expire 11 lines
11-21 22:56:16.058 I/chatty  (  901): uid=1000(system) Binder:901_F expire 10 lines
11-21 22:56:20.959 W/ViewRootImpl[ViewProfilePhoto](32611): Dropping event due to no window focus: MotionEvent { action=ACTION_MOVE, actionButton=0, id[0]=0, x[0]=973.0, y[0]=2214.6875, toolType[0]=TOOL_TYPE_FINGER, buttonState=0, metaState=0, flags=0x1, edgeFlags=0x0, pointerCount=1, historySize=3, eventTime=76319801, downTime=76319622, deviceId=6, source=0x1002 }
11-21 22:56:20.977 W/ViewRootImpl[ViewProfilePhoto](32611): Dropping event due to no window focus: MotionEvent { action=ACTION_MOVE, actionButton=0, id[0]=0, x[0]=977.5, y[0]=2190.0, toolType[0]=TOOL_TYPE_FINGER, buttonState=0, metaState=0, flags=0x1, edgeFlags=0x0, pointerCount=1, historySize=1, eventTime=76319812, downTime=76319622, deviceId=6, source=0x1002 }
11-21 22:56:20.977 W/ViewRootImpl[ViewProfilePhoto](32611): Cancelling event due to no window focus: MotionEvent { action=ACTION_CANCEL, actionButton=0, id[0]=0, x[0]=976.0, y[0]=2199.0, toolType[0]=TOOL_TYPE_FINGER, buttonState=0, metaState=0, flags=0x1, edgeFlags=0x0, pointerCount=1, historySize=0, eventTime=76319824, downTime=76319622, deviceId=6, source=0x1002 }
11-21 22:56:20.977 W/ViewRootImpl[ViewProfilePhoto](32611): Cancelling event due to no window focus: MotionEvent { action=ACTION_CANCEL, actionButton=0, id[0]=0, x[0]=976.0, y[0]=2199.0, toolType[0]=TOOL_TYPE_FINGER, buttonState=0, metaState=0, flags=0x1, edgeFlags=0x0, pointerCount=1, historySize=0, eventTime=76319824, downTime=76319622, deviceId=6, source=0x1002 }
11-21 22:56:21.432 I/chatty  (  901): uid=1000(system) ActivityManager expire 17 lines
11-21 22:56:25.501 I/chatty  (  901): uid=1000(system) ramboost expire 19 lines
11-21 22:56:45.789 W/ViewRootImpl[ViewProfilePhoto](32611): Dropping event due to no window focus: MotionEvent { action=ACTION_MOVE, actionButton=0, id[0]=0, x[0]=972.09784, y[0]=2182.7825, toolType[0]=TOOL_TYPE_FINGER, buttonState=0, metaState=0, flags=0x1, edgeFlags=0x0, pointerCount=1, historySize=2, eventTime=76344632, downTime=76344445, deviceId=6, source=0x1002 }
11-21 22:56:45.807 W/ViewRootImpl[ViewProfilePhoto](32611): Dropping event due to no window focus: MotionEvent { action=ACTION_MOVE, actionButton=0, id[0]=0, x[0]=969.5, y[0]=2144.0, toolType[0]=TOOL_TYPE_FINGER, buttonState=0, metaState=0, flags=0x1, edgeFlags=0x0, pointerCount=1, historySize=2, eventTime=76344648, downTime=76344445, deviceId=6, source=0x1002 }
11-21 22:56:45.820 W/ViewRootImpl[ViewProfilePhoto](32611): Cancelling event due to no window focus: MotionEvent { action=ACTION_CANCEL, actionButton=0, id[0]=0, x[0]=970.0, y[0]=2154.0, toolType[0]=TOOL_TYPE_FINGER, buttonState=0, metaState=0, flags=0x1, edgeFlags=0x0, pointerCount=1, historySize=0, eventTime=76344668, downTime=76344445, deviceId=6, source=0x1002 }
11-21 22:56:45.820 W/ViewRootImpl[ViewProfilePhoto](32611): Cancelling event due to no window focus: MotionEvent { action=ACTION_CANCEL, actionButton=0, id[0]=0, x[0]=970.0, y[0]=2154.0, toolType[0]=TOOL_TYPE_FINGER, buttonState=0, metaState=0, flags=0x1, edgeFlags=0x0, pointerCount=1, historySize=0, eventTime=76344668, downTime=76344445, deviceId=6, source=0x1002 }
11-21 22:56:46.212 I/chatty  (  901): uid=1000(system) Binder:901_F expire 10 lines
11-21 22:56:47.036 I/chatty  (  901): uid=1000(system) Binder:901_12 expire 5 lines
11-21 22:56:50.158 I/chatty  (  901): uid=1000(system) ramboost expire 6 lines
11-21 22:56:51.079 I/chatty  (  901): uid=1000(system) Binder:901_1D expire 3 lines
11-21 22:56:51.677 I/chatty  (  901): uid=1000(system) Binder:901_1E expire 3 lines
11-21 22:56:51.703 I/chatty  (  901): uid=1000(system) Binder:901_1F expire 2 lines
11-21 22:56:52.126 I/chatty  (  901): uid=1000(system) OIMC expire 2 lines
11-21 22:56:52.974 I/chatty  (  901): uid=1000(system) ConnectivitySer expire 3 lines
11-21 22:56:54.085 I/chatty  (  901): uid=1000(system) Binder:901_1A expire 1 line
11-21 22:56:54.093 I/chatty  (  901): uid=1000(system) android.display expire 2 lines
11-21 22:56:54.094 I/chatty  (  901): uid=1000(system) Binder:901_C expire 1 line
11-21 22:56:54.106 I/chatty  (  901): uid=1000(system) Binder:901_10 expire 2 lines
11-21 22:56:54.111 I/chatty  (  901): uid=1000(system) Binder:901_5 expire 1 line
11-21 22:56:54.112 I/chatty  (  901): uid=1000(system) Binder:901_1 expire 1 line
11-21 22:56:54.118 I/chatty  (  901): uid=1000(system) Binder:901_13 expire 1 line
11-21 22:56:54.892 I/chatty  (  901): uid=1000(system) Binder:901_20 expire 73 lines
11-21 22:56:55.128 I/chatty  (  901): uid=1000(system) ActivityManager expire 8 lines
11-21 22:56:55.142 I/chatty  (  901): uid=1000(system) Binder:901_5 expire 3 lines
11-21 22:56:55.423 I/chatty  (  901): uid=1000 system_server expire 15 lines
11-21 22:56:55.425 I/chatty  (  901): uid=1000(system) OIMC expire 1 line
11-21 22:56:55.473 I/chatty  (  901): uid=1000(system) ramboost expire 7 lines
11-21 22:56:55.644 I/chatty  (  901): uid=1000(system) Binder:901_13 expire 57 lines
11-21 22:56:56.322 I/chatty  (  901): uid=1000(system) Binder:901_14 expire 9 lines
11-21 22:56:56.484 I/chatty  (  901): uid=1000(system) ActivityManager expire 12 lines
11-21 22:56:56.540 I/chatty  (  901): uid=1000(system) Binder:901_A expire 3 lines
11-21 22:56:56.935 I/chatty  (  901): uid=1000(system) ConnectivitySer expire 53 lines
11-21 22:56:56.964 I/chatty  (  901): uid=1000(system) android.bg expire 6 lines
11-21 22:56:57.062 I/chatty  (  901): uid=1000(system) Binder:901_1A expire 11 lines
11-21 22:56:57.997 I/chatty  (  901): uid=1000(system) batterystats-wo expire 2 lines
11-21 22:56:59.040 I/chatty  (  901): uid=1000(system) Binder:901_1 expire 96 lines
11-21 22:56:59.999 I/chatty  (  901): uid=1000(system) AlarmManager expire 12 lines
11-21 22:57:01.790 I/chatty  (  901): uid=1000(system) NetworkPolicy expire 16 lines
11-21 22:57:05.085 D/ActivityThread(15234): Loading provider com.whatsapp.provider.contact: com.whatsapp.contact.ContactProvider
11-21 22:57:05.193 I/ActivityThread(15234): handleStopService: token=android.os.BinderProxy@bf30a39 not found.
11-21 22:57:25.146 I/chatty  (  901): uid=1000 system_server expire 3 lines
11-21 23:00:00.006 I/chatty  (  901): uid=1000 system_server expire 1 line
11-21 23:00:01.120 I/chatty  (  901): uid=1000(system) Binder:901_1 expire 2 lines
