11-21 20:20:49.929 V/DreamService[DozeService]( 3049): onCreate()
11-21 20:20:49.935 W/DreamService[DozeService]( 3049): Updating doze without a window token.
11-21 20:20:49.936 I/chatty  (  901): uid=1000(system) Binder:901_2 expire 2 lines
11-21 20:20:49.942 V/DreamService[DozeService]( 3049): onBind() intent = Intent { act=android.service.dreams.DreamService flg=0x800000 cmp=com.oneplus.aod/com.oneplus.doze.DozeService }
11-21 20:20:49.944 V/DreamService[DozeService]( 3049): Calling onDreamingStarted()
11-21 20:20:49.944 V/DreamService[DozeService]( 3049): onDreamingStarted()
11-21 20:20:50.058 I/chatty  (  901): uid=1000(system) Binder:901_A expire 1 line
11-21 20:20:50.058 I/chatty  (  901): uid=1000(system) OIMC expire 8 lines
11-21 20:20:52.552 I/chatty  (  901): uid=1000(system) AlarmManager expire 4 lines
11-21 20:20:52.964 I/chatty  (  901): uid=1000(system) batterystats-wo expire 4 lines
11-21 20:20:53.008 I/chatty  (  901): uid=1000(system) android.bg expire 3 lines
11-21 20:20:58.067 I/chatty  (  901): uid=1000 system_server expire 1 line
11-21 20:20:58.837 I/chatty  (  901): uid=1000(system) Thread-4 expire 2 lines
11-21 20:20:58.846 I/chatty  (  901): uid=1000(system) Binder:901_1D expire 7 lines
11-21 20:20:58.846 I/chatty  (  901): uid=1000(system) android.ui expire 6 lines
11-21 20:20:58.990 V/DreamService[DozeService]( 3049): wakeUp(): fromSystem=true, mWaking=false, mFinished=false
11-21 20:20:58.990 V/DreamService[DozeService]( 3049): finish(): mFinished=false
11-21 20:20:58.999 D/QMI_FW  ( 1203): chen-screen on: is_screen_off = 0 
11-21 20:20:59.011 V/DreamService[DozeService]( 3049): detach(): Calling onDreamingStopped()
11-21 20:20:59.011 V/DreamService[DozeService]( 3049): onDreamingStopped()
11-21 20:20:59.017 V/DreamService[DozeService]( 3049): onDestroy()
11-21 20:20:59.021 D/QMI_FW  ( 1184): chen-screen on: is_screen_off = 0 
11-21 20:20:59.098 I/chatty  (  901): uid=1000(system) ActivityManager expire 2 lines
11-21 20:20:59.178 I/chatty  (  901): uid=1000(system) Binder:901_7 expire 3 lines
11-21 20:20:59.226 I/chatty  (  901): uid=1000(system) Binder:901_13 expire 1 line
11-21 20:21:03.665 D/QMI_FW  ( 1203): chen-screen off: is_screen_off = 1 
11-21 20:21:03.880 I/chatty  (  901): uid=1000(system) PowerManagerSer expire 6 lines
11-21 20:21:03.926 V/DreamService[DozeService]( 3049): onCreate()
11-21 20:21:03.940 W/DreamService[DozeService]( 3049): Updating doze without a window token.
11-21 20:21:03.947 V/DreamService[DozeService]( 3049): onBind() intent = Intent { act=android.service.dreams.DreamService flg=0x800000 cmp=com.oneplus.aod/com.oneplus.doze.DozeService }
11-21 20:21:03.950 I/chatty  (  901): uid=1000 system_server expire 12 lines
11-21 20:21:03.951 V/DreamService[DozeService]( 3049): Calling onDreamingStarted()
11-21 20:21:03.951 V/DreamService[DozeService]( 3049): onDreamingStarted()
11-21 20:21:04.073 I/chatty  (  901): uid=1000(system) Binder:901_3 expire 1 line
11-21 20:21:04.298 I/chatty  (  901): uid=1000(system) OIMC expire 5 lines
11-21 20:21:04.326 I/chatty  (  901): uid=1000(system) Binder:901_1D expire 3 lines
11-21 20:21:04.551 I/chatty  (  901): uid=1000 system_server expire 28 lines
11-21 20:21:05.948 I/chatty  (  901): uid=1000(system) PowerManagerSer expire 40 lines
11-21 20:21:05.957 I/chatty  (  901): uid=1000(system) android.fg expire 4 lines
11-21 20:21:05.957 I/chatty  (  901): uid=1000(system) ColorBalanceThr expire 11 lines
11-21 20:21:05.975 V/DreamService[DozeService]( 3049): wakeUp(): fromSystem=true, mWaking=false, mFinished=false
11-21 20:21:05.975 V/DreamService[DozeService]( 3049): finish(): mFinished=false
11-21 20:21:05.976 I/chatty  (  901): uid=1000(system) Binder:901_1 expire 3 lines
11-21 20:21:06.003 V/DreamService[DozeService]( 3049): detach(): Calling onDreamingStopped()
11-21 20:21:06.003 V/DreamService[DozeService]( 3049): onDreamingStopped()
11-21 20:21:06.007 I/chatty  (  901): uid=1000(system) android.ui expire 2 lines
11-21 20:21:06.022 I/chatty  (  901): uid=1000(system) android.display expire 3 lines
11-21 20:21:06.039 V/DreamService[DozeService]( 3049): onDestroy()
11-21 20:21:06.058 D/QMI_FW  ( 1203): chen-screen on: is_screen_off = 0 
11-21 20:21:06.078 D/QMI_FW  ( 1184): chen-screen on: is_screen_off = 0 
11-21 20:21:06.176 D/QMI_FW  ( 1203): chen-screen off: is_screen_off = 1 
11-21 20:21:06.215 I/chatty  (  901): uid=1000(system) AlarmManager expire 19 lines
11-21 20:21:06.572 V/DreamService[DozeService]( 3049): onCreate()
11-21 20:21:06.580 W/DreamService[DozeService]( 3049): Updating doze without a window token.
11-21 20:21:06.584 V/DreamService[DozeService]( 3049): onBind() intent = Intent { act=android.service.dreams.DreamService flg=0x800000 cmp=com.oneplus.aod/com.oneplus.doze.DozeService }
11-21 20:21:06.587 V/DreamService[DozeService]( 3049): Calling onDreamingStarted()
11-21 20:21:06.587 V/DreamService[DozeService]( 3049): onDreamingStarted()
11-21 20:21:06.587 I/chatty  (  901): uid=1000(system) Binder:901_20 expire 2 lines
11-21 20:21:06.704 I/chatty  (  901): uid=1000(system) batterystats-wo expire 5 lines
11-21 20:21:06.726 I/chatty  (  901): uid=1000(system) android.bg expire 3 lines
11-21 20:21:06.769 I/chatty  (  901): uid=1000(system) Binder:901_7 expire 1 line
11-21 20:21:06.809 I/chatty  (  901): uid=1000(system) NetworkPolicy expire 6 lines
11-21 20:21:06.810 I/chatty  (  901): uid=1000(system) ActivityManager expire 117 lines
11-21 20:21:14.970 I/chatty  (  901): uid=1000 system_server expire 1 line
11-21 20:22:01.199 I/chatty  (  901): uid=1000 system_server expire 1 line
11-21 20:22:09.496 I/chatty  (  901): uid=1000 system_server expire 1 line
11-21 20:22:15.820 I/chatty  (  901): uid=1000(system) ActivityManager expire 208 lines
11-21 20:22:19.769 I/chatty  (  901): uid=1000(system) AlarmManager expire 22 lines
11-21 20:22:20.239 I/chatty  (  901): uid=1000 system_server expire 1 line
11-21 20:22:33.697 I/chatty  (  901): uid=1000 system_server expire 1 line
11-21 20:22:43.494 I/chatty  (  901): uid=1000(system) batterystats-wo expire 3 lines
11-21 20:22:43.541 I/chatty  (  901): uid=1000(system) android.bg expire 3 lines
11-21 20:22:48.597 I/chatty  (  901): uid=1000(system) mail.google.com expire 1 line
11-21 20:23:01.577 I/chatty  (  901): uid=1000 system_server expire 1 line
11-21 20:23:29.407 I/chatty  (  901): uid=1000(system) Binder:901_20 expire 1 line
11-21 20:23:35.021 I/chatty  (  901): uid=1000(system) NetworkPolicy expire 2 lines
11-21 20:23:45.516 I/chatty  (  901): uid=1000 system_server expire 1 line
11-21 20:23:45.520 I/chatty  (  901): uid=1000(system) PowerManagerSer expire 6 lines
11-21 20:23:45.523 I/chatty  (  901): uid=1000(system) Thread-4 expire 1 line
11-21 20:23:45.523 I/chatty  (  901): uid=1000(system) ColorBalanceThr expire 2 lines
11-21 20:23:45.523 I/chatty  (  901): uid=1000(system) Binder:901_17 expire 1 line
11-21 20:23:45.523 I/chatty  (  901): uid=1000(system) android.ui expire 9 lines
11-21 20:23:45.527 I/chatty  (  901): uid=1000(system) ColorBalanceThr expire 45 lines
11-21 20:23:45.532 I/chatty  (  901): uid=1000 system_server expire 34 lines
11-21 20:23:45.535 I/chatty  (  901): uid=1000(system) PowerManagerSer expire 56 lines
11-21 20:23:45.540 I/chatty  (  901): uid=1000(system) android.display expire 3 lines
11-21 20:23:45.567 I/chatty  (  901): uid=1000(system) Thread-4 expire 3 lines
11-21 20:23:45.727 I/chatty  (  901): uid=1000(system) Binder:901_2 expire 4 lines
11-21 20:23:45.741 I/chatty  (  901): uid=1000(system) Binder:901_17 expire 5 lines
11-21 20:23:45.917 I/chatty  (  901): uid=1000(system) AlarmManager expire 1 line
11-21 20:23:45.942 I/chatty  (  901): uid=1000(system) android.fg expire 4 lines
11-21 20:23:45.946 V/DreamService[DozeService]( 3049): detach(): Calling onDreamingStopped()
11-21 20:23:45.946 V/DreamService[DozeService]( 3049): onDreamingStopped()
11-21 20:23:45.951 V/DreamService[DozeService]( 3049): onDestroy()
11-21 20:23:45.957 I/chatty  (  901): uid=1000(system) Binder:901_1B expire 2 lines
11-21 20:23:46.004 I/chatty  (  901): uid=1000(system) NetworkPolicy expire 2 lines
11-21 20:23:46.004 I/chatty  (  901): uid=1000(system) ActivityManager expire 82 lines
11-21 20:23:46.069 I/chatty  (  901): uid=1000(system) batterystats-wo expire 1 line
11-21 20:23:46.099 V/DreamService[DozeService]( 3049): onCreate()
11-21 20:23:46.107 W/DreamService[DozeService]( 3049): Updating doze without a window token.
11-21 20:23:46.132 V/DreamService[DozeService]( 3049): onBind() intent = Intent { act=android.service.dreams.DreamService flg=0x800000 cmp=com.oneplus.aod/com.oneplus.doze.DozeService }
11-21 20:23:46.135 V/DreamService[DozeService]( 3049): Calling onDreamingStarted()
11-21 20:23:46.136 V/DreamService[DozeService]( 3049): onDreamingStarted()
11-21 20:23:46.142 I/chatty  (  901): uid=1000(system) Binder:901_9 expire 2 lines
11-21 20:23:46.153 I/chatty  (  901): uid=1000(system) android.bg expire 2 lines
11-21 20:23:46.197 I/chatty  (  901): uid=1000(system) Binder:901_1D expire 2 lines
11-21 20:23:46.218 I/chatty  (  901): uid=1000(system) ActivityManager expire 80 lines
11-21 20:23:46.227 I/chatty  (  901): uid=1000(system) PowerManagerSer expire 27 lines
11-21 20:23:46.242 I/chatty  (  901): uid=1000(system) Binder:901_7 expire 1 line
11-21 20:23:46.247 I/chatty  (  901): uid=1000(system) android.fg expire 4 lines
11-21 20:23:46.247 I/chatty  (  901): uid=1000(system) android.display expire 3 lines
11-21 20:23:46.270 D/QMI_FW  ( 1203): chen-screen on: is_screen_off = 0 
11-21 20:23:46.274 D/QMI_FW  ( 1184): chen-screen on: is_screen_off = 0 
11-21 20:23:46.286 I/chatty  (  901): uid=1000(system) Binder:901_9 expire 5 lines
11-21 20:23:46.286 I/chatty  (  901): uid=1000(system) OIMC expire 7 lines
11-21 20:23:46.298 I/chatty  (  901): uid=1000(system) ColorBalanceThr expire 66 lines
11-21 20:23:46.298 I/chatty  (  901): uid=1000(system) Binder:901_2 expire 4 lines
11-21 20:23:46.299 V/DreamService[DozeService]( 3049): wakeUp(): fromSystem=true, mWaking=false, mFinished=false
11-21 20:23:46.299 V/DreamService[DozeService]( 3049): finish(): mFinished=false
11-21 20:23:46.316 V/DreamService[DozeService]( 3049): detach(): Calling onDreamingStopped()
11-21 20:23:46.316 V/DreamService[DozeService]( 3049): onDreamingStopped()
11-21 20:23:46.319 V/DreamService[DozeService]( 3049): onDestroy()
11-21 20:23:46.320 I/chatty  (  901): uid=1000(system) Binder:901_1 expire 6 lines
11-21 20:23:46.321 I/chatty  (  901): uid=1000 system_server expire 22 lines
11-21 20:23:46.357 I/chatty  (  901): uid=1000(system) android.ui expire 7 lines
11-21 20:23:49.253 I/chatty  (  901): uid=1000(system) batterystats-wo expire 2 lines
11-21 20:23:49.298 I/chatty  (  901): uid=1000(system) android.bg expire 2 lines
11-21 20:23:50.423 I/chatty  (  901): uid=1000(system) AlarmManager expire 2 lines
11-21 20:23:55.056 I/chatty  (  901): uid=1000(system) NetworkPolicy expire 2 lines
11-21 20:23:57.450 D/QMI_FW  ( 1203): chen-screen off: is_screen_off = 1 
11-21 20:23:57.695 I/chatty  (  901): uid=1000(system) PowerManagerSer expire 5 lines
11-21 20:23:57.715 I/chatty  (  901): uid=1000 system_server expire 8 lines
11-21 20:23:57.733 V/DreamService[DozeService]( 3049): onCreate()
11-21 20:23:57.736 I/chatty  (  901): uid=1000(system) ActivityManager expire 11 lines
11-21 20:23:57.744 W/DreamService[DozeService]( 3049): Updating doze without a window token.
11-21 20:23:57.751 V/DreamService[DozeService]( 3049): onBind() intent = Intent { act=android.service.dreams.DreamService flg=0x800000 cmp=com.oneplus.aod/com.oneplus.doze.DozeService }
11-21 20:23:57.755 V/DreamService[DozeService]( 3049): Calling onDreamingStarted()
11-21 20:23:57.755 V/DreamService[DozeService]( 3049): onDreamingStarted()
11-21 20:23:57.787 I/chatty  (  901): uid=1000(system) PowerManagerSer expire 37 lines
11-21 20:23:57.788 I/chatty  (  901): uid=1000 system_server expire 34 lines
11-21 20:23:57.815 I/chatty  (  901): uid=1000(system) Binder:901_1 expire 6 lines
11-21 20:23:57.815 I/chatty  (  901): uid=1000(system) OIMC expire 10 lines
11-21 20:23:57.882 I/chatty  (  901): uid=1000(system) Binder:901_1B expire 4 lines
11-21 20:23:57.978 I/chatty  (  901): uid=1000(system) Binder:901_17 expire 3 lines
11-21 20:23:58.317 I/chatty  (  901): uid=1000(system) AlarmManager expire 9 lines
11-21 20:23:59.653 I/chatty  (  901): uid=1000(system) NetworkPolicy expire 6 lines
11-21 20:24:00.811 I/chatty  (  901): uid=1000(system) batterystats-wo expire 8 lines
11-21 20:24:00.851 I/chatty  (  901): uid=1000(system) android.bg expire 5 lines
11-21 20:24:02.439 I/chatty  (  901): uid=1000(system) ColorBalanceThr expire 11 lines
11-21 20:24:02.488 I/chatty  (  901): uid=1000(system) android.ui expire 10 lines
11-21 20:24:02.491 I/chatty  (  901): uid=1000(system) android.display expire 5 lines
11-21 20:24:02.525 D/QMI_FW  ( 1203): chen-screen on: is_screen_off = 0 
11-21 20:24:02.529 D/QMI_FW  ( 1184): chen-screen on: is_screen_off = 0 
11-21 20:24:02.712 I/chatty  (  901): uid=1000(system) android.fg expire 7 lines
11-21 20:24:02.713 V/DreamService[DozeService]( 3049): wakeUp(): fromSystem=true, mWaking=false, mFinished=false
11-21 20:24:02.713 V/DreamService[DozeService]( 3049): finish(): mFinished=false
11-21 20:24:02.716 V/DreamService[DozeService]( 3049): detach(): Calling onDreamingStopped()
11-21 20:24:02.716 V/DreamService[DozeService]( 3049): onDreamingStopped()
11-21 20:24:02.721 V/DreamService[DozeService]( 3049): onDestroy()
11-21 20:24:02.760 I/chatty  (  901): uid=1000(system) Binder:901_3 expire 2 lines
11-21 20:24:02.909 I/chatty  (  901): uid=1000(system) Binder:901_F expire 4 lines
11-21 20:24:21.606 I/chatty  (  901): uid=1000(system) Binder:901_9 expire 1 line
11-21 20:24:21.643 D/QMI_FW  ( 1203): chen-screen off: is_screen_off = 1 
11-21 20:24:21.877 I/chatty  (  901): uid=1000(system) PowerManagerSer expire 29 lines
11-21 20:24:21.888 I/chatty  (  901): uid=1000(system) Binder:901_2 expire 3 lines
11-21 20:24:21.899 V/DreamService[DozeService]( 3049): onCreate()
11-21 20:24:21.910 W/DreamService[DozeService]( 3049): Updating doze without a window token.
11-21 20:24:21.915 V/DreamService[DozeService]( 3049): onBind() intent = Intent { act=android.service.dreams.DreamService flg=0x800000 cmp=com.oneplus.aod/com.oneplus.doze.DozeService }
11-21 20:24:21.917 V/DreamService[DozeService]( 3049): Calling onDreamingStarted()
11-21 20:24:21.917 V/DreamService[DozeService]( 3049): onDreamingStarted()
11-21 20:24:21.948 I/chatty  (  901): uid=1000 system_server expire 35 lines
11-21 20:24:22.205 I/chatty  (  901): uid=1000(system) Binder:901_13 expire 3 lines
11-21 20:24:25.303 I/chatty  (  901): uid=1000(system) ColorBalanceThr expire 7 lines
11-21 20:24:25.367 D/QMI_FW  ( 1203): chen-screen on: is_screen_off = 0 
11-21 20:24:25.384 D/QMI_FW  ( 1184): chen-screen on: is_screen_off = 0 
11-21 20:24:25.533 V/DreamService[DozeService]( 3049): wakeUp(): fromSystem=true, mWaking=false, mFinished=false
11-21 20:24:25.533 V/DreamService[DozeService]( 3049): finish(): mFinished=false
11-21 20:24:25.534 V/DreamService[DozeService]( 3049): detach(): Calling onDreamingStopped()
11-21 20:24:25.534 V/DreamService[DozeService]( 3049): onDreamingStopped()
11-21 20:24:25.546 V/DreamService[DozeService]( 3049): onDestroy()
11-21 20:24:25.638 I/chatty  (  901): uid=1000(system) android.ui expire 2 lines
11-21 20:24:25.920 I/chatty  (  901): uid=1000(system) OIMC expire 14 lines
11-21 20:24:26.132 I/chatty  (  901): uid=1000 system_server expire 77 lines
11-21 20:24:26.886 I/chatty  (  901): uid=1000(system) AlarmManager expire 2 lines
11-21 20:24:28.930 I/chatty  (  901): uid=1000(system) batterystats-wo expire 2 lines
11-21 20:24:28.965 I/chatty  (  901): uid=1000(system) android.bg expire 1 line
11-21 20:24:30.687 I/chatty  (  901): uid=1000(system) PowerManagerSer expire 83 lines
11-21 20:24:30.693 I/chatty  (  901): uid=1000(system) ColorBalanceThr expire 22 lines
11-21 20:24:30.699 I/chatty  (  901): uid=1000(system) Binder:901_1 expire 5 lines
11-21 20:24:30.746 I/chatty  (  901): uid=1000(system) Binder:901_F expire 5 lines
11-21 20:24:30.756 I/chatty  (  901): uid=1000(system) android.display expire 6 lines
11-21 20:24:30.782 D/QMI_FW  ( 1203): chen-screen off: is_screen_off = 1 
11-21 20:24:31.011 I/chatty  (  901): uid=1000(system) android.fg expire 8 lines
11-21 20:24:31.029 V/DreamService[DozeService]( 3049): onCreate()
11-21 20:24:31.039 W/DreamService[DozeService]( 3049): Updating doze without a window token.
11-21 20:24:31.044 V/DreamService[DozeService]( 3049): onBind() intent = Intent { act=android.service.dreams.DreamService flg=0x800000 cmp=com.oneplus.aod/com.oneplus.doze.DozeService }
11-21 20:24:31.045 V/DreamService[DozeService]( 3049): Calling onDreamingStarted()
11-21 20:24:31.045 V/DreamService[DozeService]( 3049): onDreamingStarted()
11-21 20:24:31.289 I/chatty  (  901): uid=1000(system) Binder:901_3 expire 8 lines
11-21 20:24:31.410 D/QMI_FW  ( 1203): chen-screen on: is_screen_off = 0 
11-21 20:24:31.423 D/QMI_FW  ( 1184): chen-screen on: is_screen_off = 0 
11-21 20:24:31.479 I/chatty  (  901): uid=1000(system) Binder:901_17 expire 4 lines
11-21 20:24:31.530 I/chatty  (  901): uid=1000(system) android.ui expire 12 lines
11-21 20:24:31.585 V/DreamService[DozeService]( 3049): wakeUp(): fromSystem=true, mWaking=false, mFinished=false
11-21 20:24:31.585 V/DreamService[DozeService]( 3049): finish(): mFinished=false
11-21 20:24:31.585 I/chatty  (  901): uid=1000(system) Binder:901_13 expire 1 line
11-21 20:24:31.586 V/DreamService[DozeService]( 3049): detach(): Calling onDreamingStopped()
11-21 20:24:31.586 V/DreamService[DozeService]( 3049): onDreamingStopped()
11-21 20:24:31.590 V/DreamService[DozeService]( 3049): onDestroy()
11-21 20:24:31.685 I/chatty  (  901): uid=1000(system) ActivityManager expire 4 lines
11-21 20:24:31.911 I/chatty  (  901): uid=1000(system) NetworkPolicy expire 2 lines
11-21 20:24:32.405 I/chatty  (  901): uid=1000(system) Binder:901_A expire 1 line
11-21 20:24:32.506 D/QMI_FW  ( 1203): chen-screen off: is_screen_off = 1 
11-21 20:24:32.808 V/DreamService[DozeService]( 3049): onCreate()
11-21 20:24:32.816 W/DreamService[DozeService]( 3049): Updating doze without a window token.
11-21 20:24:32.830 V/DreamService[DozeService]( 3049): onBind() intent = Intent { act=android.service.dreams.DreamService flg=0x800000 cmp=com.oneplus.aod/com.oneplus.doze.DozeService }
11-21 20:24:32.832 V/DreamService[DozeService]( 3049): Calling onDreamingStarted()
11-21 20:24:32.832 V/DreamService[DozeService]( 3049): onDreamingStarted()
11-21 20:24:33.092 I/chatty  (  901): uid=1000(system) Binder:901_9 expire 4 lines
11-21 20:24:33.251 D/QMI_FW  ( 1203): chen-screen on: is_screen_off = 0 
11-21 20:24:33.270 D/QMI_FW  ( 1184): chen-screen on: is_screen_off = 0 
11-21 20:24:33.317 V/DreamService[DozeService]( 3049): wakeUp(): fromSystem=true, mWaking=false, mFinished=false
11-21 20:24:33.317 V/DreamService[DozeService]( 3049): finish(): mFinished=false
11-21 20:24:33.319 V/DreamService[DozeService]( 3049): detach(): Calling onDreamingStopped()
11-21 20:24:33.319 V/DreamService[DozeService]( 3049): onDreamingStopped()
11-21 20:24:33.323 V/DreamService[DozeService]( 3049): onDestroy()
11-21 20:24:33.468 I/chatty  (  901): uid=1000 system_server expire 27 lines
11-21 20:24:33.492 I/chatty  (  901): uid=1000(system) Binder:901_17 expire 6 lines
11-21 20:24:33.530 I/chatty  (  901): uid=1000(system) Binder:901_2 expire 3 lines
11-21 20:24:33.530 I/chatty  (  901): uid=1000(system) OIMC expire 7 lines
11-21 20:24:33.553 I/chatty  (  901): uid=1000(system) Binder:901_3 expire 1 line
11-21 20:24:34.471 I/chatty  (  901): uid=1000(system) PowerManagerSer expire 59 lines
11-21 20:24:35.413 I/chatty  (  901): uid=1000(system) uteStateMachine expire 24 lines
11-21 20:24:35.929 I/chatty  (  901): uid=1000(system) AlarmManager expire 6 lines
11-21 20:24:36.042 I/chatty  (  901): uid=1000(system) batterystats-wo expire 6 lines
11-21 20:24:36.093 I/chatty  (  901): uid=1000(system) android.bg expire 3 lines
11-21 20:24:40.121 I/chatty  (  901): uid=1000(system) ColorBalanceThr expire 50 lines
11-21 20:24:44.414 I/chatty  (  901): uid=1000(system) ActivityManager expire 6 lines
11-21 20:24:55.117 I/chatty  (  901): uid=1000(system) NetworkPolicy expire 2 lines
11-21 20:25:00.221 I/chatty  (  901): uid=1000(system) InputReader expire 3 lines
11-21 20:25:00.377 I/chatty  (  901): uid=1000(system) android.display expire 2 lines
11-21 20:25:00.402 D/QMI_FW  ( 1203): chen-screen off: is_screen_off = 1 
11-21 20:25:00.630 I/chatty  (  901): uid=1000(system) PowerManagerSer expire 21 lines
11-21 20:25:00.644 I/chatty  (  901): uid=1000(system) android.fg expire 1 line
11-21 20:25:00.655 V/DreamService[DozeService]( 3049): onCreate()
11-21 20:25:00.661 W/DreamService[DozeService]( 3049): Updating doze without a window token.
11-21 20:25:00.665 V/DreamService[DozeService]( 3049): onBind() intent = Intent { act=android.service.dreams.DreamService flg=0x800000 cmp=com.oneplus.aod/com.oneplus.doze.DozeService }
11-21 20:25:00.667 V/DreamService[DozeService]( 3049): Calling onDreamingStarted()
11-21 20:25:00.667 V/DreamService[DozeService]( 3049): onDreamingStarted()
11-21 20:25:00.716 I/chatty  (  901): uid=1000 system_server expire 13 lines
11-21 20:25:00.723 I/chatty  (  901): uid=1000(system) Binder:901_F expire 1 line
11-21 20:25:00.800 I/chatty  (  901): uid=1000(system) Binder:901_1B expire 2 lines
11-21 20:25:00.815 I/chatty  (  901): uid=1000(system) Binder:901_A expire 1 line
11-21 20:25:11.441 I/chatty  (  901): uid=1000(system) Thread-4 expire 1 line
11-21 20:25:11.442 I/chatty  (  901): uid=1000(system) ColorBalanceThr expire 7 lines
11-21 20:25:11.442 I/chatty  (  901): uid=1000(system) android.ui expire 4 lines
11-21 20:25:11.495 I/chatty  (  901): uid=1000(system) PowerManagerSer expire 161 lines
11-21 20:25:11.510 I/chatty  (  901): uid=1000(system) android.display expire 28 lines
11-21 20:25:11.527 I/chatty  (  901): uid=1000(system) Binder:901_F expire 1 line
11-21 20:25:11.694 I/chatty  (  901): uid=1000(system) Binder:901_3 expire 4 lines
11-21 20:25:11.748 I/chatty  (  901): uid=1000(system) OIMC expire 15 lines
11-21 20:25:12.790 I/chatty  (  901): uid=1000 system_server expire 19 lines
11-21 20:25:15.871 I/chatty  (  901): uid=1000(system) batterystats-wo expire 1 line
11-21 20:25:15.874 I/chatty  (  901): uid=1000(system) ActivityManager expire 1 line
11-21 20:25:21.987 I/chatty  (  901): uid=1000(system) ColorBalanceThr expire 18 lines
11-21 20:25:22.011 I/chatty  (  901): uid=1000(system) Binder:901_13 expire 2 lines
11-21 20:25:22.012 I/chatty  (  901): uid=1000(system) Thread-4 expire 1 line
11-21 20:25:22.012 I/chatty  (  901): uid=1000(system) Binder:901_A expire 1 line
11-21 20:25:22.045 I/chatty  (  901): uid=1000(system) Binder:901_17 expire 7 lines
11-21 20:25:27.353 I/chatty  (  901): uid=1000(system) Thread-4 expire 3 lines
11-21 20:25:27.353 I/chatty  (  901): uid=1000(system) PowerManagerSer expire 135 lines
11-21 20:25:27.356 I/chatty  (  901): uid=1000(system) ColorBalanceThr expire 35 lines
11-21 20:25:27.365 I/chatty  (  901): uid=1000(system) android.ui expire 8 lines
11-21 20:25:27.378 I/chatty  (  901): uid=1000(system) android.display expire 20 lines
11-21 20:25:27.395 I/chatty  (  901): uid=1000 system_server expire 30 lines
11-21 20:25:27.683 I/chatty  (  901): uid=1000(system) OIMC expire 8 lines
11-21 20:25:27.771 I/chatty  (  901): uid=1000(system) Binder:901_13 expire 4 lines
11-21 20:25:31.516 I/chatty  (  901): uid=1000(system) Binder:901_1B expire 1 line
11-21 20:25:31.566 I/chatty  (  901): uid=1000(system) Binder:901_F expire 5 lines
11-21 20:25:31.607 I/chatty  (  901): uid=1000(system) Binder:901_2 expire 1 line
11-21 20:25:31.985 I/chatty  (  901): uid=1000(system) Binder:901_A expire 4 lines
11-21 20:25:32.538 I/chatty  (  901): uid=1000 system_server expire 54 lines
11-21 20:25:32.539 I/chatty  (  901): uid=1000(system) Binder:901_1B expire 3 lines
11-21 20:25:32.543 I/chatty  (  901): uid=1000(system) PowerManagerSer expire 51 lines
11-21 20:25:32.545 I/chatty  (  901): uid=1000(system) ColorBalanceThr expire 99 lines
11-21 20:25:32.546 I/chatty  (  901): uid=1000(system) OIMC expire 5 lines
11-21 20:25:32.557 I/chatty  (  901): uid=1000(system) Binder:901_2 expire 1 line
11-21 20:25:32.580 I/chatty  (  901): uid=1000(system) android.display expire 4 lines
11-21 20:25:32.589 I/chatty  (  901): uid=1000(system) android.fg expire 3 lines
11-21 20:25:32.605 V/DreamService[DozeService]( 3049): wakeUp(): fromSystem=true, mWaking=false, mFinished=false
11-21 20:25:32.605 V/DreamService[DozeService]( 3049): finish(): mFinished=false
11-21 20:25:32.629 V/DreamService[DozeService]( 3049): detach(): Calling onDreamingStopped()
11-21 20:25:32.629 V/DreamService[DozeService]( 3049): onDreamingStopped()
11-21 20:25:32.637 D/QMI_FW  ( 1203): chen-screen on: is_screen_off = 0 
11-21 20:25:32.645 V/DreamService[DozeService]( 3049): onDestroy()
11-21 20:25:32.647 D/QMI_FW  ( 1184): chen-screen on: is_screen_off = 0 
11-21 20:25:32.738 I/chatty  (  901): uid=1000(system) ActivityManager expire 5 lines
11-21 20:25:32.761 I/chatty  (  901): uid=1000(system) android.ui expire 6 lines
11-21 20:25:32.841 I/chatty  (  901): uid=1000(system) Binder:901_7 expire 1 line
11-21 20:25:32.859 I/chatty  (  901): uid=1000(system) batterystats-wo expire 3 lines
11-21 20:25:32.878 I/chatty  (  901): uid=1000(system) NetworkPolicy expire 4 lines
11-21 20:25:32.892 I/chatty  (  901): uid=1000(system) Binder:901_9 expire 2 lines
11-21 20:25:32.929 I/chatty  (  901): uid=1000(system) Binder:901_1 expire 3 lines
11-21 20:25:32.930 I/chatty  (  901): uid=1000(system) Thread-4 expire 1 line
11-21 20:25:34.825 I/chatty  (  901): uid=1000(system) AlarmManager expire 4 lines
11-21 20:25:35.869 I/chatty  (  901): uid=1000(system) android.bg expire 1 line
11-21 20:25:37.095 D/QMI_FW  ( 1203): chen-screen off: is_screen_off = 1 
11-21 20:25:37.380 I/chatty  (  901): uid=1000(system) mConsumptionDet expire 1 line
11-21 20:25:37.407 I/chatty  (  901): uid=1000(system) Binder:901_F expire 1 line
11-21 20:25:37.426 D/QMI_FW  ( 1203): chen-screen on: is_screen_off = 0 
11-21 20:25:37.433 D/QMI_FW  ( 1184): chen-screen on: is_screen_off = 0 
11-21 20:25:37.565 I/chatty  (  901): uid=1000(system) Binder:901_3 expire 8 lines
11-21 20:25:37.734 I/chatty  (  901): uid=1000(system) OIMC expire 12 lines
11-21 20:25:37.818 I/chatty  (  901): uid=1000(system) PowerManagerSer expire 83 lines
11-21 20:25:37.825 I/chatty  (  901): uid=1000(system) ColorBalanceThr expire 22 lines
11-21 20:25:37.833 I/chatty  (  901): uid=1000 system_server expire 73 lines
11-21 20:25:37.837 I/chatty  (  901): uid=1000(system) Binder:901_1 expire 2 lines
11-21 20:25:37.884 I/chatty  (  901): uid=1000(system) Binder:901_7 expire 1 line
11-21 20:25:37.885 I/chatty  (  901): uid=1000(system) android.display expire 6 lines
11-21 20:25:37.909 D/QMI_FW  ( 1203): chen-screen off: is_screen_off = 1 
11-21 20:25:38.155 I/chatty  (  901): uid=1000(system) android.fg expire 10 lines
11-21 20:25:38.200 V/DreamService[DozeService]( 3049): onCreate()
11-21 20:25:38.205 I/chatty  (  901): uid=1000(system) Binder:901_F expire 5 lines
11-21 20:25:38.207 W/DreamService[DozeService]( 3049): Updating doze without a window token.
11-21 20:25:38.218 V/DreamService[DozeService]( 3049): onBind() intent = Intent { act=android.service.dreams.DreamService flg=0x800000 cmp=com.oneplus.aod/com.oneplus.doze.DozeService }
11-21 20:25:38.223 V/DreamService[DozeService]( 3049): Calling onDreamingStarted()
11-21 20:25:38.223 V/DreamService[DozeService]( 3049): onDreamingStarted()
11-21 20:25:38.268 I/chatty  (  901): uid=1000(system) Binder:901_17 expire 1 line
11-21 20:25:38.349 I/chatty  (  901): uid=1000(system) mConsumptionDet expire 1 line
11-21 20:25:38.567 I/chatty  (  901): uid=1000(system) NetworkPolicy expire 4 lines
11-21 20:25:38.568 I/chatty  (  901): uid=1000(system) ActivityManager expire 3 lines
11-21 20:25:41.296 I/chatty  (  901): uid=1000(system) batterystats-wo expire 2 lines
11-21 20:25:41.349 I/chatty  (  901): uid=1000(system) android.bg expire 2 lines
11-21 20:25:44.343 I/chatty  (  901): uid=1000(system) AlarmManager expire 1 line
11-21 20:25:44.411 I/chatty  (  901): uid=1000(system) Binder:901_2 expire 5 lines
11-21 20:25:44.411 I/chatty  (  901): uid=1000(system) android.ui expire 10 lines
11-21 20:25:44.460 D/QMI_FW  ( 1203): chen-screen on: is_screen_off = 0 
11-21 20:25:44.464 D/QMI_FW  ( 1184): chen-screen on: is_screen_off = 0 
11-21 20:25:44.536 V/DreamService[DozeService]( 3049): wakeUp(): fromSystem=true, mWaking=false, mFinished=false
11-21 20:25:44.536 V/DreamService[DozeService]( 3049): finish(): mFinished=false
11-21 20:25:44.547 V/DreamService[DozeService]( 3049): detach(): Calling onDreamingStopped()
11-21 20:25:44.548 V/DreamService[DozeService]( 3049): onDreamingStopped()
11-21 20:25:44.555 V/DreamService[DozeService]( 3049): onDestroy()
11-21 20:25:46.208 I/chatty  (  901): uid=1000(system) Binder:901_13 expire 10 lines
11-21 20:25:46.275 D/QMI_FW  ( 1203): chen-screen off: is_screen_off = 1 
11-21 20:25:46.506 V/DreamService[DozeService]( 3049): onCreate()
11-21 20:25:46.512 W/DreamService[DozeService]( 3049): Updating doze without a window token.
11-21 20:25:46.517 V/DreamService[DozeService]( 3049): onBind() intent = Intent { act=android.service.dreams.DreamService flg=0x800000 cmp=com.oneplus.aod/com.oneplus.doze.DozeService }
11-21 20:25:46.518 V/DreamService[DozeService]( 3049): Calling onDreamingStarted()
11-21 20:25:46.518 V/DreamService[DozeService]( 3049): onDreamingStarted()
11-21 20:25:47.062 D/QMI_FW  ( 1203): chen-screen on: is_screen_off = 0 
11-21 20:25:47.082 D/QMI_FW  ( 1184): chen-screen on: is_screen_off = 0 
11-21 20:25:47.255 V/DreamService[DozeService]( 3049): wakeUp(): fromSystem=true, mWaking=false, mFinished=false
11-21 20:25:47.255 V/DreamService[DozeService]( 3049): finish(): mFinished=false
11-21 20:25:47.261 V/DreamService[DozeService]( 3049): onDestroy()
11-21 20:25:47.261 V/DreamService[DozeService]( 3049): detach(): Calling onDreamingStopped()
11-21 20:25:47.261 V/DreamService[DozeService]( 3049): onDreamingStopped()
11-21 20:25:47.298 I/chatty  (  901): uid=1000 system_server expire 70 lines
11-21 20:25:47.301 I/chatty  (  901): uid=1000(system) Binder:901_2 expire 4 lines
11-21 20:25:47.317 I/chatty  (  901): uid=1000(system) OIMC expire 12 lines
11-21 20:25:47.360 I/chatty  (  901): uid=1000(system) ActivityManager expire 4 lines
11-21 20:25:47.370 I/chatty  (  901): uid=1000(system) android.ui expire 12 lines
11-21 20:25:49.003 I/chatty  (  901): uid=1000(system) PowerManagerSer expire 84 lines
11-21 20:25:49.018 I/chatty  (  901): uid=1000(system) ColorBalanceThr expire 22 lines
11-21 20:25:49.081 I/chatty  (  901): uid=1000(system) android.display expire 6 lines
11-21 20:25:49.100 D/QMI_FW  ( 1203): chen-screen off: is_screen_off = 1 
11-21 20:25:49.372 I/chatty  (  901): uid=1000(system) android.fg expire 9 lines
11-21 20:25:49.416 I/chatty  (  901): uid=1000(system) mConsumptionDet expire 1 line
11-21 20:25:49.443 V/DreamService[DozeService]( 3049): onCreate()
11-21 20:25:49.447 I/chatty  (  901): uid=1000(system) Binder:901_F expire 8 lines
11-21 20:25:49.450 W/DreamService[DozeService]( 3049): Updating doze without a window token.
11-21 20:25:49.454 V/DreamService[DozeService]( 3049): onBind() intent = Intent { act=android.service.dreams.DreamService flg=0x800000 cmp=com.oneplus.aod/com.oneplus.doze.DozeService }
11-21 20:25:49.525 V/DreamService[DozeService]( 3049): Calling onDreamingStarted()
11-21 20:25:49.525 V/DreamService[DozeService]( 3049): onDreamingStarted()
11-21 20:25:49.543 V/DreamService[DozeService]( 3049): wakeUp(): fromSystem=true, mWaking=false, mFinished=false
11-21 20:25:49.543 V/DreamService[DozeService]( 3049): finish(): mFinished=false
11-21 20:25:49.564 D/QMI_FW  ( 1203): chen-screen on: is_screen_off = 0 
11-21 20:25:49.566 D/QMI_FW  ( 1184): chen-screen on: is_screen_off = 0 
11-21 20:25:49.578 V/DreamService[DozeService]( 3049): detach(): Calling onDreamingStopped()
11-21 20:25:49.578 V/DreamService[DozeService]( 3049): onDreamingStopped()
11-21 20:25:49.584 V/DreamService[DozeService]( 3049): onDestroy()
11-21 20:25:49.589 I/chatty  (  901): uid=1000(system) Binder:901_1B expire 4 lines
11-21 20:25:49.608 I/chatty  (  901): uid=1000(system) Binder:901_3 expire 1 line
11-21 20:25:49.800 I/chatty  (  901): uid=1000(system) Binder:901_A expire 5 lines
11-21 20:25:49.932 I/chatty  (  901): uid=1000(system) Binder:901_9 expire 1 line
11-21 20:25:50.103 I/chatty  (  901): uid=1000(system) NetworkPolicy expire 2 lines
11-21 20:25:50.148 D/QMI_FW  ( 1203): chen-screen off: is_screen_off = 1 
11-21 20:25:50.432 V/DreamService[DozeService]( 3049): onCreate()
11-21 20:25:50.438 W/DreamService[DozeService]( 3049): Updating doze without a window token.
11-21 20:25:50.443 V/DreamService[DozeService]( 3049): onBind() intent = Intent { act=android.service.dreams.DreamService flg=0x800000 cmp=com.oneplus.aod/com.oneplus.doze.DozeService }
11-21 20:25:50.454 V/DreamService[DozeService]( 3049): Calling onDreamingStarted()
11-21 20:25:50.454 V/DreamService[DozeService]( 3049): onDreamingStarted()
11-21 20:25:50.738 I/chatty  (  901): uid=1000(system) Binder:901_1 expire 2 lines
11-21 20:25:50.745 D/QMI_FW  ( 1203): chen-screen on: is_screen_off = 0 
11-21 20:25:50.761 D/QMI_FW  ( 1184): chen-screen on: is_screen_off = 0 
11-21 20:25:50.811 I/chatty  (  901): uid=1000(system) Binder:901_17 expire 7 lines
11-21 20:25:50.896 V/DreamService[DozeService]( 3049): wakeUp(): fromSystem=true, mWaking=false, mFinished=false
11-21 20:25:50.896 V/DreamService[DozeService]( 3049): finish(): mFinished=false
11-21 20:25:50.902 V/DreamService[DozeService]( 3049): detach(): Calling onDreamingStopped()
11-21 20:25:50.902 V/DreamService[DozeService]( 3049): onDreamingStopped()
11-21 20:25:50.906 V/DreamService[DozeService]( 3049): onDestroy()
11-21 20:25:50.968 I/chatty  (  901): uid=1000 system_server expire 46 lines
11-21 20:25:51.001 I/chatty  (  901): uid=1000(system) ActivityManager expire 4 lines
11-21 20:25:51.036 I/chatty  (  901): uid=1000(system) android.ui expire 9 lines
11-21 20:25:51.139 I/chatty  (  901): uid=1000(system) OIMC expire 12 lines
11-21 20:25:51.157 I/chatty  (  901): uid=1000(system) Binder:901_9 expire 7 lines
11-21 20:25:53.782 I/chatty  (  901): uid=1000(system) batterystats-wo expire 2 lines
11-21 20:25:53.837 I/chatty  (  901): uid=1000(system) android.bg expire 2 lines
11-21 20:25:54.546 I/chatty  (  901): uid=1000(system) AlarmManager expire 4 lines
11-21 20:25:58.401 I/chatty  (  901): uid=1000(system) NetworkPolicy expire 4 lines
11-21 20:25:58.887 I/chatty  (  901): uid=1000(system) PowerManagerSer expire 91 lines
11-21 20:26:00.028 I/chatty  (  901): uid=1000(system) ColorBalanceThr expire 21 lines
11-21 20:26:00.099 I/chatty  (  901): uid=1000(system) android.display expire 5 lines
11-21 20:26:00.121 I/chatty  (  901): uid=1000(system) Binder:901_F expire 5 lines
11-21 20:26:00.126 D/QMI_FW  ( 1203): chen-screen off: is_screen_off = 1 
11-21 20:26:00.391 I/chatty  (  901): uid=1000(system) android.fg expire 5 lines
11-21 20:26:00.404 V/DreamService[DozeService]( 3049): onCreate()
11-21 20:26:00.412 W/DreamService[DozeService]( 3049): Updating doze without a window token.
11-21 20:26:00.419 V/DreamService[DozeService]( 3049): onBind() intent = Intent { act=android.service.dreams.DreamService flg=0x800000 cmp=com.oneplus.aod/com.oneplus.doze.DozeService }
11-21 20:26:00.421 V/DreamService[DozeService]( 3049): Calling onDreamingStarted()
11-21 20:26:00.421 V/DreamService[DozeService]( 3049): onDreamingStarted()
11-21 20:26:00.514 I/chatty  (  901): uid=1000(system) Binder:901_13 expire 3 lines
11-21 20:26:00.666 D/QMI_FW  ( 1203): chen-screen on: is_screen_off = 0 
11-21 20:26:00.676 D/QMI_FW  ( 1184): chen-screen on: is_screen_off = 0 
11-21 20:26:00.771 I/chatty  (  901): uid=1000(system) Binder:901_A expire 5 lines
11-21 20:26:00.850 V/DreamService[DozeService]( 3049): wakeUp(): fromSystem=true, mWaking=false, mFinished=false
11-21 20:26:00.850 V/DreamService[DozeService]( 3049): finish(): mFinished=false
11-21 20:26:00.853 V/DreamService[DozeService]( 3049): detach(): Calling onDreamingStopped()
11-21 20:26:00.853 V/DreamService[DozeService]( 3049): onDreamingStopped()
11-21 20:26:00.859 V/DreamService[DozeService]( 3049): onDestroy()
11-21 20:26:02.997 I/chatty  (  901): uid=1000(system) Binder:901_1B expire 1 line
11-21 20:26:03.033 D/QMI_FW  ( 1203): chen-screen off: is_screen_off = 1 
11-21 20:26:03.275 V/DreamService[DozeService]( 3049): onCreate()
11-21 20:26:03.283 W/DreamService[DozeService]( 3049): Updating doze without a window token.
11-21 20:26:03.289 V/DreamService[DozeService]( 3049): onBind() intent = Intent { act=android.service.dreams.DreamService flg=0x800000 cmp=com.oneplus.aod/com.oneplus.doze.DozeService }
11-21 20:26:03.290 V/DreamService[DozeService]( 3049): Calling onDreamingStarted()
11-21 20:26:03.290 V/DreamService[DozeService]( 3049): onDreamingStarted()
11-21 20:26:03.313 I/chatty  (  901): uid=1000 system_server expire 92 lines
11-21 20:26:05.655 D/QMI_FW  ( 1203): chen-screen on: is_screen_off = 0 
11-21 20:26:05.674 D/QMI_FW  ( 1184): chen-screen on: is_screen_off = 0 
11-21 20:26:05.776 I/chatty  (  901): uid=1000(system) ColorBalanceThr expire 33 lines
11-21 20:26:05.858 I/chatty  (  901): uid=1000(system) android.display expire 4 lines
11-21 20:26:05.858 I/chatty  (  901): uid=1000(system) android.ui expire 11 lines
11-21 20:26:05.866 I/chatty  (  901): uid=1000(system) PowerManagerSer expire 92 lines
11-21 20:26:05.869 I/chatty  (  901): uid=1000(system) android.fg expire 3 lines
11-21 20:26:05.870 V/DreamService[DozeService]( 3049): wakeUp(): fromSystem=true, mWaking=false, mFinished=false
11-21 20:26:05.870 V/DreamService[DozeService]( 3049): finish(): mFinished=false
11-21 20:26:05.870 I/chatty  (  901): uid=1000(system) Binder:901_9 expire 8 lines
11-21 20:26:05.879 V/DreamService[DozeService]( 3049): detach(): Calling onDreamingStopped()
11-21 20:26:05.879 V/DreamService[DozeService]( 3049): onDreamingStopped()
11-21 20:26:05.888 V/DreamService[DozeService]( 3049): onDestroy()
11-21 20:26:05.889 I/chatty  (  901): uid=1000(system) Binder:901_17 expire 5 lines
11-21 20:26:05.974 I/chatty  (  901): uid=1000(system) ActivityManager expire 2 lines
11-21 20:26:05.976 I/chatty  (  901): uid=1000(system) Binder:901_F expire 3 lines
11-21 20:26:05.976 I/chatty  (  901): uid=1000(system) OIMC expire 11 lines
11-21 20:26:06.059 I/chatty  (  901): uid=1000(system) Binder:901_1B expire 1 line
11-21 20:26:06.747 I/chatty  (  901): uid=1000(system) batterystats-wo expire 2 lines
11-21 20:26:06.790 I/chatty  (  901): uid=1000(system) android.bg expire 2 lines
11-21 20:26:09.706 I/chatty  (  901): uid=1000(system) Binder:901_3 expire 6 lines
11-21 20:26:09.753 D/QMI_FW  ( 1203): chen-screen off: is_screen_off = 1 
11-21 20:26:09.839 I/chatty  (  901): uid=1000(system) mConsumptionDet expire 2 lines
11-21 20:26:10.211 I/chatty  (  901): uid=1000(system) Binder:901_A expire 2 lines
11-21 20:26:10.270 D/QMI_FW  ( 1203): chen-screen on: is_screen_off = 0 
11-21 20:26:10.280 D/QMI_FW  ( 1184): chen-screen on: is_screen_off = 0 
11-21 20:26:10.541 I/chatty  (  901): uid=1000(system) Binder:901_13 expire 1 line
11-21 20:26:10.674 I/chatty  (  901): uid=1000(system) NetworkPolicy expire 2 lines
11-21 20:26:10.985 I/chatty  (  901): uid=1000(system) PowerManagerSer expire 27 lines
11-21 20:26:10.986 I/chatty  (  901): uid=1000(system) Binder:901_9 expire 14 lines
11-21 20:26:10.993 I/chatty  (  901): uid=1000(system) android.display expire 1 line
11-21 20:26:10.997 I/chatty  (  901): uid=1000(system) Binder:901_F expire 4 lines
11-21 20:26:10.999 I/Telephony( 1941): GsmConnection: isAddParticipantCapable: isCapable = false
11-21 20:26:10.999 I/chatty  (  901): uid=1000(system) Binder:901_17 expire 28 lines
11-21 20:26:11.000 I/Telephony( 1941): GsmConnection: isAddParticipantCapable: isCapable = false
11-21 20:26:11.070 I/chatty  (  901): uid=1000 system_server expire 34 lines
11-21 20:26:11.132 I/Telephony( 1941): GsmConnection: audioQuality: 2
11-21 20:26:11.133 I/Telephony( 1941): : onDisconnect: callId=TC@47_1, cause=LOCAL
11-21 20:26:11.135 I/Telephony( 1941): GsmConnection: isAddParticipantCapable: isCapable = false
11-21 20:26:11.136 I/Telephony( 1941): GsmConnection: isAddParticipantCapable: isCapable = false
11-21 20:26:11.136 I/Telephony( 1941): GsmConnection: isAddParticipantCapable: isCapable = false
11-21 20:26:11.137 I/chatty  (  901): uid=1000(system) Binder:901_13 expire 26 lines
11-21 20:26:11.143 I/chatty  (  901): uid=1000(system) ActivityManager expire 28 lines
11-21 20:26:11.164 I/chatty  (  901): uid=1000(system) uteStateMachine expire 14 lines
11-21 20:26:11.164 I/chatty  (  901): uid=1000(system) CallAudioModeSt expire 5 lines
11-21 20:26:11.165 I/chatty  (  901): uid=1000(system) BluetoothRouteM expire 1 line
11-21 20:26:11.167 I/chatty  (  901): uid=1000 system_server expire 1 line
11-21 20:26:11.182 I/chatty  (  901): uid=1000(system) Binder:901_1B expire 4 lines
11-21 20:26:11.512 V/KeyguardStatusView( 1671): refresh statusview showing:true
11-21 20:26:11.514 I/chatty  (  901): uid=1000(system) Binder:901_7 expire 1 line
11-21 20:26:11.545 I/chatty  (  901): uid=1000(system) Thread-4 expire 2 lines
11-21 20:26:11.545 I/chatty  (  901): uid=1000(system) ColorBalanceThr expire 30 lines
11-21 20:26:11.677 I/chatty  (  901): uid=1000(system) OIMC expire 8 lines
11-21 20:26:12.319 I/chatty  (  901): uid=1000 system_server expire 2 lines
11-21 20:26:13.095 I/chatty  (  901): uid=1000(system) batterystats-wo expire 7 lines
11-21 20:26:13.132 I/chatty  (  901): uid=1000(system) android.bg expire 5 lines
11-21 20:26:13.559 I/chatty  (  901): uid=1000(system) HwBinder:901_1 expire 2 lines
11-21 20:26:13.577 I/chatty  (  901): uid=1000(system) android.ui expire 3 lines
11-21 20:26:13.577 W/FingerprintManager( 1671): Invalid acquired message: 6, 0
11-21 20:26:13.937 V/KeyguardDisplayManager( 1671): hide
11-21 20:26:13.947 I/chatty  (  901): uid=1000(system) Binder:901_1 expire 3 lines
11-21 20:26:14.212 I/chatty  (  901): uid=1000(system) HwBinder:901_2 expire 1 line
11-21 20:26:15.734 I/chatty  (  901): uid=1000(system) AlarmManager expire 5 lines
11-21 20:26:20.066 I/chatty  (  901): uid=1000(system) ActivityManager expire 5 lines
11-21 20:26:20.179 D/ActivityThread(27421): Loading provider com.google.android.gm.sapi: com.google.android.gm.sapi.SapiUiProvider
11-21 20:26:50.638 I/chatty  (  901): uid=1000 system_server expire 16 lines
11-21 20:26:58.472 I/chatty  (  901): uid=1000(system) AlarmManager expire 4 lines
11-21 20:26:58.567 I/chatty  (  901): uid=1000(system) NetworkPolicy expire 10 lines
11-21 20:26:58.568 I/chatty  (  901): uid=1000(system) ActivityManager expire 12 lines
11-21 20:27:11.466 I/chatty  (  901): uid=1000(system) PowerManagerSer expire 20 lines
11-21 20:27:18.572 I/chatty  (  901): uid=1000(system) ColorBalanceThr expire 16 lines
11-21 20:27:18.910 I/chatty  (  901): uid=1000(system) android.display expire 10 lines
11-21 20:27:18.936 I/chatty  (  901): uid=1000(system) android.fg expire 6 lines
11-21 20:27:18.942 D/QMI_FW  ( 1203): chen-screen off: is_screen_off = 1 
11-21 20:27:18.950 V/DreamService[DozeService]( 3049): onCreate()
11-21 20:27:18.951 D/QMI_FW  ( 1184): chen-screen off: is_screen_off = 1 
11-21 20:27:18.959 W/DreamService[DozeService]( 3049): Updating doze without a window token.
11-21 20:27:18.961 I/chatty  (  901): uid=1000(system) Binder:901_9 expire 9 lines
11-21 20:27:18.961 I/chatty  (  901): uid=1000(system) OIMC expire 8 lines
11-21 20:27:18.964 V/DreamService[DozeService]( 3049): onBind() intent = Intent { act=android.service.dreams.DreamService flg=0x800000 cmp=com.oneplus.aod/com.oneplus.doze.DozeService }
11-21 20:27:18.967 V/DreamService[DozeService]( 3049): Calling onDreamingStarted()
11-21 20:27:18.967 V/DreamService[DozeService]( 3049): onDreamingStarted()
11-21 20:27:19.075 I/chatty  (  901): uid=1000(system) Binder:901_A expire 4 lines
11-21 20:27:19.209 I/chatty  (  901): uid=1000(system) batterystats-wo expire 7 lines
11-21 20:27:21.766 I/chatty  (  901): uid=1000(system) android.bg expire 1 line
11-21 20:27:23.492 I/chatty  (  901): uid=1000(system) Binder:901_1 expire 6 lines
11-21 20:27:23.574 V/KeyguardStatusView( 1671): refresh statusview showing:true
11-21 20:27:23.596 V/KeyguardDisplayManager( 1671): show
11-21 20:27:26.815 I/chatty  (  901): uid=1000 system_server expire 2 lines
11-21 20:27:33.211 I/chatty  (  901): uid=1000(system) PowerManagerSer expire 61 lines
11-21 20:27:33.213 I/chatty  (  901): uid=1000(system) Thread-4 expire 2 lines
11-21 20:27:33.215 I/chatty  (  901): uid=1000(system) android.ui expire 8 lines
11-21 20:27:33.225 I/chatty  (  901): uid=1000 system_server expire 25 lines
11-21 20:27:33.285 I/chatty  (  901): uid=1000(system) Binder:901_3 expire 1 line
11-21 20:27:34.817 D/QMI_FW  ( 1203): chen-screen on: is_screen_off = 0 
11-21 20:27:34.838 D/QMI_FW  ( 1184): chen-screen on: is_screen_off = 0 
11-21 20:27:34.848 I/chatty  (  901): uid=1000(system) Binder:901_2 expire 2 lines
11-21 20:27:34.854 V/DreamService[DozeService]( 3049): wakeUp(): fromSystem=true, mWaking=false, mFinished=false
11-21 20:27:34.854 V/DreamService[DozeService]( 3049): finish(): mFinished=false
11-21 20:27:34.858 V/DreamService[DozeService]( 3049): detach(): Calling onDreamingStopped()
11-21 20:27:34.858 V/DreamService[DozeService]( 3049): onDreamingStopped()
11-21 20:27:34.862 V/DreamService[DozeService]( 3049): onDestroy()
11-21 20:27:34.892 I/chatty  (  901): uid=1000(system) ColorBalanceThr expire 22 lines
11-21 20:27:36.852 I/chatty  (  901): uid=1000(system) ConnectivitySer expire 4 lines
11-21 20:27:36.927 I/chatty  (  901): uid=1000(system) ActivityManager expire 19 lines
11-21 20:27:36.978 W/ContextImpl( 3637): Calling a method in the system process without a qualified user: android.app.ContextImpl.sendBroadcast:1008 android.content.ContextWrapper.sendBroadcast:444 com.oneplus.security.SecureService$b.onReceive:188 android.app.LoadedApk$ReceiverDispatcher$Args.lambda$getRunnable$0:1424 android.app.-$$Lambda$LoadedApk$ReceiverDispatcher$Args$_BumDX2UKsnxLVrE6UJsJZkotuA.run:2 
11-21 20:27:37.000 I/chatty  ( 3637): uid=1000(system) com.oneplus.security identical 25 lines
11-21 20:27:37.003 W/ContextImpl( 3637): Calling a method in the system process without a qualified user: android.app.ContextImpl.sendBroadcast:1008 android.content.ContextWrapper.sendBroadcast:444 com.oneplus.security.SecureService$b.onReceive:188 android.app.LoadedApk$ReceiverDispatcher$Args.lambda$getRunnable$0:1424 android.app.-$$Lambda$LoadedApk$ReceiverDispatcher$Args$_BumDX2UKsnxLVrE6UJsJZkotuA.run:2 
11-21 20:27:37.006 I/chatty  (  901): uid=1000(system) ColorBalanceThr expire 25 lines
11-21 20:27:37.007 W/ContextImpl( 3637): Calling a method in the system process without a qualified user: android.app.ContextImpl.sendBroadcast:1008 android.content.ContextWrapper.sendBroadcast:444 com.oneplus.security.SecureService$b.onReceive:188 android.app.LoadedApk$ReceiverDispatcher$Args.lambda$getRunnable$0:1424 android.app.-$$Lambda$LoadedApk$ReceiverDispatcher$Args$_BumDX2UKsnxLVrE6UJsJZkotuA.run:2 
11-21 20:27:37.116 W/ContextImpl( 3637): Calling a method in the system process without a qualified user: android.app.ContextImpl.sendBroadcast:1008 android.content.ContextWrapper.sendBroadcast:444 com.oneplus.security.SecureService$b.onReceive:188 android.app.LoadedApk$ReceiverDispatcher$Args.lambda$getRunnable$0:1424 android.app.-$$Lambda$LoadedApk$ReceiverDispatcher$Args$_BumDX2UKsnxLVrE6UJsJZkotuA.run:2 
11-21 20:27:37.840 I/chatty  (  901): uid=1000(system) batterystats-wo expire 14 lines
11-21 20:27:37.873 I/chatty  (  901): uid=1000(system) android.bg expire 6 lines
11-21 20:27:37.919 W/ContextImpl( 3637): Calling a method in the system process without a qualified user: android.app.ContextImpl.startService:1549 android.content.ContextWrapper.startService:664 com.oneplus.security.firewall.NetworkRestrictService.a:154 com.oneplus.security.receiver.a.e:127 com.oneplus.security.SecureService$a.handleMessage:82 
11-21 20:27:39.543 I/chatty  (  901): uid=1000(system) AlarmManager expire 25 lines
11-21 20:27:40.664 I/chatty  (  901): uid=1000 system_server expire 29 lines
11-21 20:27:41.824 I/chatty  (  901): uid=1000 system_server expire 2 lines
11-21 20:27:41.837 I/chatty  (  901): uid=1000(system) android.io expire 1 line
11-21 20:27:41.895 I/chatty  (  901): uid=1000(system) Binder:901_1B expire 3 lines
11-21 20:27:42.390 I/chatty  (  901): uid=1000(system) ActivityManager expire 2 lines
11-21 20:27:42.398 I/chatty  (  901): uid=1000(system) Binder:901_2 expire 2 lines
11-21 20:27:42.940 I/chatty  (  901): uid=1000(system) Binder:901_1A expire 4 lines
11-21 20:27:42.941 I/chatty  (  901): uid=1000(system) PowerManagerSer expire 28 lines
11-21 20:27:43.011 I/chatty  (  901): uid=1000(system) Thread-4 expire 2 lines
11-21 20:28:41.974 I/chatty  (  901): uid=1000(system) Binder:901_7 expire 1 line
11-21 20:28:42.013 I/chatty  (  901): uid=1000(system) android.display expire 1 line
11-21 20:28:42.273 I/chatty  (  901): uid=1000(system) android.fg expire 1 line
11-21 20:28:42.283 V/DreamService[DozeService]( 3049): onCreate()
11-21 20:28:42.292 W/DreamService[DozeService]( 3049): Updating doze without a window token.
11-21 20:28:42.298 V/DreamService[DozeService]( 3049): onBind() intent = Intent { act=android.service.dreams.DreamService flg=0x800000 cmp=com.oneplus.aod/com.oneplus.doze.DozeService }
11-21 20:28:42.299 V/DreamService[DozeService]( 3049): Calling onDreamingStarted()
