11-21 18:45:33.105 W/ContextImpl( 3637): Calling a method in the system process without a qualified user: android.app.ContextImpl.sendBroadcast:1008 android.content.ContextWrapper.sendBroadcast:444 com.oneplus.security.SecureService$b.onReceive:188 android.app.LoadedApk$ReceiverDispatcher$Args.lambda$getRunnable$0:1424 android.app.-$$Lambda$LoadedApk$ReceiverDispatcher$Args$_BumDX2UKsnxLVrE6UJsJZkotuA.run:2 
11-21 18:45:33.113 W/ContextImpl( 3637): Calling a method in the system process without a qualified user: android.app.ContextImpl.sendBroadcast:1008 android.content.ContextWrapper.sendBroadcast:444 com.oneplus.security.SecureService$b.onReceive:188 android.app.LoadedApk$ReceiverDispatcher$Args.lambda$getRunnable$0:1424 android.app.-$$Lambda$LoadedApk$ReceiverDispatcher$Args$_BumDX2UKsnxLVrE6UJsJZkotuA.run:2 
11-21 18:45:33.144 W/ContextImpl( 3637): Calling a method in the system process without a qualified user: android.app.ContextImpl.sendBroadcast:1008 android.content.ContextWrapper.sendBroadcast:444 com.oneplus.security.SecureService$b.onReceive:188 android.app.LoadedApk$ReceiverDispatcher$Args.lambda$getRunnable$0:1424 android.app.-$$Lambda$LoadedApk$ReceiverDispatcher$Args$_BumDX2UKsnxLVrE6UJsJZkotuA.run:2 
11-21 18:45:33.157 W/ContextImpl( 3637): Calling a method in the system process without a qualified user: android.app.ContextImpl.sendBroadcast:1008 android.content.ContextWrapper.sendBroadcast:444 com.oneplus.security.SecureService$b.onReceive:188 android.app.LoadedApk$ReceiverDispatcher$Args.lambda$getRunnable$0:1424 android.app.-$$Lambda$LoadedApk$ReceiverDispatcher$Args$_BumDX2UKsnxLVrE6UJsJZkotuA.run:2 
11-21 18:45:35.862 I/chatty  (  901): uid=1000(system) ramboost expire 4 lines
11-21 18:45:36.972 I/chatty  (  901): uid=1000(system) Binder:901_C expire 15 lines
11-21 18:45:44.581 I/chatty  (  901): uid=1000(system) CpuTracker expire 3 lines
11-21 18:45:44.586 I/chatty  (  901): uid=1000(system) batterystats-wo expire 4 lines
11-21 18:45:50.645 I/chatty  (  901): uid=1000 system_server expire 1 line
11-21 18:45:52.489 I/chatty  (  901): uid=1000(system) android.io expire 2 lines
11-21 18:45:55.378 I/chatty  (  901): uid=1000(system) Binder:901_3 expire 40 lines
11-21 18:45:56.388 I/chatty  (  901): uid=1000(system) AlarmManager expire 13 lines
11-21 18:45:56.415 I/chatty  (  901): uid=1000(system) CpuTracker expire 7 lines
11-21 18:45:58.020 I/chatty  (  901): uid=1000(system) Binder:901_10 expire 18 lines
11-21 18:46:06.801 I/chatty  (  901): uid=1000(system) Binder:901_17 expire 3 lines
11-21 18:46:09.755 I/chatty  (  901): uid=1000(system) ActivityManager expire 169 lines
11-21 18:46:16.553 I/chatty  (  901): uid=1000(system) Binder:901_B expire 1 line
11-21 18:46:23.669 I/chatty  (  901): uid=1000(system) Binder:901_D expire 62 lines
11-21 18:46:31.767 I/chatty  (  901): uid=1000(system) Binder:901_14 expire 7 lines
11-21 18:46:36.344 I/chatty  (  901): uid=1000(system) batterystats-wo expire 4 lines
11-21 18:46:36.375 I/chatty  (  901): uid=1000(system) android.bg expire 2 lines
11-21 18:46:43.565 I/chatty  (  901): uid=1000(system) ActivityManager expire 1 line
11-21 18:46:48.344 I/chatty  (  901): uid=1000(system) Binder:901_12 expire 23 lines
11-21 18:47:15.405 I/chatty  (  901): uid=1000(system) SuspenPorcessTh expire 2 lines
11-21 18:47:18.351 I/chatty  (  901): uid=1000(system) Binder:901_3 expire 7 lines
11-21 18:47:18.730 I/chatty  (  901): uid=1000(system) ActivityManager expire 11 lines
11-21 18:47:18.894 W/ContextImpl( 3637): Calling a method in the system process without a qualified user: android.app.ContextImpl.sendBroadcast:1008 android.content.ContextWrapper.sendBroadcast:444 com.oneplus.security.SecureService$b.onReceive:188 android.app.LoadedApk$ReceiverDispatcher$Args.lambda$getRunnable$0:1424 android.app.-$$Lambda$LoadedApk$ReceiverDispatcher$Args$_BumDX2UKsnxLVrE6UJsJZkotuA.run:2 
11-21 18:47:18.908 I/chatty  ( 3637): uid=1000(system) com.oneplus.security identical 10 lines
11-21 18:47:18.913 W/ContextImpl( 3637): Calling a method in the system process without a qualified user: android.app.ContextImpl.sendBroadcast:1008 android.content.ContextWrapper.sendBroadcast:444 com.oneplus.security.SecureService$b.onReceive:188 android.app.LoadedApk$ReceiverDispatcher$Args.lambda$getRunnable$0:1424 android.app.-$$Lambda$LoadedApk$ReceiverDispatcher$Args$_BumDX2UKsnxLVrE6UJsJZkotuA.run:2 
11-21 18:47:19.056 W/ContextImpl( 3637): Calling a method in the system process without a qualified user: android.app.ContextImpl.sendBroadcast:1008 android.content.ContextWrapper.sendBroadcast:444 com.oneplus.security.SecureService$b.onReceive:188 android.app.LoadedApk$ReceiverDispatcher$Args.lambda$getRunnable$0:1424 android.app.-$$Lambda$LoadedApk$ReceiverDispatcher$Args$_BumDX2UKsnxLVrE6UJsJZkotuA.run:2 
11-21 18:47:19.067 W/ContextImpl( 3637): Calling a method in the system process without a qualified user: android.app.ContextImpl.sendBroadcast:1008 android.content.ContextWrapper.sendBroadcast:444 com.oneplus.security.SecureService$b.onReceive:188 android.app.LoadedApk$ReceiverDispatcher$Args.lambda$getRunnable$0:1424 android.app.-$$Lambda$LoadedApk$ReceiverDispatcher$Args$_BumDX2UKsnxLVrE6UJsJZkotuA.run:2 
11-21 18:47:23.401 I/chatty  (  901): uid=1000(system) Binder:901_1F expire 4 lines
11-21 18:47:23.403 I/chatty  (  901): uid=1000(system) Binder:901_1C expire 15 lines
11-21 18:47:26.923 I/chatty  (  901): uid=1000(system) PowerManagerSer expire 8 lines
11-21 18:47:26.929 I/chatty  (  901): uid=1000 system_server expire 10 lines
11-21 18:47:35.735 I/chatty  (  901): uid=1000(system) AlarmManager expire 8 lines
11-21 18:47:59.727 I/chatty  (  901): uid=1000(system) ConnectivitySer expire 18 lines
11-21 18:47:59.732 I/chatty  (  901): uid=1000(system) Binder:901_D expire 5 lines
11-21 18:47:59.788 W/ContextImpl( 3637): Calling a method in the system process without a qualified user: android.app.ContextImpl.sendBroadcast:1008 android.content.ContextWrapper.sendBroadcast:444 com.oneplus.security.SecureService$b.onReceive:188 android.app.LoadedApk$ReceiverDispatcher$Args.lambda$getRunnable$0:1424 android.app.-$$Lambda$LoadedApk$ReceiverDispatcher$Args$_BumDX2UKsnxLVrE6UJsJZkotuA.run:2 
11-21 18:47:59.794 W/ContextImpl( 3637): Calling a method in the system process without a qualified user: android.app.ContextImpl.sendBroadcast:1008 android.content.ContextWrapper.sendBroadcast:444 com.oneplus.security.SecureService$b.onReceive:188 android.app.LoadedApk$ReceiverDispatcher$Args.lambda$getRunnable$0:1424 android.app.-$$Lambda$LoadedApk$ReceiverDispatcher$Args$_BumDX2UKsnxLVrE6UJsJZkotuA.run:2 
11-21 18:47:59.802 W/ContextImpl( 3637): Calling a method in the system process without a qualified user: android.app.ContextImpl.sendBroadcast:1008 android.content.ContextWrapper.sendBroadcast:444 com.oneplus.security.SecureService$b.onReceive:188 android.app.LoadedApk$ReceiverDispatcher$Args.lambda$getRunnable$0:1424 android.app.-$$Lambda$LoadedApk$ReceiverDispatcher$Args$_BumDX2UKsnxLVrE6UJsJZkotuA.run:2 
11-21 18:47:59.807 W/ContextImpl( 3637): Calling a method in the system process without a qualified user: android.app.ContextImpl.sendBroadcast:1008 android.content.ContextWrapper.sendBroadcast:444 com.oneplus.security.SecureService$b.onReceive:188 android.app.LoadedApk$ReceiverDispatcher$Args.lambda$getRunnable$0:1424 android.app.-$$Lambda$LoadedApk$ReceiverDispatcher$Args$_BumDX2UKsnxLVrE6UJsJZkotuA.run:2 
11-21 18:47:59.811 I/chatty  (  901): uid=1000(system) Binder:901_2 expire 15 lines
11-21 18:47:59.814 W/ContextImpl( 3637): Calling a method in the system process without a qualified user: android.app.ContextImpl.sendBroadcast:1008 android.content.ContextWrapper.sendBroadcast:444 com.oneplus.security.SecureService$b.onReceive:188 android.app.LoadedApk$ReceiverDispatcher$Args.lambda$getRunnable$0:1424 android.app.-$$Lambda$LoadedApk$ReceiverDispatcher$Args$_BumDX2UKsnxLVrE6UJsJZkotuA.run:2 
11-21 18:47:59.820 I/chatty  ( 3637): uid=1000(system) com.oneplus.security identical 7 lines
11-21 18:47:59.826 W/ContextImpl( 3637): Calling a method in the system process without a qualified user: android.app.ContextImpl.sendBroadcast:1008 android.content.ContextWrapper.sendBroadcast:444 com.oneplus.security.SecureService$b.onReceive:188 android.app.LoadedApk$ReceiverDispatcher$Args.lambda$getRunnable$0:1424 android.app.-$$Lambda$LoadedApk$ReceiverDispatcher$Args$_BumDX2UKsnxLVrE6UJsJZkotuA.run:2 
11-21 18:48:14.939 I/chatty  (  901): uid=1000(system) Binder:901_14 expire 54 lines
11-21 18:48:42.594 I/chatty  (  901): uid=1000(system) Binder:901_10 expire 8 lines
11-21 18:48:43.983 I/chatty  (  901): uid=1000(system) Binder:901_9 expire 30 lines
11-21 18:49:04.009 I/chatty  (  901): uid=1000(system) InputDispatcher expire 9 lines
11-21 18:49:04.020 I/chatty  (  901): uid=1000(system) ramboost expire 9 lines
11-21 18:49:04.117 I/chatty  (  901): uid=1000(system) OemGestureBtnRe expire 1 line
11-21 18:49:04.197 I/chatty  (  901): uid=1000(system) android.display expire 4 lines
11-21 18:49:04.201 I/chatty  (  901): uid=1000(system) android.ui expire 1 line
11-21 18:49:04.235 I/chatty  (  901): uid=1000(system) Binder:901_12 expire 3 lines
11-21 18:49:04.341 I/chatty  (  901): uid=1000(system) Binder:901_5 expire 5 lines
11-21 18:49:04.365 I/chatty  (  901): uid=1000(system) android.anim expire 1 line
11-21 18:49:04.535 I/chatty  (  901): uid=1000(system) OIMC expire 2 lines
11-21 18:49:06.444 I/chatty  (  901): uid=1000(system) Binder:901_1 expire 1 line
11-21 18:49:06.449 I/chatty  (  901): uid=1000(system) batterystats-wo expire 5 lines
11-21 18:49:06.518 I/chatty  (  901): uid=1000(system) Binder:901_6 expire 2 lines
11-21 18:49:06.658 I/chatty  (  901): uid=1000(system) Binder:901_15 expire 8 lines
11-21 18:49:07.263 I/chatty  (  901): uid=1000(system) android.bg expire 5 lines
11-21 18:49:08.037 W/ContextImpl( 3637): Calling a method in the system process without a qualified user: android.app.ContextImpl.sendBroadcast:1008 android.content.ContextWrapper.sendBroadcast:444 com.oneplus.security.SecureService$b.onReceive:188 android.app.LoadedApk$ReceiverDispatcher$Args.lambda$getRunnable$0:1424 android.app.-$$Lambda$LoadedApk$ReceiverDispatcher$Args$_BumDX2UKsnxLVrE6UJsJZkotuA.run:2 
11-21 18:49:08.087 W/ContextImpl( 3637): Calling a method in the system process without a qualified user: android.app.ContextImpl.sendBroadcast:1008 android.content.ContextWrapper.sendBroadcast:444 com.oneplus.security.SecureService$b.onReceive:188 android.app.LoadedApk$ReceiverDispatcher$Args.lambda$getRunnable$0:1424 android.app.-$$Lambda$LoadedApk$ReceiverDispatcher$Args$_BumDX2UKsnxLVrE6UJsJZkotuA.run:2 
11-21 18:49:08.198 I/chatty  (  901): uid=1000(system) ActivityManager expire 15 lines
11-21 18:49:08.394 I/chatty  (  901): uid=1000(system) Binder:901_1C expire 1 line
11-21 18:49:08.421 W/ContextImpl( 3637): Calling a method in the system process without a qualified user: android.app.ContextImpl.sendBroadcast:1008 android.content.ContextWrapper.sendBroadcast:444 com.oneplus.security.SecureService$b.onReceive:188 android.app.LoadedApk$ReceiverDispatcher$Args.lambda$getRunnable$0:1424 android.app.-$$Lambda$LoadedApk$ReceiverDispatcher$Args$_BumDX2UKsnxLVrE6UJsJZkotuA.run:2 
11-21 18:49:08.436 W/ContextImpl( 3637): Calling a method in the system process without a qualified user: android.app.ContextImpl.sendBroadcast:1008 android.content.ContextWrapper.sendBroadcast:444 com.oneplus.security.SecureService$b.onReceive:188 android.app.LoadedApk$ReceiverDispatcher$Args.lambda$getRunnable$0:1424 android.app.-$$Lambda$LoadedApk$ReceiverDispatcher$Args$_BumDX2UKsnxLVrE6UJsJZkotuA.run:2 
11-21 18:49:08.439 I/chatty  (  901): uid=1000(system) ConnectivitySer expire 137 lines
11-21 18:49:08.442 I/chatty  (  901): uid=1000(system) NetworkPolicy expire 12 lines
11-21 18:49:08.481 W/ContextImpl( 3519): Calling a method in the system process without a qualified user: android.app.ContextImpl.startService:1549 android.content.ContextWrapper.startService:664 com.oneplus.opbackup.service.BackupService.a:44 com.oneplus.opbackup.receiver.CheckUpdateReceiver.a:197 com.oneplus.opbackup.receiver.NetworkListenerService$a.onReceive:46 
11-21 18:49:08.488 I/chatty  (  901): uid=1000(system) Binder:901_2 expire 1 line
11-21 18:49:08.495 I/chatty  (  901): uid=1000 system_server expire 9 lines
11-21 18:49:08.501 I/chatty  (  901): uid=1000(system) Binder:901_1E expire 3 lines
11-21 18:49:09.317 I/chatty  (  901): uid=1000(system) Binder:901_E expire 1 line
11-21 18:49:09.434 I/chatty  (  901): uid=1000(system) Binder:901_16 expire 1 line
11-21 18:49:09.459 I/chatty  (  901): uid=1000(system) Binder:901_F expire 4 lines
11-21 18:49:09.518 I/chatty  (  901): uid=1000(system) Binder:901_B expire 57 lines
11-21 18:49:09.518 W/ContextImpl( 3637): Calling a method in the system process without a qualified user: android.app.ContextImpl.startService:1549 android.content.ContextWrapper.startService:664 com.oneplus.security.firewall.NetworkRestrictService.a:154 com.oneplus.security.receiver.a.e:127 com.oneplus.security.SecureService$a.handleMessage:82 
11-21 18:49:11.573 I/chatty  (  901): uid=1000(system) Binder:901_10 expire 10 lines
11-21 18:49:11.587 I/chatty  (  901): uid=1000(system) batterystats-wo expire 14 lines
11-21 18:49:11.607 I/chatty  (  901): uid=1000(system) android.bg expire 7 lines
11-21 18:49:11.819 I/chatty  (  901): uid=1000(system) ActivityManager expire 2 lines
11-21 18:49:11.836 I/chatty  (  901): uid=1000(system) Binder:901_F expire 43 lines
11-21 18:49:11.938 I/chatty  (  901): uid=1000(system) Binder:901_15 expire 21 lines
11-21 18:49:11.984 I/chatty  (  901): uid=1000(system) ConnectivitySer expire 31 lines
11-21 18:49:15.342 I/chatty  (  901): uid=1000(system) Binder:901_16 expire 14 lines
11-21 18:49:17.854 I/chatty  (  901): uid=1000(system) NetworkPolicy expire 20 lines
11-21 18:49:19.076 I/chatty  (  901): uid=1000(system) Binder:901_1C expire 28 lines
11-21 18:49:19.268 I/chatty  (  901): uid=1000(system) AlarmManager expire 16 lines
11-21 18:49:19.331 I/chatty  (  901): uid=1000(system) SyncManager expire 3 lines
11-21 18:49:19.691 I/chatty  (  901): uid=1000(system) ramboost expire 2 lines
11-21 18:49:22.987 I/chatty  (  901): uid=1000(system) ActivityManager expire 24 lines
11-21 18:51:10.480 D/ActivityThread(20091): Loading provider com.google.android.gm.sapi: com.google.android.gm.sapi.SapiUiProvider
11-21 18:51:10.758 I/chatty  (  901): uid=1000(system) Binder:901_15 expire 44 lines
11-21 18:51:13.084 I/chatty  (  901): uid=1000(system) Binder:901_F expire 6 lines
11-21 18:51:33.745 I/chatty  (  901): uid=1000(system) Binder:901_1E expire 4 lines
11-21 18:51:36.731 I/chatty  (  901): uid=1000 system_server expire 1 line
11-21 18:51:37.241 I/chatty  (  901): uid=1000(system) Binder:901_7 expire 37 lines
11-21 18:51:42.740 I/chatty  (  901): uid=1000(system) SuspenPorcessTh expire 1 line
11-21 18:51:47.630 I/chatty  (  901): uid=1000(system) NetworkPolicy expire 18 lines
11-21 18:52:28.878 I/chatty  (  901): uid=1000(system) Binder:901_15 expire 21 lines
11-21 18:52:33.858 I/chatty  (  901): uid=1000(system) Binder:901_7 expire 80 lines
11-21 18:52:42.049 I/chatty  (  901): uid=1000 system_server expire 2 lines
11-21 18:52:42.577 I/chatty  (  901): uid=1000(system) Binder:901_1E expire 35 lines
11-21 18:52:47.701 I/chatty  (  901): uid=1000(system) ActivityManager expire 10 lines
11-21 18:52:59.999 I/chatty  (  901): uid=1000(system) AlarmManager expire 11 lines
11-21 18:53:05.338 I/chatty  (  901): uid=1000(system) android.bg expire 10 lines
11-21 18:53:11.114 I/chatty  (  901): uid=1000(system) Binder:901_E expire 56 lines
11-21 18:55:04.908 I/chatty  (  901): uid=1000(system) InputDispatcher expire 1 line
11-21 18:55:04.959 I/chatty  (  901): uid=1000 system_server expire 28 lines
11-21 18:55:04.963 I/chatty  (  901): uid=1000(system) OIMC expire 3 lines
11-21 18:55:06.298 I/chatty  (  901): uid=1000(system) batterystats-wo expire 9 lines
11-21 18:55:06.418 I/chatty  (  901): uid=1000(system) Binder:901_16 expire 30 lines
11-21 18:55:06.419 I/chatty  (  901): uid=1000(system) Binder:901_C expire 1 line
11-21 18:55:06.420 I/chatty  (  901): uid=1000(system) ConnectivitySer expire 5 lines
11-21 18:55:06.421 I/chatty  (  901): uid=1000(system) Binder:901_3 expire 3 lines
11-21 18:55:06.442 I/chatty  (  901): uid=1000(system) android.display expire 3 lines
11-21 18:55:07.115 I/chatty  (  901): uid=1000(system) Binder:901_B expire 4 lines
11-21 18:55:08.949 W/ContextImpl( 3637): Calling a method in the system process without a qualified user: android.app.ContextImpl.sendBroadcast:1008 android.content.ContextWrapper.sendBroadcast:444 com.oneplus.security.SecureService$b.onReceive:188 android.app.LoadedApk$ReceiverDispatcher$Args.lambda$getRunnable$0:1424 android.app.-$$Lambda$LoadedApk$ReceiverDispatcher$Args$_BumDX2UKsnxLVrE6UJsJZkotuA.run:2 
11-21 18:55:09.453 I/chatty  (  901): uid=1000(system) ActivityManager expire 3 lines
11-21 18:55:09.559 I/chatty  (  901): uid=1000(system) NetworkPolicy expire 4 lines
11-21 18:55:09.904 W/ContextImpl( 3637): Calling a method in the system process without a qualified user: android.app.ContextImpl.startService:1549 android.content.ContextWrapper.startService:664 com.oneplus.security.firewall.NetworkRestrictService.a:154 com.oneplus.security.receiver.a.e:127 com.oneplus.security.SecureService$a.handleMessage:82 
11-21 18:55:10.210 I/chatty  (  901): uid=1000(system) Binder:901_F expire 2 lines
11-21 18:55:10.228 I/chatty  (  901): uid=1000(system) ramboost expire 6 lines
11-21 18:55:10.244 I/chatty  (  901): uid=1000(system) ActivityManager expire 3 lines
11-21 18:55:10.624 I/chatty  (  901): uid=1000(system) Binder:901_9 expire 4 lines
11-21 18:55:11.038 E/ActivityThread( 1941): Failed to find provider info for com.redteamobile.provider
11-21 18:55:11.051 I/chatty  ( 1941): uid=1001(radio) Binder:1941_F identical 6 lines
11-21 18:55:11.051 E/ActivityThread( 1941): Failed to find provider info for com.redteamobile.provider
11-21 18:55:11.054 I/chatty  (  901): uid=1000(system) AlarmManager expire 7 lines
11-21 18:55:11.062 E/ActivityThread( 1941): Failed to find provider info for com.redteamobile.provider
11-21 18:55:11.320 E/ActivityThread( 1941): Failed to find provider info for com.redteamobile.provider
11-21 18:55:14.317 I/chatty  (  901): uid=1000 system_server expire 24 lines
11-21 18:55:14.322 I/chatty  (  901): uid=1000(system) Binder:901_F expire 4 lines
11-21 18:55:14.322 I/Telephony( 1941): TelephonyConnectionService: onCreateOutgoingConnection: (SBC.oSC)->CS.crCo->H.CS.crCo->H.CS.crCo.pICR@E-Wys
11-21 18:55:14.326 I/Telephony( 1941): TelephonyConnectionService: updatePhoneAccount setPhoneAccountHandle, account = ComponentInfo{com.android.phone/com.android.services.telephony.TelephonyConnectionService}, ***, UserHandle{0}: (SBC.oSC)->CS.crCo->H.CS.crCo->H.CS.crCo.pICR@E-Wys
11-21 18:55:14.332 I/chatty  (  901): uid=1000(system) uteStateMachine expire 26 lines
11-21 18:55:14.335 I/chatty  (  901): uid=1000(system) tonegenerator-d expire 1 line
11-21 18:55:14.335 I/chatty  (  901): uid=1000(system) CallAudioModeSt expire 6 lines
11-21 18:55:14.340 I/chatty  (  901): uid=1000(system) Binder:901_16 expire 1 line
11-21 18:55:14.345 I/chatty  (  901): uid=1000(system) ramboost expire 7 lines
11-21 18:55:14.359 I/chatty  (  901): uid=1000(system) Binder:901_B expire 30 lines
11-21 18:55:14.359 I/Telephony( 1941): GsmConnection: new TelephonyConnection, originalConnection: [ImsPhoneConnection objId: 67054007 telecomCallID: null address: [****] ImsCall: [ImsCall objId:44898486 onHold:N mute:N mCallProfile:{ serviceType=1, callType=2, restrictCause=0, mediaProfile={ audioQuality=0, audioDirection=3, videoQuality=0, videoDirection=-1, rttMode=0 } } tech: updateRequest:NONE merging:N merge action pending:N merged:N multiParty:N confHost:N buried term:N isVideo: N wasVideo: N isWifi: N session:[ImsCallSession objId:267876433 state:INITIATED callId:-1] transientSession:null]]: (SBC.oSC)->CS.crCo->H.CS.crCo->H.CS.crCo.pICR@E-Wys
11-21 18:55:14.362 I/Telephony( 1941): GsmConnection: isAddParticipantCapable: isCapable = false: (SBC.oSC)->CS.crCo->H.CS.crCo->H.CS.crCo.pICR@E-Wys
11-21 18:55:14.373 I/chatty  ( 1941): uid=1001(radio) com.android.phone identical 3 lines
11-21 18:55:14.379 I/Telephony( 1941): GsmConnection: isAddParticipantCapable: isCapable = false: (SBC.oSC)->CS.crCo->H.CS.crCo->H.CS.crCo.pICR@E-Wys
11-21 18:55:14.381 I/Telephony( 1941): GsmConnection: isAddParticipantCapable: isCapable = false
11-21 18:55:14.382 I/Telephony( 1941): GsmConnection: isAddParticipantCapable: isCapable = false
11-21 18:55:14.387 I/chatty  (  901): uid=1000(system) ActivityManager expire 19 lines
11-21 18:55:14.392 I/chatty  (  901): uid=1000(system) Binder:901_12 expire 5 lines
11-21 18:55:14.495 E/SchedPolicy(16218): set_timerslack_ns write failed: Operation not permitted
11-21 18:55:14.545 I/chatty  (  901): uid=1000(system) Binder:901_3 expire 13 lines
11-21 18:55:14.706 I/Telephony( 1941): TelephonyConnectionService: notifyCreateConnectionComplete TC@46_1: (...->CSW.hCCC)->CS.crCoC->H.CS.crCoC@E-E-E-Wys
11-21 18:55:14.710 I/Telephony( 1941): TelephonyConnectionService: updatePhoneAccount setPhoneAccountHandle, account = ComponentInfo{com.android.phone/com.android.services.telephony.TelephonyConnectionService}, ***, UserHandle{0}: (...->CSW.hCCC)->CS.crCoC->H.CS.crCoC@E-E-E-Wys
11-21 18:55:14.712 I/chatty  (  901): uid=1000(system) Binder:901_C expire 1 line
11-21 18:55:14.732 I/chatty  (  901): uid=1000(system) android.display expire 3 lines
11-21 18:55:14.827 I/chatty  (  901): uid=1000(system) PowerManagerSer expire 31 lines
11-21 18:55:15.851 I/Telephony( 1941): GsmConnection: isAddParticipantCapable: isCapable = false
11-21 18:55:15.853 I/Telephony( 1941): GsmConnection: isAddParticipantCapable: isCapable = false
11-21 18:55:15.853 I/Telephony( 1941): GsmConnection: isAddParticipantCapable: isCapable = false
11-21 18:55:17.901 I/chatty  (  901): uid=1000(system) batterystats-wo expire 4 lines
11-21 18:55:17.959 I/chatty  (  901): uid=1000(system) android.bg expire 1 line
11-21 18:55:18.973 W/ContextImpl( 3637): Calling a method in the system process without a qualified user: android.app.ContextImpl.sendBroadcast:1008 android.content.ContextWrapper.sendBroadcast:444 com.oneplus.security.SecureService$b.onReceive:188 android.app.LoadedApk$ReceiverDispatcher$Args.lambda$getRunnable$0:1424 android.app.-$$Lambda$LoadedApk$ReceiverDispatcher$Args$_BumDX2UKsnxLVrE6UJsJZkotuA.run:2 
11-21 18:55:18.992 I/chatty  ( 3637): uid=1000(system) com.oneplus.security identical 5 lines
11-21 18:55:18.995 W/ContextImpl( 3637): Calling a method in the system process without a qualified user: android.app.ContextImpl.sendBroadcast:1008 android.content.ContextWrapper.sendBroadcast:444 com.oneplus.security.SecureService$b.onReceive:188 android.app.LoadedApk$ReceiverDispatcher$Args.lambda$getRunnable$0:1424 android.app.-$$Lambda$LoadedApk$ReceiverDispatcher$Args$_BumDX2UKsnxLVrE6UJsJZkotuA.run:2 
11-21 18:55:26.599 I/Telephony( 1941): GsmConnection: isAddParticipantCapable: isCapable = false
11-21 18:55:26.602 I/Telephony( 1941): GsmConnection: isAddParticipantCapable: isCapable = true
11-21 18:55:26.604 I/Telephony( 1941): GsmConnection: isAddParticipantCapable: isCapable = true
11-21 18:55:26.604 I/chatty  (  901): uid=1000(system) Binder:901_3 expire 18 lines
11-21 18:55:27.022 I/chatty  (  901): uid=1000(system) ActivityManager expire 8 lines
11-21 18:55:30.416 I/chatty  (  901): uid=1000 system_server expire 12 lines
11-21 18:55:32.164 I/chatty  (  901): uid=1000(system) ColorBalanceThr expire 34 lines
11-21 18:56:35.835 D/QMI_FW  ( 1203): chen-screen off: is_screen_off = 1 
11-21 18:56:36.048 I/chatty  (  901): uid=1000(system) PowerManagerSer expire 12 lines
11-21 18:56:36.061 I/chatty  (  901): uid=1000(system) android.fg expire 3 lines
11-21 18:56:36.093 I/chatty  (  901): uid=1000(system) Binder:901_12 expire 6 lines
11-21 18:56:36.094 V/DreamService[DozeService]( 3049): onCreate()
11-21 18:56:36.098 W/DreamService[DozeService]( 3049): Updating doze without a window token.
11-21 18:56:36.103 V/DreamService[DozeService]( 3049): onBind() intent = Intent { act=android.service.dreams.DreamService flg=0x800000 cmp=com.oneplus.aod/com.oneplus.doze.DozeService }
11-21 18:56:36.106 V/DreamService[DozeService]( 3049): Calling onDreamingStarted()
11-21 18:56:36.106 V/DreamService[DozeService]( 3049): onDreamingStarted()
11-21 18:56:36.121 I/chatty  (  901): uid=1000(system) Binder:901_16 expire 4 lines
11-21 18:56:36.121 I/chatty  (  901): uid=1000(system) OIMC expire 3 lines
11-21 18:56:36.158 I/chatty  (  901): uid=1000 system_server expire 13 lines
11-21 18:56:36.225 I/chatty  (  901): uid=1000(system) Binder:901_C expire 1 line
11-21 18:56:36.241 I/chatty  (  901): uid=1000(system) Binder:901_3 expire 1 line
11-21 18:56:36.290 I/chatty  (  901): uid=1000(system) android.bg expire 6 lines
11-21 18:56:36.310 I/chatty  (  901): uid=1000(system) ActivityManager expire 174 lines
11-21 18:56:36.310 I/chatty  (  901): uid=1000(system) batterystats-wo expire 7 lines
11-21 18:56:40.654 I/chatty  (  901): uid=1000(system) AlarmManager expire 15 lines
11-21 18:56:40.697 I/chatty  (  901): uid=1000(system) Binder:901_9 expire 1 line
11-21 18:56:40.705 V/KeyguardDisplayManager( 1671): show
11-21 19:00:23.945 I/chatty  (  901): uid=1000 system_server expire 1 line
11-21 19:04:17.314 I/chatty  (  901): uid=1000(system) Binder:901_1E expire 1 line
11-21 19:04:17.314 I/chatty  (  901): uid=1000(system) Binder:901_D expire 1 line
11-21 19:04:17.315 I/chatty  (  901): uid=1000(system) ConnectivitySer expire 1 line
11-21 19:04:17.326 I/chatty  (  901): uid=1000(system) android.display expire 1 line
11-21 19:04:17.327 I/chatty  (  901): uid=1000(system) android.ui expire 3 lines
11-21 19:05:28.271 I/chatty  (  901): uid=1000(system) Thread-4 expire 1 line
11-21 19:05:28.272 I/chatty  (  901): uid=1000(system) ColorBalanceThr expire 3 lines
11-21 19:05:28.273 I/chatty  (  901): uid=1000(system) Binder:901_6 expire 3 lines
11-21 19:05:28.275 I/chatty  (  901): uid=1000(system) ColorBalanceThr expire 61 lines
11-21 19:05:28.275 I/chatty  (  901): uid=1000(system) android.ui expire 5 lines
11-21 19:05:28.282 I/chatty  (  901): uid=1000(system) PowerManagerSer expire 86 lines
11-21 19:05:28.283 I/chatty  (  901): uid=1000(system) ActivityManager expire 5 lines
11-21 19:05:28.283 I/chatty  (  901): uid=1000(system) android.display expire 15 lines
11-21 19:05:28.306 I/chatty  (  901): uid=1000 system_server expire 16 lines
11-21 19:05:28.327 I/chatty  (  901): uid=1000(system) Binder:901_2 expire 1 line
11-21 19:05:28.517 I/chatty  (  901): uid=1000(system) Binder:901_16 expire 2 lines
11-21 19:05:28.548 I/chatty  (  901): uid=1000(system) OIMC expire 8 lines
11-21 19:05:33.365 I/chatty  (  901): uid=1000(system) Binder:901_E expire 4 lines
11-21 19:05:33.367 I/chatty  (  901): uid=1000(system) Thread-4 expire 2 lines
11-21 19:05:33.367 I/chatty  (  901): uid=1000(system) Binder:901_1 expire 6 lines
11-21 19:05:44.186 I/chatty  (  901): uid=1000(system) AlarmManager expire 11 lines
11-21 19:06:28.028 I/chatty  (  901): uid=1000(system) OPBackgroundThr expire 7 lines
11-21 19:06:31.454 I/chatty  (  901): uid=1000 system_server expire 7 lines
11-21 19:06:37.531 I/chatty  (  901): uid=1000 system_server expire 2 lines
11-21 19:06:40.297 D/ActivityThread(18119): Loading provider com.whatsapp.provider.contact: com.whatsapp.contact.ContactProvider
11-21 19:07:51.507 I/chatty  (  901): uid=1000 system_server expire 7 lines
11-21 19:07:51.521 I/chatty  (  901): uid=1000(system) ColorBalanceThr expire 2 lines
11-21 19:07:51.524 I/chatty  (  901): uid=1000(system) PowerManagerSer expire 166 lines
11-21 19:07:51.535 I/chatty  (  901): uid=1000 system_server expire 20 lines
11-21 19:07:51.548 I/chatty  (  901): uid=1000(system) android.display expire 27 lines
11-21 19:07:51.591 I/chatty  (  901): uid=1000(system) android.ui expire 7 lines
11-21 19:07:51.593 I/chatty  (  901): uid=1000(system) Binder:901_1 expire 3 lines
11-21 19:07:51.787 I/chatty  (  901): uid=1000(system) OIMC expire 12 lines
11-21 19:07:51.801 I/chatty  (  901): uid=1000(system) ColorBalanceThr expire 12 lines
11-21 19:07:51.811 I/chatty  (  901): uid=1000(system) Binder:901_3 expire 2 lines
11-21 19:07:55.227 I/chatty  (  901): uid=1000(system) Binder:901_E expire 5 lines
11-21 19:07:55.244 I/chatty  (  901): uid=1000(system) Binder:901_6 expire 3 lines
11-21 19:07:55.910 I/chatty  (  901): uid=1000(system) AlarmManager expire 2 lines
11-21 19:07:57.214 I/chatty  (  901): uid=1000(system) Binder:901_16 expire 1 line
11-21 19:07:58.055 I/chatty  (  901): uid=1000(system) Binder:901_9 expire 1 line
11-21 19:08:00.152 I/chatty  (  901): uid=1000(system) PowerManagerSer expire 168 lines
11-21 19:08:00.155 I/chatty  (  901): uid=1000(system) android.display expire 26 lines
11-21 19:08:00.964 I/chatty  (  901): uid=1000(system) OIMC expire 12 lines
11-21 19:08:01.747 I/chatty  (  901): uid=1000(system) ColorBalanceThr expire 3 lines
11-21 19:08:01.776 I/chatty  (  901): uid=1000(system) Binder:901_1 expire 1 line
11-21 19:08:09.243 I/chatty  (  901): uid=1000(system) Binder:1866_7 expire 7 lines
11-21 19:08:10.122 I/chatty  (  901): uid=1000(system) AlarmManager expire 2 lines
11-21 19:08:15.222 I/chatty  (  901): uid=1000(system) Binder:3637_8 expire 1 line
11-21 19:08:19.092 I/chatty  (  901): uid=1000(system) Binder:901_E expire 4 lines
11-21 19:08:19.095 I/chatty  (  901): uid=1000(system) android.ui expire 4 lines
11-21 19:08:19.100 I/chatty  (  901): uid=1000 system_server expire 18 lines
11-21 19:08:19.160 I/chatty  (  901): uid=1000(system) Binder:901_3 expire 3 lines
11-21 19:08:19.474 I/chatty  (  901): uid=1000(system) Binder:901_20 expire 1 line
11-21 19:08:25.044 I/chatty  (  901): uid=1000(system) Binder:901_2 expire 2 lines
11-21 19:08:25.097 I/chatty  (  901): uid=1000(system) Binder:901_16 expire 3 lines
11-21 19:08:29.178 I/chatty  (  901): uid=1000(system) PowerManagerSer expire 115 lines
11-21 19:08:29.179 I/chatty  (  901): uid=1000(system) OIMC expire 10 lines
11-21 19:08:29.182 I/chatty  (  901): uid=1000(system) android.display expire 19 lines
11-21 19:08:30.139 I/chatty  (  901): uid=1000(system) ColorBalanceThr expire 61 lines
11-21 19:08:30.163 I/chatty  (  901): uid=1000(system) Binder:901_20 expire 6 lines
11-21 19:08:30.164 I/chatty  (  901): uid=1000(system) Thread-4 expire 3 lines
11-21 19:08:30.166 I/chatty  (  901): uid=1000 system_server expire 27 lines
11-21 19:08:30.221 I/chatty  (  901): uid=1000(system) Binder:901_2 expire 1 line
11-21 19:08:42.500 I/chatty  (  901): uid=1000(system) android.ui expire 4 lines
11-21 19:08:42.554 I/chatty  (  901): uid=1000(system) Binder:901_E expire 3 lines
11-21 19:08:42.757 I/chatty  (  901): uid=1000(system) Binder:901_8 expire 2 lines
11-21 19:08:42.881 I/chatty  (  901): uid=1000(system) Binder:901_3 expire 1 line
11-21 19:08:42.948 I/chatty  (  901): uid=1000(system) Binder:901_6 expire 1 line
11-21 19:08:43.501 I/chatty  (  901): uid=1000(system) AlarmManager expire 5 lines
11-21 19:08:49.071 I/chatty  (  901): uid=1000(system) ColorBalanceThr expire 49 lines
11-21 19:09:10.607 I/chatty  (  901): uid=1000 system_server expire 4 lines
11-21 19:09:19.127 I/chatty  (  901): uid=1000 system_server expire 4 lines
11-21 19:09:22.078 I/chatty  (  901): uid=1000(system) PowerManagerSer expire 123 lines
11-21 19:09:22.080 I/chatty  (  901): uid=1000(system) Thread-4 expire 1 line
11-21 19:09:22.083 I/chatty  (  901): uid=1000(system) Binder:901_20 expire 1 line
11-21 19:09:22.083 I/chatty  (  901): uid=1000(system) android.ui expire 4 lines
11-21 19:09:22.099 I/chatty  (  901): uid=1000 system_server expire 26 lines
11-21 19:09:22.114 I/chatty  (  901): uid=1000(system) android.display expire 21 lines
11-21 19:09:22.161 I/chatty  (  901): uid=1000(system) Binder:901_2 expire 3 lines
11-21 19:09:22.364 I/chatty  (  901): uid=1000(system) Binder:901_6 expire 4 lines
11-21 19:09:22.407 I/chatty  (  901): uid=1000(system) OIMC expire 9 lines
11-21 19:09:25.983 I/chatty  (  901): uid=1000(system) Binder:901_3 expire 1 line
11-21 19:09:26.004 I/chatty  (  901): uid=1000(system) Binder:901_E expire 6 lines
11-21 19:09:29.962 I/chatty  (  901): uid=1000(system) Binder:901_1 expire 3 lines
11-21 19:09:30.028 I/chatty  (  901): uid=1000(system) Binder:901_8 expire 5 lines
11-21 19:09:30.081 I/chatty  (  901): uid=1000(system) PowerManagerSer expire 146 lines
11-21 19:09:30.081 I/chatty  (  901): uid=1000(system) OIMC expire 11 lines
11-21 19:09:30.101 I/chatty  (  901): uid=1000(system) android.display expire 21 lines
11-21 19:09:30.116 I/chatty  (  901): uid=1000 system_server expire 28 lines
11-21 19:09:30.969 I/chatty  (  901): uid=1000(system) Binder:901_3 expire 5 lines
11-21 19:09:31.191 I/chatty  (  901): uid=1000(system) ColorBalanceThr expire 24 lines
11-21 19:10:10.930 I/chatty  (  901): uid=1000(system) AlarmManager expire 1 line
11-21 19:10:11.553 I/chatty  (  901): uid=1000(system) Binder:901_20 expire 1 line
11-21 19:10:11.554 I/chatty  (  901): uid=1000(system) android.ui expire 5 lines
11-21 19:10:11.768 I/chatty  (  901): uid=1000(system) Binder:901_16 expire 6 lines
11-21 19:10:16.618 I/chatty  (  901): uid=1000(system) Thread-4 expire 3 lines
11-21 19:10:19.950 I/chatty  (  901): uid=1000(system) android.ui expire 8 lines
11-21 19:10:19.950 I/chatty  (  901): uid=1000(system) PowerManagerSer expire 126 lines
11-21 19:10:19.952 I/chatty  (  901): uid=1000(system) Binder:901_9 expire 1 line
11-21 19:10:20.089 I/chatty  (  901): uid=1000(system) ColorBalanceThr expire 22 lines
11-21 19:10:20.090 I/chatty  (  901): uid=1000(system) android.display expire 20 lines
11-21 19:10:20.151 I/chatty  (  901): uid=1000(system) Binder:901_20 expire 5 lines
11-21 19:10:20.204 I/chatty  (  901): uid=1000(system) OIMC expire 10 lines
11-21 19:10:20.282 I/chatty  (  901): uid=1000(system) Binder:901_3 expire 1 line
11-21 19:10:22.617 I/chatty  (  901): uid=1000 system_server expire 20 lines
11-21 19:10:23.108 I/chatty  (  901): uid=1000(system) AlarmManager expire 1 line
11-21 19:10:31.052 I/chatty  (  901): uid=1000(system) HwBinder:901_1 expire 2 lines
11-21 19:10:31.062 I/chatty  (  901): uid=1000(system) Binder:901_16 expire 6 lines
11-21 19:10:31.063 W/FingerprintManager( 1671): Invalid acquired message: 6, 0
11-21 19:10:31.595 I/chatty  (  901): uid=1000(system) Binder:901_6 expire 6 lines
11-21 19:10:31.597 I/chatty  (  901): uid=1000(system) PowerManagerSer expire 8 lines
11-21 19:10:31.598 I/chatty  (  901): uid=1000(system) OIMC expire 4 lines
11-21 19:10:31.629 I/chatty  (  901): uid=1000(system) android.display expire 1 line
11-21 19:10:31.676 I/chatty  (  901): uid=1000(system) android.fg expire 3 lines
11-21 19:10:31.687 V/DreamService[DozeService]( 3049): wakeUp(): fromSystem=true, mWaking=false, mFinished=false
11-21 19:10:31.687 V/DreamService[DozeService]( 3049): finish(): mFinished=false
11-21 19:10:31.694 D/QMI_FW  ( 1203): chen-screen on: is_screen_off = 0 
11-21 19:10:31.697 D/QMI_FW  ( 1184): chen-screen on: is_screen_off = 0 
11-21 19:10:31.709 V/DreamService[DozeService]( 3049): detach(): Calling onDreamingStopped()
11-21 19:10:31.710 V/DreamService[DozeService]( 3049): onDreamingStopped()
11-21 19:10:31.717 V/DreamService[DozeService]( 3049): onDestroy()
11-21 19:10:31.731 I/chatty  (  901): uid=1000(system) Binder:901_E expire 4 lines
11-21 19:10:31.734 I/chatty  (  901): uid=1000(system) ActivityManager expire 5 lines
11-21 19:10:31.743 I/chatty  (  901): uid=1000(system) ColorBalanceThr expire 40 lines
11-21 19:10:31.793 V/KeyguardDisplayManager( 1671): hide
11-21 19:10:31.806 I/chatty  (  901): uid=1000(system) ActivityManager expire 10 lines
11-21 19:10:31.877 I/chatty  (  901): uid=1000(system) HwBinder:901_2 expire 1 line
11-21 19:10:31.897 I/chatty  (  901): uid=1000(system) batterystats-wo expire 7 lines
11-21 19:10:31.907 E/ActivityThread( 1941): Failed to find provider info for com.redteamobile.provider
11-21 19:10:31.908 E/ActivityThread( 1941): Failed to find provider info for com.redteamobile.provider
11-21 19:10:31.917 I/chatty  (  901): uid=1000(system) Binder:901_8 expire 2 lines
11-21 19:10:31.921 I/chatty  (  901): uid=1000(system) NetworkPolicy expire 2 lines
11-21 19:10:31.996 E/ActivityThread( 1941): Failed to find provider info for com.redteamobile.provider
11-21 19:10:31.997 E/ActivityThread( 1941): Failed to find provider info for com.redteamobile.provider
11-21 19:10:32.174 I/chatty  (  901): uid=1000(system) Binder:901_5 expire 4 lines
11-21 19:10:34.885 I/chatty  (  901): uid=1000(system) android.bg expire 4 lines
11-21 19:10:36.737 I/chatty  (  901): uid=1000(system) PowerManagerSer expire 62 lines
11-21 19:10:36.750 I/chatty  (  901): uid=1000 system_server expire 31 lines
11-21 19:10:46.844 I/chatty  (  901): uid=1000(system) AlarmManager expire 5 lines
11-21 19:11:00.812 I/chatty  (  901): uid=1000(system) SuspenPorcessTh expire 2 lines
11-21 19:11:31.910 I/chatty  (  901): uid=1000(system) Binder:901_E expire 4 lines
11-21 19:11:31.915 I/chatty  (  901): uid=1000(system) android.display expire 5 lines
11-21 19:11:31.934 D/QMI_FW  ( 1203): chen-screen off: is_screen_off = 1 
11-21 19:11:32.166 I/chatty  (  901): uid=1000(system) PowerManagerSer expire 34 lines
11-21 19:11:32.190 I/chatty  (  901): uid=1000(system) android.fg expire 3 lines
11-21 19:11:32.190 I/chatty  (  901): uid=1000(system) Binder:901_6 expire 3 lines
11-21 19:11:32.210 V/DreamService[DozeService]( 3049): onCreate()
11-21 19:11:32.216 W/DreamService[DozeService]( 3049): Updating doze without a window token.
11-21 19:11:32.219 V/DreamService[DozeService]( 3049): onBind() intent = Intent { act=android.service.dreams.DreamService flg=0x800000 cmp=com.oneplus.aod/com.oneplus.doze.DozeService }
11-21 19:11:32.224 V/DreamService[DozeService]( 3049): Calling onDreamingStarted()
11-21 19:11:32.224 V/DreamService[DozeService]( 3049): onDreamingStarted()
11-21 19:11:32.258 I/chatty  (  901): uid=1000(system) OIMC expire 4 lines
11-21 19:11:32.270 I/chatty  (  901): uid=1000 system_server expire 13 lines
11-21 19:11:32.334 I/chatty  (  901): uid=1000(system) Binder:901_16 expire 5 lines
11-21 19:11:36.795 V/KeyguardDisplayManager( 1671): show
11-21 19:11:36.804 I/chatty  (  901): uid=1000(system) ActivityManager expire 2 lines
11-21 19:11:42.972 I/chatty  (  901): uid=1000(system) Thread-4 expire 1 line
11-21 19:11:42.972 I/chatty  (  901): uid=1000(system) ColorBalanceThr expire 7 lines
11-21 19:11:42.973 I/chatty  (  901): uid=1000(system) android.ui expire 4 lines
11-21 19:11:43.047 I/chatty  (  901): uid=1000(system) Binder:901_1 expire 4 lines
11-21 19:11:43.293 I/chatty  (  901): uid=1000(system) PowerManagerSer expire 199 lines
11-21 19:11:43.355 I/chatty  (  901): uid=1000(system) Binder:901_3 expire 1 line
11-21 19:11:43.568 I/chatty  (  901): uid=1000(system) android.display expire 32 lines
11-21 19:11:44.346 I/chatty  (  901): uid=1000 system_server expire 3 lines
11-21 19:11:44.374 I/chatty  (  901): uid=1000(system) OIMC expire 16 lines
11-21 19:11:47.044 I/chatty  (  901): uid=1000(system) batterystats-wo expire 1 line
11-21 19:11:47.046 I/chatty  (  901): uid=1000(system) ActivityManager expire 1 line
11-21 19:12:00.000 I/chatty  (  901): uid=1000(system) AlarmManager expire 1 line
11-21 19:12:03.160 I/chatty  (  901): uid=1000(system) ColorBalanceThr expire 57 lines
11-21 19:12:03.161 I/chatty  (  901): uid=1000(system) PowerManagerSer expire 109 lines
11-21 19:12:03.188 I/chatty  (  901): uid=1000(system) Binder:901_6 expire 3 lines
11-21 19:12:03.188 I/chatty  (  901): uid=1000(system) Thread-4 expire 4 lines
11-21 19:12:03.189 I/chatty  (  901): uid=1000(system) Binder:901_3 expire 4 lines
11-21 19:12:03.192 I/chatty  (  901): uid=1000 system_server expire 37 lines
11-21 19:12:03.194 I/chatty  (  901): uid=1000(system) android.display expire 16 lines
11-21 19:12:03.237 I/chatty  (  901): uid=1000(system) Binder:901_16 expire 1 line
11-21 19:12:03.259 I/chatty  (  901): uid=1000(system) Binder:901_E expire 2 lines
11-21 19:12:03.259 I/chatty  (  901): uid=1000(system) OIMC expire 9 lines
11-21 19:12:17.379 I/chatty  (  901): uid=1000(system) android.ui expire 7 lines
11-21 19:12:17.438 I/chatty  (  901): uid=1000(system) Binder:901_20 expire 4 lines
11-21 19:12:22.463 I/chatty  (  901): uid=1000(system) Binder:901_1 expire 1 line
11-21 19:12:22.495 I/chatty  (  901): uid=1000(system) Binder:901_5 expire 2 lines
11-21 19:12:23.343 I/chatty  (  901): uid=1000(system) AlarmManager expire 1 line
11-21 19:12:24.658 I/chatty  (  901): uid=1000(system) android.ui expire 5 lines
11-21 19:12:24.658 I/chatty  (  901): uid=1000(system) PowerManagerSer expire 153 lines
11-21 19:12:24.663 I/chatty  (  901): uid=1000(system) Binder:901_20 expire 4 lines
11-21 19:12:24.672 I/chatty  (  901): uid=1000 system_server expire 18 lines
11-21 19:12:24.810 I/chatty  (  901): uid=1000(system) android.display expire 24 lines
11-21 19:12:24.862 I/chatty  (  901): uid=1000(system) OIMC expire 13 lines
11-21 19:12:24.876 I/chatty  (  901): uid=1000(system) Binder:901_3 expire 4 lines
11-21 19:12:24.899 I/chatty  (  901): uid=1000(system) Binder:901_16 expire 2 lines
11-21 19:12:31.663 I/chatty  (  901): uid=1000(system) ColorBalanceThr expire 25 lines
11-21 19:12:31.688 I/chatty  (  901): uid=1000(system) Thread-4 expire 2 lines
11-21 19:12:31.690 I/chatty  (  901): uid=1000(system) Binder:901_E expire 1 line
11-21 19:12:31.738 I/chatty  (  901): uid=1000(system) Binder:901_5 expire 4 lines
11-21 19:12:35.267 I/chatty  (  901): uid=1000(system) Binder:901_1 expire 2 lines
11-21 19:12:37.457 I/chatty  (  901): uid=1000(system) android.display expire 27 lines
11-21 19:12:37.473 I/chatty  (  901): uid=1000(system) PowerManagerSer expire 156 lines
11-21 19:12:37.800 I/chatty  (  901): uid=1000 system_server expire 17 lines
11-21 19:12:38.468 I/chatty  (  901): uid=1000(system) OIMC expire 13 lines
11-21 19:12:40.293 I/chatty  (  901): uid=1000(system) ColorBalanceThr expire 27 lines
11-21 19:12:40.310 I/chatty  (  901): uid=1000(system) Binder:901_5 expire 5 lines
11-21 19:12:40.310 I/chatty  (  901): uid=1000(system) Thread-4 expire 2 lines
11-21 19:12:40.312 I/chatty  (  901): uid=1000(system) Binder:901_3 expire 4 lines
11-21 19:12:40.361 I/chatty  (  901): uid=1000(system) Binder:901_20 expire 1 line
11-21 19:12:41.720 I/chatty  (  901): uid=1000(system) android.ui expire 9 lines
11-21 19:12:48.949 I/chatty  (  901): uid=1000(system) PowerManagerSer expire 88 lines
11-21 19:12:49.800 I/chatty  (  901): uid=1000(system) OIMC expire 10 lines
11-21 19:12:49.805 I/chatty  (  901): uid=1000(system) android.display expire 17 lines
11-21 19:12:52.116 I/chatty  (  901): uid=1000 system_server expire 18 lines
11-21 19:12:56.204 I/chatty  (  901): uid=1000(system) HwBinder:901_2 expire 3 lines
11-21 19:12:56.212 I/chatty  (  901): uid=1000(system) Binder:901_9 expire 4 lines
11-21 19:12:56.213 W/FingerprintManager( 1671): Invalid acquired message: 6, 0
11-21 19:12:56.539 I/chatty  (  901): uid=1000(system) Binder:901_1 expire 24 lines
11-21 19:12:56.552 I/chatty  (  901): uid=1000(system) Binder:901_5 expire 10 lines
11-21 19:12:56.553 I/chatty  (  901): uid=1000(system) ColorBalanceThr expire 25 lines
11-21 19:12:56.554 I/chatty  (  901): uid=1000(system) Thread-4 expire 3 lines
11-21 19:12:56.587 I/chatty  (  901): uid=1000(system) android.fg expire 3 lines
11-21 19:12:56.588 V/DreamService[DozeService]( 3049): wakeUp(): fromSystem=true, mWaking=false, mFinished=false
11-21 19:12:56.588 V/DreamService[DozeService]( 3049): finish(): mFinished=false
11-21 19:12:56.589 I/chatty  (  901): uid=1000(system) Binder:901_20 expire 3 lines
11-21 19:12:56.603 V/DreamService[DozeService]( 3049): detach(): Calling onDreamingStopped()
11-21 19:12:56.603 V/DreamService[DozeService]( 3049): onDreamingStopped()
11-21 19:12:56.615 V/DreamService[DozeService]( 3049): onDestroy()
11-21 19:12:56.621 D/QMI_FW  ( 1203): chen-screen on: is_screen_off = 0 
11-21 19:12:56.633 D/QMI_FW  ( 1184): chen-screen on: is_screen_off = 0 
11-21 19:12:56.638 I/chatty  (  901): uid=1000(system) ActivityManager expire 14 lines
11-21 19:12:56.673 I/chatty  (  901): uid=1000(system) Binder:901_3 expire 1 line
11-21 19:12:56.681 V/KeyguardDisplayManager( 1671): hide
11-21 19:12:56.716 I/chatty  (  901): uid=1000(system) Binder:901_16 expire 3 lines
11-21 19:12:56.823 E/ActivityThread( 1941): Failed to find provider info for com.redteamobile.provider
11-21 19:12:56.826 E/ActivityThread( 1941): Failed to find provider info for com.redteamobile.provider
11-21 19:12:56.839 I/chatty  (  901): uid=1000(system) Binder:901_8 expire 1 line
11-21 19:12:56.868 I/chatty  (  901): uid=1000(system) batterystats-wo expire 1 line
11-21 19:12:56.877 I/chatty  (  901): uid=1000(system) NetworkPolicy expire 2 lines
11-21 19:12:56.915 E/ActivityThread( 1941): Failed to find provider info for com.redteamobile.provider
11-21 19:12:56.916 E/ActivityThread( 1941): Failed to find provider info for com.redteamobile.provider
11-21 19:12:57.341 I/Telephony( 1941): GsmConnection: isAddParticipantCapable: isCapable = false
11-21 19:12:57.342 I/Telephony( 1941): GsmConnection: isAddParticipantCapable: isCapable = false
11-21 19:12:57.442 I/Telephony( 1941): GsmConnection: isAddParticipantCapable: isCapable = false
11-21 19:12:57.442 I/Telephony( 1941): : onDisconnect: callId=TC@46_1, cause=LOCAL
11-21 19:12:57.443 I/Telephony( 1941): GsmConnection: isAddParticipantCapable: isCapable = false
11-21 19:12:57.443 I/Telephony( 1941): GsmConnection: isAddParticipantCapable: isCapable = false
11-21 19:12:57.444 I/chatty  (  901): uid=1000(system) Binder:901_E expire 19 lines
11-21 19:12:57.467 I/chatty  (  901): uid=1000 system_server expire 1 line
11-21 19:12:57.467 I/chatty  (  901): uid=1000(system) uteStateMachine expire 2 lines
11-21 19:12:57.468 I/chatty  (  901): uid=1000(system) CallAudioModeSt expire 5 lines
11-21 19:12:57.470 I/chatty  (  901): uid=1000(system) Binder:901_E expire 18 lines
11-21 19:12:57.470 I/chatty  (  901): uid=1000(system) BluetoothRouteM expire 1 line
11-21 19:12:57.480 I/chatty  (  901): uid=1000(system) ColorBalanceThr expire 14 lines
11-21 19:12:57.484 I/chatty  (  901): uid=1000(system) Binder:901_2 expire 2 lines
11-21 19:12:57.485 I/chatty  (  901): uid=1000(system) ActivityManager expire 7 lines
11-21 19:12:57.590 I/chatty  (  901): uid=1000(system) uteStateMachine expire 13 lines
11-21 19:12:57.625 I/chatty  (  901): uid=1000(system) android.bg expire 10 lines
11-21 19:12:57.710 I/chatty  (  901): uid=1000 system_server expire 21 lines
11-21 19:12:57.715 E/ActivityThread( 1941): Failed to find provider info for com.redteamobile.provider
11-21 19:12:57.793 I/chatty  ( 1941): uid=1001(radio) Binder:1941_5 identical 2 lines
11-21 19:12:57.794 E/ActivityThread( 1941): Failed to find provider info for com.redteamobile.provider
11-21 19:12:58.106 W/ViewRootImpl[OPDialtactsActivity]( 2430): Dropping event due to no window focus: MotionEvent { action=ACTION_MOVE, actionButton=0, id[0]=0, x[0]=669.0, y[0]=2057.0, toolType[0]=TOOL_TYPE_FINGER, buttonState=0, metaState=0, flags=0x1, edgeFlags=0x0, pointerCount=1, historySize=0, eventTime=65701963, downTime=65701836, deviceId=6, source=0x1002 }
11-21 19:12:58.106 W/ViewRootImpl[OPDialtactsActivity]( 2430): Cancelling event due to no window focus: MotionEvent { action=ACTION_CANCEL, actionButton=0, id[0]=0, x[0]=669.0, y[0]=2057.0, toolType[0]=TOOL_TYPE_FINGER, buttonState=0, metaState=0, flags=0x1, edgeFlags=0x0, pointerCount=1, historySize=0, eventTime=65701971, downTime=65701836, deviceId=6, source=0x1002 }
11-21 19:12:58.107 I/chatty  ( 2430): uid=10013(com.android.dialer) identical 1 line
11-21 19:12:58.107 W/ViewRootImpl[OPDialtactsActivity]( 2430): Cancelling event due to no window focus: MotionEvent { action=ACTION_CANCEL, actionButton=0, id[0]=0, x[0]=669.0, y[0]=2057.0, toolType[0]=TOOL_TYPE_FINGER, buttonState=0, metaState=0, flags=0x1, edgeFlags=0x0, pointerCount=1, historySize=0, eventTime=65701971, downTime=65701836, deviceId=6, source=0x1002 }
11-21 19:12:58.114 I/chatty  (  901): uid=1000(system) Binder:901_5 expire 3 lines
11-21 19:12:58.473 I/chatty  (  901): uid=1000(system) InputDispatcher expire 1 line
11-21 19:12:58.506 I/chatty  (  901): uid=1000(system) OIMC expire 5 lines
11-21 19:12:58.508 I/chatty  (  901): uid=1000(system) Binder:901_1 expire 2 lines
11-21 19:13:00.000 I/chatty  (  901): uid=1000(system) AlarmManager expire 3 lines
11-21 19:13:01.074 I/chatty  (  901): uid=1000(system) batterystats-wo expire 5 lines
11-21 19:13:01.710 I/chatty  (  901): uid=1000(system) PowerManagerSer expire 78 lines
11-21 19:13:04.787 I/chatty  (  901): uid=1000(system) InputReader expire 3 lines
11-21 19:13:04.922 I/chatty  (  901): uid=1000(system) android.display expire 7 lines
11-21 19:13:04.937 D/QMI_FW  ( 1203): chen-screen off: is_screen_off = 1 
11-21 19:13:05.191 I/chatty  (  901): uid=1000(system) android.fg expire 3 lines
11-21 19:13:05.215 V/DreamService[DozeService]( 3049): onCreate()
11-21 19:13:05.226 W/DreamService[DozeService]( 3049): Updating doze without a window token.
11-21 19:13:05.234 V/DreamService[DozeService]( 3049): onBind() intent = Intent { act=android.service.dreams.DreamService flg=0x800000 cmp=com.oneplus.aod/com.oneplus.doze.DozeService }
11-21 19:13:05.237 V/DreamService[DozeService]( 3049): Calling onDreamingStarted()
11-21 19:13:05.237 V/DreamService[DozeService]( 3049): onDreamingStarted()
11-21 19:13:05.297 I/chatty  (  901): uid=1000(system) Binder:901_6 expire 3 lines
11-21 19:13:05.339 I/chatty  (  901): uid=1000(system) Binder:901_3 expire 2 lines
