11-21 23:00:03.039 I/chatty  (  901): uid=1000(system) Binder:901_18 expire 6 lines
11-21 23:00:08.500 I/chatty  (  901): uid=1000(system) AlarmManager expire 14 lines
11-21 23:00:08.569 I/chatty  (  901): uid=1000(system) NetworkPolicy expire 20 lines
11-21 23:00:08.570 I/chatty  (  901): uid=1000(system) ActivityManager expire 24 lines
11-21 23:00:08.818 I/chatty  (  901): uid=1000(system) Binder:901_A expire 2 lines
11-21 23:00:09.144 I/chatty  (  901): uid=1000(system) Binder:901_14 expire 27 lines
11-21 23:00:10.058 I/chatty  (  901): uid=1000(system) Binder:901_4 expire 115 lines
11-21 23:00:21.305 I/chatty  (  901): uid=1000(system) batterystats-wo expire 4 lines
11-21 23:00:21.341 I/chatty  (  901): uid=1000(system) android.bg expire 1 line
11-21 23:00:51.832 I/chatty  (  901): uid=1000(system) SuspenPorcessTh expire 1 line
11-21 23:01:01.146 I/chatty  (  901): uid=1000(system) Binder:901_6 expire 107 lines
11-21 23:01:24.507 I/chatty  (  901): uid=1000(system) Binder:901_5 expire 59 lines
11-21 23:03:42.103 I/chatty  (  901): uid=1000 system_server expire 3 lines
11-21 23:04:31.092 I/chatty  (  901): uid=1000(system) ActivityManager expire 172 lines
11-21 23:04:33.502 I/chatty  (  901): uid=1000 system_server expire 2 lines
11-21 23:04:36.728 I/chatty  (  901): uid=1000(system) Binder:901_18 expire 15 lines
11-21 23:04:36.750 I/chatty  (  901): uid=1000(system) Binder:901_A expire 23 lines
11-21 23:04:44.675 I/chatty  (  901): uid=1000(system) Binder:901_20 expire 29 lines
11-21 23:05:00.001 I/chatty  (  901): uid=1000(system) AlarmManager expire 8 lines
11-21 23:05:08.476 I/chatty  (  901): uid=1000(system) NetworkPolicy expire 6 lines
11-21 23:05:10.862 I/chatty  (  901): uid=1000(system) Binder:901_6 expire 6 lines
11-21 23:05:21.445 I/chatty  (  901): uid=1000(system) batterystats-wo expire 2 lines
11-21 23:05:21.474 I/chatty  (  901): uid=1000(system) android.bg expire 1 line
11-21 23:05:27.042 I/chatty  (  901): uid=1000(system) ActivityManager expire 2 lines
11-21 23:05:27.314 D/ActivityThread(15826): Loading provider com.google.android.gm.sapi: com.google.android.gm.sapi.SapiUiProvider
11-21 23:05:27.369 I/chatty  (  901): uid=1000(system) Binder:901_A expire 1 line
11-21 23:05:27.550 I/chatty  (  901): uid=1000(system) Binder:901_5 expire 3 lines
11-21 23:05:27.642 I/chatty  (  901): uid=1000(system) Binder:901_14 expire 3 lines
11-21 23:05:30.200 I/chatty  (  901): uid=1000 system_server expire 2 lines
11-21 23:05:31.119 I/chatty  (  901): uid=1000(system) ActivityManager expire 1 line
11-21 23:05:33.384 I/chatty  (  901): uid=1000(system) Binder:901_1B expire 59 lines
11-21 23:05:44.684 I/chatty  (  901): uid=1000(system) ActivityManager expire 11 lines
11-21 23:05:46.408 I/chatty  (  901): uid=1000(system) Binder:901_18 expire 59 lines
11-21 23:05:59.999 I/chatty  (  901): uid=1000(system) AlarmManager expire 6 lines
11-21 23:06:31.170 I/chatty  (  901): uid=1000(system) NetworkPolicy expire 10 lines
11-21 23:06:34.678 I/chatty  (  901): uid=1000(system) Binder:901_14 expire 6 lines
11-21 23:06:58.740 I/chatty  (  901): uid=1000(system) Binder:901_5 expire 30 lines
11-21 23:07:06.446 I/chatty  (  901): uid=1000(system) Binder:901_15 expire 8 lines
11-21 23:07:24.624 I/chatty  (  901): uid=1000(system) android.bg expire 1 line
11-21 23:07:27.241 I/chatty  (  901): uid=1000(system) Binder:901_13 expire 33 lines
11-21 23:07:36.495 I/chatty  (  901): uid=1000(system) Binder:901_12 expire 27 lines
11-21 23:08:26.306 I/chatty  (  901): uid=1000 system_server expire 33 lines
11-21 23:08:26.345 I/chatty  (  901): uid=1000(system) batterystats-wo expire 1 line
11-21 23:08:26.420 I/chatty  (  901): uid=1000(system) Binder:901_1 expire 1 line
11-21 23:08:26.936 I/Telephony( 1941): TelephonyConnectionService: onCreateIncomingConnection: (SBC.oSC)->CS.crCo->H.CS.crCo->H.CS.crCo.pICR@E-ZNQ
11-21 23:08:26.937 I/Telephony( 1941): GsmConnection: new TelephonyConnection, originalConnection: [ImsPhoneConnection objId: 16720463 telecomCallID: null address: [****] ImsCall: [ImsCall objId:197723824 onHold:N mute:N mCallProfile:{ serviceType=1, callType=2, restrictCause=0, mediaProfile={ audioQuality=0, audioDirection=3, videoQuality=0, videoDirection=-1, rttMode=0 } } tech:14 updateRequest:NONE merging:N merge action pending:N merged:N multiParty:N confHost:N buried term:N isVideo: N wasVideo: N isWifi: N session:[ImsCallSession objId:18536947 state:IDLE callId:1] transientSession:null]]: (SBC.oSC)->CS.crCo->H.CS.crCo->H.CS.crCo.pICR@E-ZNQ
11-21 23:08:26.943 I/Telephony( 1941): GsmConnection: isAddParticipantCapable: isCapable = false: (SBC.oSC)->CS.crCo->H.CS.crCo->H.CS.crCo.pICR@E-ZNQ
11-21 23:08:26.964 I/chatty  ( 1941): uid=1001(radio) com.android.phone identical 2 lines
11-21 23:08:26.966 I/Telephony( 1941): GsmConnection: isAddParticipantCapable: isCapable = false: (SBC.oSC)->CS.crCo->H.CS.crCo->H.CS.crCo.pICR@E-ZNQ
11-21 23:08:26.983 I/Telephony( 1941): GsmConnection: isAddParticipantCapable: isCapable = false: (SBC.oSC)->CS.crCo->H.CS.crCo->H.CS.crCo.pICR@E-ZNQ
11-21 23:08:26.984 I/chatty  (  901): uid=1000(system) Binder:901_13 expire 16 lines
11-21 23:08:26.990 I/chatty  (  901): uid=1000 system_server expire 1 line
11-21 23:08:26.992 I/Telephony( 1941): TelephonyConnectionService: notifyCreateConnectionComplete TC@50_1: (...->CSW.hCCC)->CS.crCoC->H.CS.crCoC@E-E-E-ZNQ
11-21 23:08:26.992 I/Telephony( 1941): TelephonyConnectionService: updatePhoneAccount setPhoneAccountHandle, account = ComponentInfo{com.android.phone/com.android.services.telephony.TelephonyConnectionService}, ***, UserHandle{0}: (...->CSW.hCCC)->CS.crCoC->H.CS.crCoC@E-E-E-ZNQ
11-21 23:08:27.043 I/chatty  (  901): uid=1000(system) uteStateMachine expire 3 lines
11-21 23:08:27.045 I/chatty  (  901): uid=1000(system) ActivityManager expire 13 lines
11-21 23:08:27.045 I/chatty  (  901): uid=1000(system) CallAudioModeSt expire 11 lines
11-21 23:08:27.061 I/chatty  (  901): uid=1000(system) Binder:901_12 expire 3 lines
11-21 23:08:27.116 I/chatty  (  901): uid=1000(system) ActivityManager expire 1 line
11-21 23:08:27.176 I/chatty  (  901): uid=1000 system_server expire 5 lines
11-21 23:08:27.215 I/chatty  (  901): uid=1000(system) Binder:901_5 expire 5 lines
11-21 23:08:27.268 I/chatty  (  901): uid=1000(system) CallAudioModeSt expire 7 lines
11-21 23:08:27.274 I/chatty  (  901): uid=1000 system_server expire 4 lines
11-21 23:08:27.302 I/chatty  (  901): uid=1000(system) uteStateMachine expire 16 lines
11-21 23:08:28.063 I/chatty  (  901): uid=1000(system) Binder:901_12 expire 10 lines
11-21 23:08:28.746 I/chatty  (  901): uid=1000(system) Binder:901_18 expire 2 lines
11-21 23:08:29.045 I/chatty  (  901): uid=1000(system) FinalizerDaemon expire 4 lines
11-21 23:08:29.342 I/chatty  (  901): uid=1000(system) InputDispatcher expire 1 line
11-21 23:08:29.382 I/chatty  (  901): uid=1000 system_server expire 32 lines
11-21 23:08:29.386 I/chatty  (  901): uid=1000(system) OIMC expire 4 lines
11-21 23:08:30.090 I/chatty  (  901): uid=1000(system) batterystats-wo expire 5 lines
11-21 23:08:30.105 I/chatty  (  901): uid=1000(system) InputReader expire 8 lines
11-21 23:08:30.143 I/chatty  (  901): uid=1000(system) android.bg expire 9 lines
11-21 23:08:31.115 I/chatty  (  901): uid=1000(system) Binder:901_13 expire 3 lines
11-21 23:08:31.216 I/chatty  (  901): uid=1000(system) NetworkPolicy expire 6 lines
11-21 23:08:31.218 I/chatty  (  901): uid=1000(system) ActivityManager expire 22 lines
11-21 23:08:32.678 I/chatty  (  901): uid=1000(system) ConnectivitySer expire 3 lines
11-21 23:08:32.817 W/ContextImpl( 3637): Calling a method in the system process without a qualified user: android.app.ContextImpl.sendBroadcast:1008 android.content.ContextWrapper.sendBroadcast:444 com.oneplus.security.SecureService$b.onReceive:188 android.app.LoadedApk$ReceiverDispatcher$Args.lambda$getRunnable$0:1424 android.app.-$$Lambda$LoadedApk$ReceiverDispatcher$Args$_BumDX2UKsnxLVrE6UJsJZkotuA.run:2 
11-21 23:08:32.877 I/chatty  ( 3637): uid=1000(system) com.oneplus.security identical 20 lines
11-21 23:08:32.879 W/ContextImpl( 3637): Calling a method in the system process without a qualified user: android.app.ContextImpl.sendBroadcast:1008 android.content.ContextWrapper.sendBroadcast:444 com.oneplus.security.SecureService$b.onReceive:188 android.app.LoadedApk$ReceiverDispatcher$Args.lambda$getRunnable$0:1424 android.app.-$$Lambda$LoadedApk$ReceiverDispatcher$Args$_BumDX2UKsnxLVrE6UJsJZkotuA.run:2 
11-21 23:08:33.693 I/Telephony( 1941): GsmConnection: audioQuality: 2
11-21 23:08:33.695 I/chatty  (  901): uid=1000(system) Binder:901_14 expire 30 lines
11-21 23:08:33.696 I/Telephony( 1941): GsmConnection: isAddParticipantCapable: isCapable = false
11-21 23:08:33.697 I/Telephony( 1941): GsmConnection: audioQuality: 2
11-21 23:08:33.697 I/Telephony( 1941): GsmConnection: isAddParticipantCapable: isCapable = true
11-21 23:08:33.699 I/Telephony( 1941): GsmConnection: isAddParticipantCapable: isCapable = true
11-21 23:08:33.711 I/chatty  (  901): uid=1000(system) Binder:901_10 expire 4 lines
11-21 23:08:33.743 I/chatty  (  901): uid=1000(system) Binder:901_A expire 3 lines
11-21 23:08:33.754 I/chatty  (  901): uid=1000(system) Binder:901_1A expire 1 line
11-21 23:08:33.761 W/ContextImpl( 3637): Calling a method in the system process without a qualified user: android.app.ContextImpl.startService:1549 android.content.ContextWrapper.startService:664 com.oneplus.security.firewall.NetworkRestrictService.a:154 com.oneplus.security.receiver.a.e:127 com.oneplus.security.SecureService$a.handleMessage:82 
11-21 23:08:33.904 I/chatty  (  901): uid=1000(system) PowerManagerSer expire 45 lines
11-21 23:08:34.056 I/chatty  (  901): uid=1000(system) android.display expire 4 lines
11-21 23:08:34.138 I/chatty  (  901): uid=1000(system) ramboost expire 5 lines
11-21 23:08:35.978 I/chatty  (  901): uid=1000(system) ColorBalanceThr expire 15 lines
11-21 23:08:36.065 D/QMI_FW  ( 1203): chen-screen off: is_screen_off = 1 
11-21 23:08:36.300 I/chatty  (  901): uid=1000(system) android.fg expire 3 lines
11-21 23:08:36.305 V/DreamService[DozeService]( 3049): onCreate()
11-21 23:08:36.311 W/DreamService[DozeService]( 3049): Updating doze without a window token.
11-21 23:08:36.315 V/DreamService[DozeService]( 3049): onBind() intent = Intent { act=android.service.dreams.DreamService flg=0x800000 cmp=com.oneplus.aod/com.oneplus.doze.DozeService }
11-21 23:08:36.316 V/DreamService[DozeService]( 3049): Calling onDreamingStarted()
11-21 23:08:36.316 V/DreamService[DozeService]( 3049): onDreamingStarted()
11-21 23:08:36.355 I/chatty  (  901): uid=1000(system) Binder:901_D expire 2 lines
11-21 23:08:36.393 I/chatty  (  901): uid=1000(system) Binder:901_B expire 1 line
11-21 23:08:36.397 V/KeyguardDisplayManager( 1671): show
11-21 23:08:41.763 I/chatty  (  901): uid=1000(system) AlarmManager expire 3 lines
11-21 23:08:44.763 I/chatty  (  901): uid=1000 system_server expire 4 lines
11-21 23:08:52.324 I/chatty  (  901): uid=1000 system_server expire 1 line
11-21 23:09:04.320 I/chatty  (  901): uid=1000(system) Thread-4 expire 1 line
11-21 23:09:04.322 I/chatty  (  901): uid=1000(system) Binder:901_11 expire 1 line
11-21 23:09:04.322 I/chatty  (  901): uid=1000(system) android.ui expire 12 lines
11-21 23:09:04.366 I/chatty  (  901): uid=1000(system) ColorBalanceThr expire 51 lines
11-21 23:09:04.366 I/chatty  (  901): uid=1000(system) OIMC expire 10 lines
11-21 23:09:04.375 I/chatty  (  901): uid=1000(system) PowerManagerSer expire 60 lines
11-21 23:09:04.380 I/chatty  (  901): uid=1000 system_server expire 67 lines
11-21 23:09:04.410 I/chatty  (  901): uid=1000(system) Binder:901_2 expire 2 lines
11-21 23:09:04.525 I/chatty  (  901): uid=1000(system) android.display expire 6 lines
11-21 23:09:04.542 I/chatty  (  901): uid=1000(system) android.fg expire 7 lines
11-21 23:09:04.557 V/DreamService[DozeService]( 3049): wakeUp(): fromSystem=true, mWaking=false, mFinished=false
11-21 23:09:04.558 V/DreamService[DozeService]( 3049): finish(): mFinished=false
11-21 23:09:04.558 I/chatty  (  901): uid=1000(system) Binder:901_14 expire 1 line
11-21 23:09:04.559 V/DreamService[DozeService]( 3049): detach(): Calling onDreamingStopped()
11-21 23:09:04.559 V/DreamService[DozeService]( 3049): onDreamingStopped()
11-21 23:09:04.565 V/DreamService[DozeService]( 3049): onDestroy()
11-21 23:09:04.575 D/QMI_FW  ( 1184): chen-screen on: is_screen_off = 0 
11-21 23:09:04.576 D/QMI_FW  ( 1203): chen-screen on: is_screen_off = 0 
11-21 23:09:04.581 I/chatty  (  901): uid=1000(system) Binder:901_11 expire 3 lines
11-21 23:09:04.626 I/chatty  (  901): uid=1000(system) batterystats-wo expire 1 line
11-21 23:09:04.629 I/chatty  (  901): uid=1000(system) ActivityManager expire 6 lines
11-21 23:09:04.639 I/chatty  (  901): uid=1000(system) NetworkPolicy expire 4 lines
11-21 23:09:04.730 I/chatty  (  901): uid=1000(system) Binder:901_5 expire 5 lines
11-21 23:09:04.735 I/chatty  (  901): uid=1000(system) Binder:901_B expire 6 lines
11-21 23:09:04.736 I/chatty  (  901): uid=1000(system) Thread-4 expire 3 lines
11-21 23:09:04.783 I/chatty  (  901): uid=1000(system) Binder:901_D expire 4 lines
11-21 23:09:06.216 I/chatty  (  901): uid=1000(system) InputReader expire 6 lines
11-21 23:09:06.352 I/chatty  (  901): uid=1000(system) Binder:901_13 expire 5 lines
11-21 23:09:06.372 D/QMI_FW  ( 1203): chen-screen off: is_screen_off = 1 
11-21 23:09:06.645 V/DreamService[DozeService]( 3049): onCreate()
11-21 23:09:06.655 W/DreamService[DozeService]( 3049): Updating doze without a window token.
11-21 23:09:06.661 V/DreamService[DozeService]( 3049): onBind() intent = Intent { act=android.service.dreams.DreamService flg=0x800000 cmp=com.oneplus.aod/com.oneplus.doze.DozeService }
11-21 23:09:06.663 V/DreamService[DozeService]( 3049): Calling onDreamingStarted()
11-21 23:09:06.664 V/DreamService[DozeService]( 3049): onDreamingStarted()
11-21 23:09:09.026 D/QMI_FW  ( 1203): chen-screen on: is_screen_off = 0 
11-21 23:09:09.035 D/QMI_FW  ( 1184): chen-screen on: is_screen_off = 0 
11-21 23:09:09.088 V/DreamService[DozeService]( 3049): wakeUp(): fromSystem=true, mWaking=false, mFinished=false
11-21 23:09:09.089 V/DreamService[DozeService]( 3049): finish(): mFinished=false
11-21 23:09:09.091 V/DreamService[DozeService]( 3049): detach(): Calling onDreamingStopped()
11-21 23:09:09.091 V/DreamService[DozeService]( 3049): onDreamingStopped()
11-21 23:09:09.095 V/DreamService[DozeService]( 3049): onDestroy()
11-21 23:09:10.575 D/QMI_FW  ( 1203): chen-screen off: is_screen_off = 1 
11-21 23:09:10.596 I/chatty  (  901): uid=1000(system) PowerManagerSer expire 68 lines
11-21 23:09:10.804 I/chatty  (  901): uid=1000(system) ColorBalanceThr expire 70 lines
11-21 23:09:10.806 I/chatty  (  901): uid=1000(system) Thread-4 expire 2 lines
11-21 23:09:10.827 I/chatty  (  901): uid=1000 system_server expire 60 lines
11-21 23:09:10.861 I/chatty  (  901): uid=1000(system) mConsumptionDet expire 2 lines
11-21 23:09:10.863 I/chatty  (  901): uid=1000(system) Binder:901_5 expire 3 lines
11-21 23:09:10.877 I/chatty  (  901): uid=1000(system) android.display expire 5 lines
11-21 23:09:10.878 I/chatty  (  901): uid=1000(system) Binder:901_B expire 4 lines
11-21 23:09:10.897 D/QMI_FW  ( 1203): chen-screen on: is_screen_off = 0 
11-21 23:09:10.907 D/QMI_FW  ( 1184): chen-screen on: is_screen_off = 0 
11-21 23:09:10.967 I/chatty  (  901): uid=1000(system) Binder:901_D expire 2 lines
11-21 23:09:10.976 I/chatty  (  901): uid=1000(system) android.ui expire 11 lines
11-21 23:09:11.131 I/chatty  (  901): uid=1000(system) OIMC expire 7 lines
11-21 23:09:11.149 I/chatty  (  901): uid=1000(system) Binder:901_14 expire 6 lines
11-21 23:09:12.292 D/QMI_FW  ( 1203): chen-screen off: is_screen_off = 1 
11-21 23:09:12.556 I/chatty  (  901): uid=1000(system) android.fg expire 4 lines
11-21 23:09:12.564 V/DreamService[DozeService]( 3049): onCreate()
11-21 23:09:12.578 W/DreamService[DozeService]( 3049): Updating doze without a window token.
11-21 23:09:12.588 V/DreamService[DozeService]( 3049): onBind() intent = Intent { act=android.service.dreams.DreamService flg=0x800000 cmp=com.oneplus.aod/com.oneplus.doze.DozeService }
11-21 23:09:12.597 V/DreamService[DozeService]( 3049): Calling onDreamingStarted()
11-21 23:09:12.597 V/DreamService[DozeService]( 3049): onDreamingStarted()
11-21 23:09:12.614 I/chatty  (  901): uid=1000(system) InputReader expire 2 lines
11-21 23:09:12.716 D/QMI_FW  ( 1203): chen-screen on: is_screen_off = 0 
11-21 23:09:12.723 D/QMI_FW  ( 1184): chen-screen on: is_screen_off = 0 
11-21 23:09:12.814 V/DreamService[DozeService]( 3049): wakeUp(): fromSystem=true, mWaking=false, mFinished=false
11-21 23:09:12.814 V/DreamService[DozeService]( 3049): finish(): mFinished=false
11-21 23:09:12.841 V/DreamService[DozeService]( 3049): detach(): Calling onDreamingStopped()
11-21 23:09:12.842 V/DreamService[DozeService]( 3049): onDreamingStopped()
11-21 23:09:12.849 V/DreamService[DozeService]( 3049): onDestroy()
11-21 23:09:12.849 I/chatty  (  901): uid=1000(system) Binder:901_11 expire 3 lines
11-21 23:09:12.934 I/chatty  (  901): uid=1000(system) ActivityManager expire 1 line
11-21 23:09:13.003 I/chatty  (  901): uid=1000(system) Binder:901_20 expire 5 lines
11-21 23:09:13.028 I/chatty  (  901): uid=1000(system) ColorBalanceThr expire 71 lines
11-21 23:09:13.034 I/chatty  (  901): uid=1000(system) Binder:901_D expire 8 lines
11-21 23:09:13.095 I/chatty  (  901): uid=1000 system_server expire 65 lines
11-21 23:09:13.118 I/chatty  (  901): uid=1000(system) Binder:901_5 expire 3 lines
11-21 23:09:13.198 I/chatty  (  901): uid=1000(system) OIMC expire 10 lines
11-21 23:09:13.218 I/chatty  (  901): uid=1000(system) Binder:901_B expire 1 line
11-21 23:09:13.268 I/chatty  (  901): uid=1000(system) NetworkPolicy expire 2 lines
11-21 23:09:13.269 I/chatty  (  901): uid=1000(system) ActivityManager expire 4 lines
11-21 23:09:13.407 I/chatty  (  901): uid=1000(system) PowerManagerSer expire 61 lines
11-21 23:09:13.697 I/chatty  (  901): uid=1000(system) InputReader expire 3 lines
11-21 23:09:13.830 I/chatty  (  901): uid=1000(system) android.display expire 4 lines
11-21 23:09:13.842 D/QMI_FW  ( 1203): chen-screen off: is_screen_off = 1 
11-21 23:09:14.113 I/chatty  (  901): uid=1000(system) android.fg expire 4 lines
11-21 23:09:14.124 V/DreamService[DozeService]( 3049): onCreate()
11-21 23:09:14.133 W/DreamService[DozeService]( 3049): Updating doze without a window token.
11-21 23:09:14.136 V/DreamService[DozeService]( 3049): onBind() intent = Intent { act=android.service.dreams.DreamService flg=0x800000 cmp=com.oneplus.aod/com.oneplus.doze.DozeService }
11-21 23:09:14.139 V/DreamService[DozeService]( 3049): Calling onDreamingStarted()
11-21 23:09:14.139 V/DreamService[DozeService]( 3049): onDreamingStarted()
11-21 23:09:14.250 I/chatty  (  901): uid=1000(system) Binder:901_14 expire 6 lines
11-21 23:09:14.927 I/chatty  (  901): uid=1000(system) Thread-4 expire 2 lines
11-21 23:09:14.995 I/chatty  (  901): uid=1000(system) android.ui expire 6 lines
11-21 23:09:15.024 D/QMI_FW  ( 1203): chen-screen on: is_screen_off = 0 
11-21 23:09:15.035 D/QMI_FW  ( 1184): chen-screen on: is_screen_off = 0 
11-21 23:09:15.117 V/DreamService[DozeService]( 3049): wakeUp(): fromSystem=true, mWaking=false, mFinished=false
11-21 23:09:15.117 V/DreamService[DozeService]( 3049): finish(): mFinished=false
11-21 23:09:15.117 I/chatty  (  901): uid=1000(system) Binder:901_11 expire 1 line
11-21 23:09:15.119 V/DreamService[DozeService]( 3049): onDestroy()
11-21 23:09:15.119 V/DreamService[DozeService]( 3049): detach(): Calling onDreamingStopped()
11-21 23:09:15.119 V/DreamService[DozeService]( 3049): onDreamingStopped()
11-21 23:09:15.274 I/chatty  (  901): uid=1000(system) Binder:901_2 expire 1 line
11-21 23:09:15.876 I/chatty  (  901): uid=1000(system) ColorBalanceThr expire 74 lines
11-21 23:09:15.878 D/QMI_FW  ( 1203): chen-screen off: is_screen_off = 1 
11-21 23:09:16.135 I/chatty  (  901): uid=1000(system) PowerManagerSer expire 59 lines
11-21 23:09:16.154 I/chatty  (  901): uid=1000 system_server expire 61 lines
11-21 23:09:16.155 I/chatty  (  901): uid=1000(system) android.ui expire 7 lines
11-21 23:09:16.160 I/chatty  (  901): uid=1000(system) android.fg expire 5 lines
11-21 23:09:16.174 V/DreamService[DozeService]( 3049): onCreate()
11-21 23:09:16.181 W/DreamService[DozeService]( 3049): Updating doze without a window token.
11-21 23:09:16.186 V/DreamService[DozeService]( 3049): onBind() intent = Intent { act=android.service.dreams.DreamService flg=0x800000 cmp=com.oneplus.aod/com.oneplus.doze.DozeService }
11-21 23:09:16.188 V/DreamService[DozeService]( 3049): Calling onDreamingStarted()
11-21 23:09:16.188 V/DreamService[DozeService]( 3049): onDreamingStarted()
11-21 23:09:16.191 I/chatty  (  901): uid=1000(system) Binder:901_20 expire 3 lines
11-21 23:09:16.265 I/chatty  (  901): uid=1000(system) Binder:901_14 expire 4 lines
11-21 23:09:16.265 I/chatty  (  901): uid=1000(system) OIMC expire 10 lines
11-21 23:09:16.350 I/chatty  (  901): uid=1000(system) Binder:901_10 expire 4 lines
11-21 23:09:17.696 I/chatty  (  901): uid=1000(system) AlarmManager expire 1 line
11-21 23:09:19.227 I/chatty  (  901): uid=1000(system) batterystats-wo expire 4 lines
11-21 23:09:19.285 I/chatty  (  901): uid=1000(system) android.bg expire 4 lines
11-21 23:09:19.676 I/chatty  (  901): uid=1000(system) android.display expire 3 lines
11-21 23:09:19.705 D/QMI_FW  ( 1203): chen-screen on: is_screen_off = 0 
11-21 23:09:19.719 D/QMI_FW  ( 1184): chen-screen on: is_screen_off = 0 
11-21 23:09:19.785 V/DreamService[DozeService]( 3049): wakeUp(): fromSystem=true, mWaking=false, mFinished=false
11-21 23:09:19.785 V/DreamService[DozeService]( 3049): finish(): mFinished=false
11-21 23:09:19.785 I/chatty  (  901): uid=1000(system) Binder:901_1B expire 6 lines
11-21 23:09:19.787 V/DreamService[DozeService]( 3049): detach(): Calling onDreamingStopped()
11-21 23:09:19.787 V/DreamService[DozeService]( 3049): onDreamingStopped()
11-21 23:09:19.802 V/DreamService[DozeService]( 3049): onDestroy()
11-21 23:09:19.963 I/chatty  (  901): uid=1000(system) Binder:901_D expire 5 lines
11-21 23:09:20.153 I/chatty  (  901): uid=1000(system) ActivityManager expire 2 lines
11-21 23:09:20.322 I/chatty  (  901): uid=1000(system) NetworkPolicy expire 2 lines
11-21 23:09:22.817 I/chatty  (  901): uid=1000(system) Binder:901_11 expire 7 lines
11-21 23:09:22.891 D/QMI_FW  ( 1203): chen-screen off: is_screen_off = 1 
11-21 23:09:23.157 V/DreamService[DozeService]( 3049): onCreate()
11-21 23:09:23.168 W/DreamService[DozeService]( 3049): Updating doze without a window token.
11-21 23:09:23.174 V/DreamService[DozeService]( 3049): onBind() intent = Intent { act=android.service.dreams.DreamService flg=0x800000 cmp=com.oneplus.aod/com.oneplus.doze.DozeService }
11-21 23:09:23.175 V/DreamService[DozeService]( 3049): Calling onDreamingStarted()
11-21 23:09:23.175 V/DreamService[DozeService]( 3049): onDreamingStarted()
11-21 23:09:29.366 I/chatty  (  901): uid=1000(system) android.ui expire 10 lines
11-21 23:09:29.367 I/chatty  (  901): uid=1000 system_server expire 43 lines
11-21 23:09:29.374 I/chatty  (  901): uid=1000(system) PowerManagerSer expire 46 lines
11-21 23:09:29.375 I/chatty  (  901): uid=1000(system) android.display expire 5 lines
11-21 23:09:29.398 I/chatty  (  901): uid=1000(system) Binder:901_1B expire 4 lines
11-21 23:09:29.421 D/QMI_FW  ( 1184): chen-screen on: is_screen_off = 0 
11-21 23:09:29.426 D/QMI_FW  ( 1203): chen-screen on: is_screen_off = 0 
11-21 23:09:29.488 I/chatty  (  901): uid=1000(system) android.fg expire 7 lines
11-21 23:09:29.490 V/DreamService[DozeService]( 3049): wakeUp(): fromSystem=true, mWaking=false, mFinished=false
11-21 23:09:29.490 V/DreamService[DozeService]( 3049): finish(): mFinished=false
11-21 23:09:29.490 I/chatty  (  901): uid=1000(system) Binder:901_D expire 5 lines
11-21 23:09:29.492 V/DreamService[DozeService]( 3049): detach(): Calling onDreamingStopped()
11-21 23:09:29.492 V/DreamService[DozeService]( 3049): onDreamingStopped()
11-21 23:09:29.496 V/DreamService[DozeService]( 3049): onDestroy()
11-21 23:09:29.511 I/chatty  (  901): uid=1000(system) ColorBalanceThr expire 15 lines
11-21 23:09:29.582 I/chatty  (  901): uid=1000(system) ActivityManager expire 8 lines
11-21 23:09:29.668 I/chatty  (  901): uid=1000(system) NetworkPolicy expire 4 lines
11-21 23:09:29.680 I/chatty  (  901): uid=1000(system) OIMC expire 10 lines
11-21 23:09:31.302 I/chatty  (  901): uid=1000(system) InputReader expire 3 lines
11-21 23:09:31.454 I/chatty  (  901): uid=1000(system) Binder:901_14 expire 3 lines
11-21 23:09:31.473 D/QMI_FW  ( 1203): chen-screen off: is_screen_off = 1 
11-21 23:09:31.731 V/DreamService[DozeService]( 3049): onCreate()
11-21 23:09:31.742 W/DreamService[DozeService]( 3049): Updating doze without a window token.
11-21 23:09:31.756 V/DreamService[DozeService]( 3049): onBind() intent = Intent { act=android.service.dreams.DreamService flg=0x800000 cmp=com.oneplus.aod/com.oneplus.doze.DozeService }
11-21 23:09:31.758 V/DreamService[DozeService]( 3049): Calling onDreamingStarted()
11-21 23:09:31.758 V/DreamService[DozeService]( 3049): onDreamingStarted()
11-21 23:09:31.841 I/chatty  (  901): uid=1000(system) Binder:901_20 expire 4 lines
11-21 23:09:34.534 I/chatty  (  901): uid=1000(system) batterystats-wo expire 4 lines
11-21 23:09:34.586 I/chatty  (  901): uid=1000(system) android.bg expire 1 line
11-21 23:09:35.859 I/chatty  (  901): uid=1000(system) AlarmManager expire 3 lines
11-21 23:10:35.961 I/chatty  (  901): uid=1000(system) Thread-4 expire 2 lines
11-21 23:10:36.047 D/QMI_FW  ( 1203): chen-screen on: is_screen_off = 0 
11-21 23:10:36.060 D/QMI_FW  ( 1184): chen-screen on: is_screen_off = 0 
11-21 23:10:36.067 I/chatty  (  901): uid=1000 system_server expire 20 lines
11-21 23:10:36.102 I/chatty  (  901): uid=1000(system) ColorBalanceThr expire 33 lines
11-21 23:10:36.248 I/chatty  (  901): uid=1000(system) PowerManagerSer expire 16 lines
11-21 23:10:36.253 V/DreamService[DozeService]( 3049): wakeUp(): fromSystem=true, mWaking=false, mFinished=false
11-21 23:10:36.253 V/DreamService[DozeService]( 3049): finish(): mFinished=false
11-21 23:10:36.258 V/DreamService[DozeService]( 3049): detach(): Calling onDreamingStopped()
11-21 23:10:36.258 V/DreamService[DozeService]( 3049): onDreamingStopped()
11-21 23:10:36.266 V/DreamService[DozeService]( 3049): onDestroy()
11-21 23:10:36.378 I/chatty  (  901): uid=1000(system) android.ui expire 2 lines
11-21 23:10:37.038 I/chatty  (  901): uid=1000(system) Binder:901_5 expire 7 lines
11-21 23:10:37.041 I/chatty  (  901): uid=1000(system) ColorBalanceThr expire 68 lines
11-21 23:10:37.053 I/chatty  (  901): uid=1000(system) PowerManagerSer expire 63 lines
11-21 23:10:37.062 I/chatty  (  901): uid=1000(system) ActivityManager expire 2 lines
11-21 23:10:37.080 I/chatty  (  901): uid=1000(system) Binder:901_11 expire 2 lines
11-21 23:10:37.083 I/chatty  (  901): uid=1000(system) android.display expire 4 lines
11-21 23:10:37.103 D/QMI_FW  ( 1203): chen-screen off: is_screen_off = 1 
11-21 23:10:37.360 I/chatty  (  901): uid=1000(system) android.fg expire 5 lines
11-21 23:10:37.388 I/chatty  (  901): uid=1000 system_server expire 60 lines
11-21 23:10:37.394 V/DreamService[DozeService]( 3049): onCreate()
11-21 23:10:37.410 W/DreamService[DozeService]( 3049): Updating doze without a window token.
11-21 23:10:37.417 I/chatty  (  901): uid=1000(system) Binder:901_20 expire 4 lines
11-21 23:10:37.442 V/DreamService[DozeService]( 3049): onBind() intent = Intent { act=android.service.dreams.DreamService flg=0x800000 cmp=com.oneplus.aod/com.oneplus.doze.DozeService }
11-21 23:10:37.466 I/chatty  (  901): uid=1000(system) mConsumptionDet expire 1 line
11-21 23:10:37.572 V/DreamService[DozeService]( 3049): Calling onDreamingStarted()
11-21 23:10:37.572 V/DreamService[DozeService]( 3049): onDreamingStarted()
11-21 23:10:37.595 V/DreamService[DozeService]( 3049): wakeUp(): fromSystem=true, mWaking=false, mFinished=false
11-21 23:10:37.595 V/DreamService[DozeService]( 3049): finish(): mFinished=false
11-21 23:10:37.627 D/QMI_FW  ( 1203): chen-screen on: is_screen_off = 0 
11-21 23:10:37.634 I/chatty  (  901): uid=1000(system) OIMC expire 10 lines
11-21 23:10:37.639 D/QMI_FW  ( 1184): chen-screen on: is_screen_off = 0 
11-21 23:10:37.645 V/DreamService[DozeService]( 3049): detach(): Calling onDreamingStopped()
11-21 23:10:37.645 V/DreamService[DozeService]( 3049): onDreamingStopped()
11-21 23:10:37.655 V/DreamService[DozeService]( 3049): onDestroy()
11-21 23:10:37.690 I/chatty  (  901): uid=1000(system) Binder:901_1B expire 9 lines
11-21 23:10:37.694 I/chatty  (  901): uid=1000(system) android.ui expire 6 lines
11-21 23:10:37.803 I/chatty  (  901): uid=1000(system) Binder:901_10 expire 2 lines
11-21 23:10:37.939 I/chatty  (  901): uid=1000(system) Binder:901_13 expire 1 line
11-21 23:10:39.198 I/chatty  (  901): uid=1000(system) InputReader expire 3 lines
11-21 23:10:39.657 D/QMI_FW  ( 1203): chen-screen off: is_screen_off = 1 
11-21 23:10:39.663 V/DreamService[DozeService]( 3049): onCreate()
11-21 23:10:39.669 W/DreamService[DozeService]( 3049): Updating doze without a window token.
11-21 23:10:39.676 V/DreamService[DozeService]( 3049): onBind() intent = Intent { act=android.service.dreams.DreamService flg=0x800000 cmp=com.oneplus.aod/com.oneplus.doze.DozeService }
11-21 23:10:39.679 V/DreamService[DozeService]( 3049): Calling onDreamingStarted()
11-21 23:10:39.679 V/DreamService[DozeService]( 3049): onDreamingStarted()
11-21 23:10:39.680 I/chatty  (  901): uid=1000(system) Binder:901_D expire 2 lines
11-21 23:10:40.620 I/chatty  (  901): uid=1000(system) batterystats-wo expire 2 lines
11-21 23:10:40.657 I/chatty  (  901): uid=1000(system) android.bg expire 2 lines
11-21 23:10:42.609 I/chatty  (  901): uid=1000(system) AlarmManager expire 2 lines
11-21 23:10:44.015 I/chatty  (  901): uid=1000(system) Thread-4 expire 3 lines
11-21 23:10:44.033 I/chatty  (  901): uid=1000(system) PowerManagerSer expire 69 lines
11-21 23:10:44.047 I/chatty  (  901): uid=1000(system) ColorBalanceThr expire 74 lines
11-21 23:10:44.051 I/chatty  (  901): uid=1000(system) Binder:901_11 expire 2 lines
11-21 23:10:44.051 I/chatty  (  901): uid=1000(system) android.ui expire 10 lines
11-21 23:10:44.058 I/chatty  (  901): uid=1000(system) android.display expire 10 lines
11-21 23:10:44.085 D/QMI_FW  ( 1203): chen-screen on: is_screen_off = 0 
11-21 23:10:44.105 D/QMI_FW  ( 1184): chen-screen on: is_screen_off = 0 
11-21 23:10:44.256 I/chatty  (  901): uid=1000 system_server expire 45 lines
11-21 23:10:44.256 I/chatty  (  901): uid=1000(system) android.fg expire 5 lines
11-21 23:10:44.257 V/DreamService[DozeService]( 3049): wakeUp(): fromSystem=true, mWaking=false, mFinished=false
11-21 23:10:44.257 V/DreamService[DozeService]( 3049): finish(): mFinished=false
11-21 23:10:44.257 I/chatty  (  901): uid=1000(system) Binder:901_5 expire 4 lines
11-21 23:10:44.258 V/DreamService[DozeService]( 3049): detach(): Calling onDreamingStopped()
11-21 23:10:44.258 V/DreamService[DozeService]( 3049): onDreamingStopped()
11-21 23:10:44.271 V/DreamService[DozeService]( 3049): onDestroy()
11-21 23:10:44.359 I/chatty  (  901): uid=1000(system) ActivityManager expire 2 lines
11-21 23:10:44.393 I/chatty  (  901): uid=1000(system) Binder:901_1B expire 2 lines
11-21 23:10:44.395 I/chatty  (  901): uid=1000(system) Binder:901_D expire 2 lines
11-21 23:10:44.444 I/chatty  (  901): uid=1000(system) Binder:901_13 expire 3 lines
11-21 23:10:44.444 I/chatty  (  901): uid=1000(system) OIMC expire 9 lines
11-21 23:10:44.476 I/chatty  (  901): uid=1000(system) Binder:901_10 expire 4 lines
11-21 23:10:44.539 I/chatty  (  901): uid=1000(system) NetworkPolicy expire 2 lines
11-21 23:10:45.805 I/chatty  (  901): uid=1000(system) InputReader expire 5 lines
11-21 23:10:45.982 D/QMI_FW  ( 1203): chen-screen off: is_screen_off = 1 
11-21 23:10:46.268 V/DreamService[DozeService]( 3049): onCreate()
11-21 23:10:46.278 W/DreamService[DozeService]( 3049): Updating doze without a window token.
11-21 23:10:46.283 V/DreamService[DozeService]( 3049): onBind() intent = Intent { act=android.service.dreams.DreamService flg=0x800000 cmp=com.oneplus.aod/com.oneplus.doze.DozeService }
11-21 23:10:46.284 V/DreamService[DozeService]( 3049): Calling onDreamingStarted()
11-21 23:10:46.284 V/DreamService[DozeService]( 3049): onDreamingStarted()
11-21 23:10:46.503 I/chatty  (  901): uid=1000(system) Binder:901_14 expire 5 lines
11-21 23:10:47.563 I/chatty  (  901): uid=1000 system_server expire 67 lines
11-21 23:10:47.575 I/chatty  (  901): uid=1000(system) Binder:901_D expire 3 lines
11-21 23:10:47.583 V/DreamService[DozeService]( 3049): wakeUp(): fromSystem=true, mWaking=false, mFinished=false
11-21 23:10:47.583 V/DreamService[DozeService]( 3049): finish(): mFinished=false
11-21 23:10:47.584 I/chatty  (  901): uid=1000(system) Binder:901_10 expire 4 lines
11-21 23:10:47.585 I/chatty  (  901): uid=1000(system) android.fg expire 6 lines
11-21 23:10:47.588 D/QMI_FW  ( 1184): chen-screen on: is_screen_off = 0 
11-21 23:10:47.589 D/QMI_FW  ( 1203): chen-screen on: is_screen_off = 0 
11-21 23:10:47.599 V/DreamService[DozeService]( 3049): detach(): Calling onDreamingStopped()
11-21 23:10:47.599 V/DreamService[DozeService]( 3049): onDreamingStopped()
11-21 23:10:47.605 V/DreamService[DozeService]( 3049): onDestroy()
11-21 23:10:47.608 I/chatty  (  901): uid=1000(system) Binder:901_5 expire 3 lines
11-21 23:10:47.670 I/chatty  (  901): uid=1000(system) ColorBalanceThr expire 81 lines
11-21 23:10:47.687 I/chatty  (  901): uid=1000(system) ActivityManager expire 4 lines
11-21 23:10:47.697 I/chatty  (  901): uid=1000(system) android.ui expire 8 lines
11-21 23:10:47.722 I/chatty  (  901): uid=1000(system) NetworkPolicy expire 2 lines
11-21 23:10:47.740 I/chatty  (  901): uid=1000(system) Thread-4 expire 3 lines
11-21 23:10:47.764 I/chatty  (  901): uid=1000(system) OIMC expire 9 lines
11-21 23:10:47.932 I/chatty  (  901): uid=1000(system) AlarmManager expire 1 line
11-21 23:10:48.522 I/chatty  (  901): uid=1000(system) InputReader expire 3 lines
11-21 23:10:48.523 I/chatty  (  901): uid=1000(system) PowerManagerSer expire 45 lines
11-21 23:10:48.637 I/chatty  (  901): uid=1000(system) Binder:901_13 expire 3 lines
11-21 23:10:48.653 I/chatty  (  901): uid=1000(system) android.display expire 3 lines
11-21 23:10:48.670 I/chatty  (  901): uid=1000(system) Binder:901_1B expire 4 lines
11-21 23:10:48.675 D/QMI_FW  ( 1203): chen-screen off: is_screen_off = 1 
11-21 23:10:48.924 I/chatty  (  901): uid=1000(system) Binder:901_20 expire 4 lines
11-21 23:10:48.942 V/DreamService[DozeService]( 3049): onCreate()
11-21 23:10:48.951 W/DreamService[DozeService]( 3049): Updating doze without a window token.
11-21 23:10:48.963 V/DreamService[DozeService]( 3049): onBind() intent = Intent { act=android.service.dreams.DreamService flg=0x800000 cmp=com.oneplus.aod/com.oneplus.doze.DozeService }
11-21 23:10:48.966 V/DreamService[DozeService]( 3049): Calling onDreamingStarted()
11-21 23:10:48.966 V/DreamService[DozeService]( 3049): onDreamingStarted()
11-21 23:10:49.270 I/chatty  (  901): uid=1000(system) Binder:901_11 expire 5 lines
11-21 23:10:49.378 D/QMI_FW  ( 1203): chen-screen on: is_screen_off = 0 
11-21 23:10:49.392 D/QMI_FW  ( 1184): chen-screen on: is_screen_off = 0 
11-21 23:10:49.541 V/DreamService[DozeService]( 3049): wakeUp(): fromSystem=true, mWaking=false, mFinished=false
11-21 23:10:49.541 V/DreamService[DozeService]( 3049): finish(): mFinished=false
11-21 23:10:49.543 V/DreamService[DozeService]( 3049): detach(): Calling onDreamingStopped()
11-21 23:10:49.543 V/DreamService[DozeService]( 3049): onDreamingStopped()
11-21 23:10:49.551 V/DreamService[DozeService]( 3049): onDestroy()
11-21 23:10:50.216 I/chatty  (  901): uid=1000(system) ColorBalanceThr expire 56 lines
11-21 23:10:50.842 I/chatty  (  901): uid=1000(system) InputReader expire 3 lines
11-21 23:10:50.843 I/chatty  (  901): uid=1000 system_server expire 17 lines
11-21 23:10:50.845 I/chatty  (  901): uid=1000(system) PowerManagerSer expire 15 lines
11-21 23:10:50.997 I/chatty  (  901): uid=1000(system) android.display expire 1 line
11-21 23:10:50.997 I/chatty  (  901): uid=1000(system) Binder:901_20 expire 2 lines
11-21 23:10:51.020 D/QMI_FW  ( 1203): chen-screen off: is_screen_off = 1 
11-21 23:10:51.275 I/chatty  (  901): uid=1000(system) android.fg expire 1 line
11-21 23:10:51.293 V/DreamService[DozeService]( 3049): onCreate()
11-21 23:10:51.299 W/DreamService[DozeService]( 3049): Updating doze without a window token.
11-21 23:10:51.304 V/DreamService[DozeService]( 3049): onBind() intent = Intent { act=android.service.dreams.DreamService flg=0x800000 cmp=com.oneplus.aod/com.oneplus.doze.DozeService }
11-21 23:10:51.305 V/DreamService[DozeService]( 3049): Calling onDreamingStarted()
11-21 23:10:51.306 V/DreamService[DozeService]( 3049): onDreamingStarted()
11-21 23:10:51.343 I/chatty  (  901): uid=1000(system) OIMC expire 3 lines
11-21 23:10:51.432 I/chatty  (  901): uid=1000(system) Binder:901_10 expire 1 line
11-21 23:10:51.449 I/chatty  (  901): uid=1000(system) Binder:901_13 expire 1 line
11-21 23:10:52.396 I/chatty  (  901): uid=1000(system) batterystats-wo expire 3 lines
11-21 23:10:52.423 I/chatty  (  901): uid=1000(system) android.bg expire 4 lines
11-21 23:11:28.557 I/chatty  (  901): uid=1000(system) AlarmManager expire 2 lines
11-21 23:11:37.739 I/chatty  (  901): uid=1000(system) ActivityManager expire 163 lines
11-21 23:12:52.029 I/chatty  (  901): uid=1000(system) android.fg expire 6 lines
11-21 23:12:52.030 I/chatty  (  901): uid=1000(system) AlarmManager expire 4 lines
11-21 23:12:52.941 I/chatty  (  901): uid=1000(system) batterystats-wo expire 3 lines
11-21 23:12:52.965 I/chatty  (  901): uid=1000 system_server expire 4 lines
11-21 23:12:52.969 I/chatty  (  901): uid=1000(system) android.bg expire 1 line
11-21 23:13:37.166 I/chatty  (  901): uid=1000(system) ActivityManager expire 2 lines
11-21 23:13:43.577 I/chatty  (  901): uid=1000(system) android.ui expire 7 lines
11-21 23:13:43.577 I/chatty  (  901): uid=1000(system) PowerManagerSer expire 48 lines
11-21 23:13:43.581 I/chatty  (  901): uid=1000 system_server expire 44 lines
11-21 23:13:44.968 I/chatty  (  901): uid=1000(system) ColorBalanceThr expire 82 lines
11-21 23:13:44.972 I/chatty  (  901): uid=1000(system) Thread-4 expire 2 lines
11-21 23:13:45.007 I/chatty  (  901): uid=1000(system) Binder:901_20 expire 1 line
11-21 23:13:45.018 I/chatty  (  901): uid=1000(system) android.display expire 3 lines
11-21 23:13:45.053 D/QMI_FW  ( 1203): chen-screen on: is_screen_off = 0 
11-21 23:13:45.067 D/QMI_FW  ( 1184): chen-screen on: is_screen_off = 0 
11-21 23:13:45.241 V/DreamService[DozeService]( 3049): wakeUp(): fromSystem=true, mWaking=false, mFinished=false
11-21 23:13:45.241 V/DreamService[DozeService]( 3049): finish(): mFinished=false
11-21 23:13:45.241 I/chatty  (  901): uid=1000(system) Binder:901_15 expire 2 lines
11-21 23:13:45.244 V/DreamService[DozeService]( 3049): detach(): Calling onDreamingStopped()
11-21 23:13:45.244 V/DreamService[DozeService]( 3049): onDreamingStopped()
11-21 23:13:45.250 V/DreamService[DozeService]( 3049): onDestroy()
11-21 23:13:45.256 I/chatty  (  901): uid=1000(system) Binder:901_5 expire 3 lines
11-21 23:13:45.307 I/chatty  (  901): uid=1000(system) ActivityManager expire 4 lines
11-21 23:13:45.323 I/chatty  (  901): uid=1000(system) NetworkPolicy expire 2 lines
11-21 23:13:45.350 I/chatty  (  901): uid=1000(system) Binder:901_1A expire 5 lines
11-21 23:13:45.398 I/chatty  (  901): uid=1000(system) OIMC expire 6 lines
11-21 23:13:47.175 I/chatty  (  901): uid=1000(system) InputReader expire 3 lines
11-21 23:13:47.360 D/QMI_FW  ( 1203): chen-screen off: is_screen_off = 1 
11-21 23:13:47.616 V/DreamService[DozeService]( 3049): onCreate()
11-21 23:13:47.622 W/DreamService[DozeService]( 3049): Updating doze without a window token.
11-21 23:13:47.628 V/DreamService[DozeService]( 3049): onBind() intent = Intent { act=android.service.dreams.DreamService flg=0x800000 cmp=com.oneplus.aod/com.oneplus.doze.DozeService }
11-21 23:13:47.630 V/DreamService[DozeService]( 3049): Calling onDreamingStarted()
11-21 23:13:47.630 V/DreamService[DozeService]( 3049): onDreamingStarted()
11-21 23:13:47.672 I/chatty  (  901): uid=1000(system) Binder:901_16 expire 3 lines
11-21 23:13:48.176 I/chatty  (  901): uid=1000(system) ColorBalanceThr expire 92 lines
11-21 23:13:48.737 I/chatty  (  901): uid=1000 system_server expire 58 lines
11-21 23:13:48.741 I/chatty  (  901): uid=1000(system) PowerManagerSer expire 59 lines
11-21 23:13:48.779 I/chatty  (  901): uid=1000(system) Thread-4 expire 3 lines
11-21 23:13:48.799 I/chatty  (  901): uid=1000(system) Binder:901_1A expire 1 line
11-21 23:13:48.799 I/chatty  (  901): uid=1000(system) android.ui expire 7 lines
11-21 23:13:48.813 I/chatty  (  901): uid=1000(system) android.display expire 4 lines
11-21 23:13:48.841 D/QMI_FW  ( 1203): chen-screen on: is_screen_off = 0 
11-21 23:13:48.855 D/QMI_FW  ( 1184): chen-screen on: is_screen_off = 0 
11-21 23:13:49.019 I/chatty  (  901): uid=1000(system) android.fg expire 4 lines
11-21 23:13:49.020 V/DreamService[DozeService]( 3049): wakeUp(): fromSystem=true, mWaking=false, mFinished=false
11-21 23:13:49.020 V/DreamService[DozeService]( 3049): finish(): mFinished=false
11-21 23:13:49.020 I/chatty  (  901): uid=1000(system) Binder:901_20 expire 2 lines
11-21 23:13:49.023 V/DreamService[DozeService]( 3049): detach(): Calling onDreamingStopped()
11-21 23:13:49.023 V/DreamService[DozeService]( 3049): onDreamingStopped()
11-21 23:13:49.033 V/DreamService[DozeService]( 3049): onDestroy()
11-21 23:13:49.037 I/chatty  (  901): uid=1000(system) Binder:901_9 expire 2 lines
11-21 23:13:49.103 I/chatty  (  901): uid=1000(system) Binder:901_1B expire 4 lines
11-21 23:13:49.103 I/chatty  (  901): uid=1000(system) NetworkPolicy expire 2 lines
11-21 23:13:49.107 I/chatty  (  901): uid=1000(system) ActivityManager expire 2 lines
11-21 23:13:49.167 I/chatty  (  901): uid=1000(system) OIMC expire 6 lines
11-21 23:13:50.071 I/chatty  (  901): uid=1000(system) InputReader expire 3 lines
11-21 23:13:50.236 D/QMI_FW  ( 1203): chen-screen off: is_screen_off = 1 
11-21 23:13:50.507 I/chatty  (  901): uid=1000(system) Binder:901_18 expire 2 lines
11-21 23:13:50.509 V/DreamService[DozeService]( 3049): onCreate()
11-21 23:13:50.525 W/DreamService[DozeService]( 3049): Updating doze without a window token.
11-21 23:13:50.528 V/DreamService[DozeService]( 3049): onBind() intent = Intent { act=android.service.dreams.DreamService flg=0x800000 cmp=com.oneplus.aod/com.oneplus.doze.DozeService }
11-21 23:13:50.530 V/DreamService[DozeService]( 3049): Calling onDreamingStarted()
11-21 23:13:50.530 V/DreamService[DozeService]( 3049): onDreamingStarted()
11-21 23:13:50.614 I/chatty  (  901): uid=1000(system) Binder:901_5 expire 6 lines
11-21 23:13:51.102 D/QMI_FW  ( 1203): chen-screen on: is_screen_off = 0 
11-21 23:13:51.110 D/QMI_FW  ( 1184): chen-screen on: is_screen_off = 0 
11-21 23:13:51.156 I/chatty  (  901): uid=1000(system) ColorBalanceThr expire 80 lines
11-21 23:13:51.266 I/chatty  (  901): uid=1000(system) android.display expire 4 lines
11-21 23:13:51.266 I/chatty  (  901): uid=1000(system) android.ui expire 11 lines
11-21 23:13:51.271 I/chatty  (  901): uid=1000(system) PowerManagerSer expire 61 lines
11-21 23:13:51.275 I/chatty  (  901): uid=1000(system) android.fg expire 7 lines
11-21 23:13:51.277 I/chatty  (  901): uid=1000 system_server expire 54 lines
11-21 23:13:51.277 V/DreamService[DozeService]( 3049): wakeUp(): fromSystem=true, mWaking=false, mFinished=false
11-21 23:13:51.277 V/DreamService[DozeService]( 3049): finish(): mFinished=false
11-21 23:13:51.278 I/chatty  (  901): uid=1000(system) Binder:901_8 expire 10 lines
11-21 23:13:51.283 V/DreamService[DozeService]( 3049): onDestroy()
11-21 23:13:51.283 V/DreamService[DozeService]( 3049): detach(): Calling onDreamingStopped()
11-21 23:13:51.283 V/DreamService[DozeService]( 3049): onDreamingStopped()
11-21 23:13:51.290 I/chatty  (  901): uid=1000(system) Binder:901_10 expire 2 lines
11-21 23:13:51.360 I/chatty  (  901): uid=1000(system) Thread-4 expire 1 line
11-21 23:13:51.385 I/chatty  (  901): uid=1000(system) ActivityManager expire 4 lines
11-21 23:13:51.405 I/chatty  (  901): uid=1000(system) OIMC expire 8 lines
11-21 23:13:51.549 D/QMI_FW  ( 1203): chen-screen off: is_screen_off = 1 
11-21 23:13:51.829 V/DreamService[DozeService]( 3049): onCreate()
11-21 23:13:51.837 W/DreamService[DozeService]( 3049): Updating doze without a window token.
11-21 23:13:51.840 V/DreamService[DozeService]( 3049): onBind() intent = Intent { act=android.service.dreams.DreamService flg=0x800000 cmp=com.oneplus.aod/com.oneplus.doze.DozeService }
11-21 23:13:51.841 V/DreamService[DozeService]( 3049): Calling onDreamingStarted()
11-21 23:13:51.841 V/DreamService[DozeService]( 3049): onDreamingStarted()
11-21 23:13:51.966 I/chatty  (  901): uid=1000(system) Binder:901_9 expire 4 lines
11-21 23:13:52.151 I/chatty  (  901): uid=1000(system) Binder:901_18 expire 3 lines
11-21 23:13:52.629 D/QMI_FW  ( 1203): chen-screen on: is_screen_off = 0 
11-21 23:13:52.635 D/QMI_FW  ( 1184): chen-screen on: is_screen_off = 0 
11-21 23:13:52.715 V/DreamService[DozeService]( 3049): wakeUp(): fromSystem=true, mWaking=false, mFinished=false
11-21 23:13:52.715 V/DreamService[DozeService]( 3049): finish(): mFinished=false
11-21 23:13:52.717 V/DreamService[DozeService]( 3049): detach(): Calling onDreamingStopped()
11-21 23:13:52.717 V/DreamService[DozeService]( 3049): onDreamingStopped()
11-21 23:13:52.722 V/DreamService[DozeService]( 3049): onDestroy()
11-21 23:13:52.821 I/chatty  (  901): uid=1000(system) NetworkPolicy expire 2 lines
11-21 23:13:52.976 I/chatty  (  901): uid=1000(system) Binder:901_B expire 2 lines
11-21 23:13:54.492 I/chatty  (  901): uid=1000(system) android.display expire 7 lines
11-21 23:13:54.517 D/QMI_FW  ( 1203): chen-screen off: is_screen_off = 1 
11-21 23:13:54.739 I/chatty  (  901): uid=1000(system) PowerManagerSer expire 29 lines
11-21 23:13:54.746 I/chatty  (  901): uid=1000 system_server expire 29 lines
11-21 23:13:54.747 I/chatty  (  901): uid=1000(system) android.ui expire 11 lines
11-21 23:13:54.749 I/chatty  (  901): uid=1000(system) android.fg expire 5 lines
11-21 23:13:54.751 I/chatty  (  901): uid=1000(system) ColorBalanceThr expire 18 lines
11-21 23:13:54.756 V/DreamService[DozeService]( 3049): onCreate()
11-21 23:13:54.766 I/chatty  (  901): uid=1000(system) Binder:901_20 expire 6 lines
11-21 23:13:54.772 W/DreamService[DozeService]( 3049): Updating doze without a window token.
11-21 23:13:54.777 V/DreamService[DozeService]( 3049): onBind() intent = Intent { act=android.service.dreams.DreamService flg=0x800000 cmp=com.oneplus.aod/com.oneplus.doze.DozeService }
11-21 23:13:54.779 V/DreamService[DozeService]( 3049): Calling onDreamingStarted()
11-21 23:13:54.779 V/DreamService[DozeService]( 3049): onDreamingStarted()
11-21 23:13:54.910 I/chatty  (  901): uid=1000(system) Binder:901_8 expire 3 lines
11-21 23:13:54.910 I/chatty  (  901): uid=1000(system) OIMC expire 9 lines
11-21 23:13:55.095 I/chatty  (  901): uid=1000(system) Binder:901_1B expire 5 lines
11-21 23:14:04.467 I/chatty  (  901): uid=1000(system) batterystats-wo expire 2 lines
11-21 23:14:04.480 I/chatty  (  901): uid=1000(system) AlarmManager expire 1 line
11-21 23:14:04.503 I/chatty  (  901): uid=1000(system) android.bg expire 2 lines
11-21 23:14:04.524 I/chatty  (  901): uid=1000(system) Binder:901_10 expire 2 lines
11-21 23:14:04.571 D/QMI_FW  ( 1203): chen-screen on: is_screen_off = 0 
11-21 23:14:04.576 D/QMI_FW  ( 1184): chen-screen on: is_screen_off = 0 
11-21 23:14:04.753 V/DreamService[DozeService]( 3049): wakeUp(): fromSystem=true, mWaking=false, mFinished=false
11-21 23:14:04.753 V/DreamService[DozeService]( 3049): finish(): mFinished=false
11-21 23:14:04.755 V/DreamService[DozeService]( 3049): detach(): Calling onDreamingStopped()
11-21 23:14:04.755 V/DreamService[DozeService]( 3049): onDreamingStopped()
11-21 23:14:04.771 V/DreamService[DozeService]( 3049): onDestroy()
11-21 23:14:04.924 I/chatty  (  901): uid=1000(system) Binder:901_18 expire 3 lines
11-21 23:14:05.287 I/chatty  (  901): uid=1000(system) PowerManagerSer expire 54 lines
11-21 23:14:05.290 I/chatty  (  901): uid=1000(system) ColorBalanceThr expire 15 lines
11-21 23:14:05.297 I/chatty  (  901): uid=1000 system_server expire 38 lines
11-21 23:14:05.370 I/chatty  (  901): uid=1000(system) ActivityManager expire 4 lines
11-21 23:14:05.383 D/QMI_FW  ( 1203): chen-screen off: is_screen_off = 1 
11-21 23:14:05.644 I/chatty  (  901): uid=1000(system) Binder:901_5 expire 4 lines
11-21 23:14:05.739 D/QMI_FW  ( 1203): chen-screen on: is_screen_off = 0 
11-21 23:14:05.741 D/QMI_FW  ( 1184): chen-screen on: is_screen_off = 0 
11-21 23:14:05.838 I/chatty  (  901): uid=1000(system) NetworkPolicy expire 2 lines
11-21 23:14:05.847 I/chatty  (  901): uid=1000(system) mConsumptionDet expire 1 line
11-21 23:14:06.781 I/chatty  (  901): uid=1000(system) InputReader expire 3 lines
11-21 23:14:06.947 D/QMI_FW  ( 1203): chen-screen off: is_screen_off = 1 
11-21 23:14:07.198 V/DreamService[DozeService]( 3049): onCreate()
11-21 23:14:07.209 W/DreamService[DozeService]( 3049): Updating doze without a window token.
11-21 23:14:07.215 V/DreamService[DozeService]( 3049): onBind() intent = Intent { act=android.service.dreams.DreamService flg=0x800000 cmp=com.oneplus.aod/com.oneplus.doze.DozeService }
11-21 23:14:07.215 I/chatty  (  901): uid=1000(system) Binder:901_C expire 4 lines
11-21 23:14:07.220 V/DreamService[DozeService]( 3049): Calling onDreamingStarted()
